Archive member included to satisfy reference by file (symbol)

/home/arduino/.local/share/arduino-app-cli/examples/led-matrix-painter/.cache/sketch/core/core.a(abi.cpp.o)
                              /home/arduino/.local/share/arduino-app-cli/examples/led-matrix-painter/.cache/sketch/sketch/sketch.ino.cpp.o (std::__throw_length_error(char const*))
/home/arduino/.local/share/arduino-app-cli/examples/led-matrix-painter/.cache/sketch/core/core.a(Print.cpp.o)
                              /home/arduino/.local/share/arduino-app-cli/examples/led-matrix-painter/.cache/sketch/sketch/sketch.ino.cpp.o (arduino::Print::print(char const*))
/home/arduino/.local/share/arduino-app-cli/examples/led-matrix-painter/.cache/sketch/core/core.a(Stream.cpp.o)
                              /home/arduino/.local/share/arduino-app-cli/examples/led-matrix-painter/.cache/sketch/sketch/sketch.ino.cpp.o (arduino::Stream::setTimeout(unsigned long))
/home/arduino/.local/share/arduino-app-cli/examples/led-matrix-painter/.cache/sketch/core/core.a(String.cpp.o)
                              /home/arduino/.local/share/arduino-app-cli/examples/led-matrix-painter/.cache/sketch/sketch/sketch.ino.cpp.o (arduino::String::String(arduino::String&&))
/home/arduino/.local/share/arduino-app-cli/examples/led-matrix-painter/.cache/sketch/core/core.a(itoa.cpp.o)
                              /home/arduino/.local/share/arduino-app-cli/examples/led-matrix-painter/.cache/sketch/core/core.a(String.cpp.o) (dtostrf)
/home/arduino/.local/share/arduino-app-cli/examples/led-matrix-painter/.cache/sketch/core/core.a(main.cpp.o)
                              (main)
/home/arduino/.local/share/arduino-app-cli/examples/led-matrix-painter/.cache/sketch/core/core.a(new.cpp.o)
                              /home/arduino/.local/share/arduino-app-cli/examples/led-matrix-painter/.cache/sketch/sketch/sketch.ino.cpp.o (operator new(unsigned int))
/home/arduino/.local/share/arduino-app-cli/examples/led-matrix-painter/.cache/sketch/core/core.a(threads.cpp.o)
                              /home/arduino/.local/share/arduino-app-cli/examples/led-matrix-painter/.cache/sketch/core/core.a(main.cpp.o) (start_static_threads())
/home/arduino/.local/share/arduino-app-cli/examples/led-matrix-painter/.cache/sketch/core/core.a(zephyrCommon.cpp.o)
                              /home/arduino/.local/share/arduino-app-cli/examples/led-matrix-painter/.cache/sketch/sketch/sketch.ino.cpp.o (delay)
/home/arduino/.local/share/arduino-app-cli/examples/led-matrix-painter/.cache/sketch/core/core.a(zephyrSerial.cpp.o)
                              /home/arduino/.local/share/arduino-app-cli/examples/led-matrix-painter/.cache/sketch/sketch/sketch.ino.cpp.o (arduino::ZephyrSerial::begin(unsigned long, unsigned short))
/home/arduino/.local/share/arduino-app-cli/examples/led-matrix-painter/.cache/sketch/core/core.a(Common.cpp.o)
                              /home/arduino/.local/share/arduino-app-cli/examples/led-matrix-painter/.cache/sketch/core/core.a(zephyrCommon.cpp.o) (map(long, long, long, long, long))

Discarded input sections

 .group         0x0000000000000000        0x8 /home/arduino/.local/share/arduino-app-cli/examples/led-matrix-painter/.cache/sketch/sketch/sketch.ino.cpp.o
 .group         0x0000000000000000        0x8 /home/arduino/.local/share/arduino-app-cli/examples/led-matrix-painter/.cache/sketch/sketch/sketch.ino.cpp.o
 .group         0x0000000000000000        0x8 /home/arduino/.local/share/arduino-app-cli/examples/led-matrix-painter/.cache/sketch/sketch/sketch.ino.cpp.o
 .group         0x0000000000000000        0x8 /home/arduino/.local/share/arduino-app-cli/examples/led-matrix-painter/.cache/sketch/sketch/sketch.ino.cpp.o
 .group         0x0000000000000000       0x10 /home/arduino/.local/share/arduino-app-cli/examples/led-matrix-painter/.cache/sketch/sketch/sketch.ino.cpp.o
 .group         0x0000000000000000        0x8 /home/arduino/.local/share/arduino-app-cli/examples/led-matrix-painter/.cache/sketch/sketch/sketch.ino.cpp.o
 .group         0x0000000000000000       0x24 /home/arduino/.local/share/arduino-app-cli/examples/led-matrix-painter/.cache/sketch/sketch/sketch.ino.cpp.o
 .group         0x0000000000000000        0xc /home/arduino/.local/share/arduino-app-cli/examples/led-matrix-painter/.cache/sketch/sketch/sketch.ino.cpp.o
 .group         0x0000000000000000        0xc /home/arduino/.local/share/arduino-app-cli/examples/led-matrix-painter/.cache/sketch/sketch/sketch.ino.cpp.o
 .group         0x0000000000000000        0xc /home/arduino/.local/share/arduino-app-cli/examples/led-matrix-painter/.cache/sketch/sketch/sketch.ino.cpp.o
 .group         0x0000000000000000        0xc /home/arduino/.local/share/arduino-app-cli/examples/led-matrix-painter/.cache/sketch/sketch/sketch.ino.cpp.o
 .group         0x0000000000000000        0xc /home/arduino/.local/share/arduino-app-cli/examples/led-matrix-painter/.cache/sketch/sketch/sketch.ino.cpp.o
[...]
Memory Configuration

Name             Origin             Length             Attributes
*default*        0x0000000000000000 0xffffffffffffffff

Linker script and memory map

LOAD /home/arduino/.arduino15/packages/zephyr/tools/arm-zephyr-eabi/0.16.8/bin/../lib/gcc/../../picolibc/arm-zephyr-eabi/lib/thumb/v8-m.main+fp/hard/libstdc++.a
LOAD /home/arduino/.arduino15/packages/zephyr/tools/arm-zephyr-eabi/0.16.8/bin/../lib/gcc/../../picolibc/arm-zephyr-eabi/lib/thumb/v8-m.main+fp/hard/libsupc++.a
LOAD /home/arduino/.arduino15/packages/zephyr/tools/arm-zephyr-eabi/0.16.8/bin/../lib/gcc/arm-zephyr-eabi/12.2.0/../../../../arm-zephyr-eabi/lib/thumb/v8-m.main+fp/hard/libnosys.a
LOAD /home/arduino/.local/share/arduino-app-cli/examples/led-matrix-painter/.cache/sketch/sketch/sketch.ino.cpp.o
LOAD /home/arduino/.local/share/arduino-app-cli/examples/led-matrix-painter/.cache/sketch/core/analogReference.cpp.o
START GROUP
LOAD /home/arduino/.local/share/arduino-app-cli/examples/led-matrix-painter/.cache/sketch/core/core.a
LOAD /home/arduino/.arduino15/packages/zephyr/tools/arm-zephyr-eabi/0.16.8/bin/../lib/gcc/../../picolibc/arm-zephyr-eabi/lib/thumb/v8-m.main+fp/hard/libstdc++.a
LOAD /home/arduino/.arduino15/packages/zephyr/tools/arm-zephyr-eabi/0.16.8/bin/../lib/gcc/../../picolibc/arm-zephyr-eabi/lib/thumb/v8-m.main+fp/hard/libsupc++.a
END GROUP

/DISCARD/
 *(.ARM.attributes)
 *(.ARM.attributes.*)
 *(.ARM.exidx)
 *(.ARM.exidx.*)
 *(.ARM.extidx)
 *(.ARM.extidx.*)
 *(.ARM.extab)
 *(.ARM.extab.*)
 *(.comment)
 *(.comment.*)
 *(.llvmbc)
 *(.llvmcmd)
 *(.eh_frame)
 *stdexcept.o()
 *eh_*.o()
 *cow-stdexcept.o()
 *functexcept.o()
 *cow-string-inst.o()

.text           0x0000000000000000     0x4a30
 *(.text)
 *(.stub)
 *(.text*)
 .text._ZN7arduino5Print17availableForWriteEv
                0x0000000000000000        0x4 /home/arduino/.local/share/arduino-app-cli/examples/led-matrix-painter/.cache/sketch/sketch/sketch.ino.cpp.o
                0x0000000000000000                arduino::Print::availableForWrite()
 .text._ZN7arduino5Print5flushEv
                0x0000000000000004        0x2 /home/arduino/.local/share/arduino-app-cli/examples/led-matrix-painter/.cache/sketch/sketch/sketch.ino.cpp.o
                0x0000000000000004                arduino::Print::flush()
 .text._ZN15SerialTransport9availableEv
                0x0000000000000006       0x12 /home/arduino/.local/share/arduino-app-cli/examples/led-matrix-painter/.cache/sketch/sketch/sketch.ino.cpp.o
                0x0000000000000006                SerialTransport::available()
 .text._ZN15SerialTransport5writeEPKhj
                0x0000000000000018       0x10 /home/arduino/.local/share/arduino-app-cli/examples/led-matrix-painter/.cache/sketch/sketch/sketch.ino.cpp.o
                0x0000000000000018                SerialTransport::write(unsigned char const*, unsigned int)
 .text._ZN15SerialTransportD2Ev
                0x0000000000000028        0x2 /home/arduino/.local/share/arduino-app-cli/examples/led-matrix-painter/.cache/sketch/sketch/sketch.ino.cpp.o
                0x0000000000000028                SerialTransport::~SerialTransport()
                0x0000000000000028                SerialTransport::~SerialTransport()
 .text._ZN13BridgeMonitorILj512EE5writeEh
                0x000000000000002a       0x18 /home/arduino/.local/share/arduino-app-cli/examples/led-matrix-painter/.cache/sketch/sketch/sketch.ino.cpp.o
                0x000000000000002a                BridgeMonitor<512u>::write(unsigned char)
 *fill*         0x0000000000000042        0x2 
 .text.k_yield  0x0000000000000044        0x8 /home/arduino/.local/share/arduino-app-cli/examples/led-matrix-painter/.cache/sketch/sketch/sketch.ino.cpp.o
 .text.__tcf_1  0x000000000000004c       0x10 /home/arduino/.local/share/arduino-app-cli/examples/led-matrix-painter/.cache/sketch/sketch/sketch.ino.cpp.o
 .text._ZN15SerialTransportD0Ev
                0x000000000000005c       0x14 /home/arduino/.local/share/arduino-app-cli/examples/led-matrix-painter/.cache/sketch/sketch/sketch.ino.cpp.o
                0x000000000000005c                SerialTransport::~SerialTransport()
 .text._ZN15SerialTransport4readEPhj
                0x0000000000000070       0x28 /home/arduino/.local/share/arduino-app-cli/examples/led-matrix-painter/.cache/sketch/sketch/sketch.ino.cpp.o
                0x0000000000000070                SerialTransport::read(unsigned char*, unsigned int)
 .text._ZN15SerialTransport9read_byteERh
                0x0000000000000098       0x20 /home/arduino/.local/share/arduino-app-cli/examples/led-matrix-painter/.cache/sketch/sketch/sketch.ino.cpp.o
                0x0000000000000098                SerialTransport::read_byte(unsigned char&)
 .text.k_mutex_lock
                0x00000000000000b8        0x8 /home/arduino/.local/share/arduino-app-cli/examples/led-matrix-painter/.cache/sketch/sketch/sketch.ino.cpp.o
 .text._Z4drawSt6vectorIhSaIhEE
                0x00000000000000c0       0x54 /home/arduino/.local/share/arduino-app-cli/examples/led-matrix-painter/.cache/sketch/sketch/sketch.ino.cpp.o
                0x00000000000000c0                draw(std::vector<unsigned char, std::allocator<unsigned char> >)
 .text._ZNSt17_Function_handlerIFvSt6vectorIhSaIhEEEPS3_E10_M_managerERSt9_Any_dataRKS6_St18_Manager_operation
                0x0000000000000114       0x30 /home/arduino/.local/share/arduino-app-cli/examples/led-matrix-painter/.cache/sketch/sketch/sketch.ino.cpp.o
                0x0000000000000114                std::_Function_handler<void (std::vector<unsigned char, std::allocator<unsigned char> >), void (*)(std::vector<unsigned char, std::allocator<unsigned char> >)>::_M_manager(std::_Any_data&, std::_Any_data const&, std::_Manager_operation)
 .text._ZSt14__relocate_a_1IhhENSt9enable_ifIXsrSt24__is_bitwise_relocatableIT_vE5valueEPS2_E4typeES4_S4_S4_RSaIT0_E.isra.0
                0x0000000000000144       0x20 /home/arduino/.local/share/arduino-app-cli/examples/led-matrix-painter/.cache/sketch/sketch/sketch.ino.cpp.o
 .text._ZNSt12_Vector_baseIhSaIhEE11_M_allocateEj.isra.0
                0x0000000000000164       0x20 /home/arduino/.local/share/arduino-app-cli/examples/led-matrix-painter/.cache/sketch/sketch/sketch.ino.cpp.o
 .text.k_mutex_unlock.isra.0
                0x0000000000000184        0x8 /home/arduino/.local/share/arduino-app-cli/examples/led-matrix-painter/.cache/sketch/sketch/sketch.ino.cpp.o
 .text._ZN13BridgeMonitorILj512EE4readEv
                0x000000000000018c       0x64 /home/arduino/.local/share/arduino-app-cli/examples/led-matrix-painter/.cache/sketch/sketch/sketch.ino.cpp.o
                0x000000000000018c                BridgeMonitor<512u>::read()
 .text._ZN13BridgeMonitorILj512EE4peekEv
                0x00000000000001f0       0x44 /home/arduino/.local/share/arduino-app-cli/examples/led-matrix-painter/.cache/sketch/sketch/sketch.ino.cpp.o
                0x00000000000001f0                BridgeMonitor<512u>::peek()
 .text.k_msleep.constprop.0.isra.0
                0x0000000000000234        0xc /home/arduino/.local/share/arduino-app-cli/examples/led-matrix-painter/.cache/sketch/sketch/sketch.ino.cpp.o
 .text._ZNSt14_Function_baseD2Ev
                0x0000000000000240       0x12 /home/arduino/.local/share/arduino-app-cli/examples/led-matrix-painter/.cache/sketch/sketch/sketch.ino.cpp.o
                0x0000000000000240                std::_Function_base::~_Function_base()
                0x0000000000000240                std::_Function_base::~_Function_base()
 *fill*         0x0000000000000252        0x2 
 .text._ZN18RpcFunctionWrapperISt8functionIFvSt6vectorIhSaIhEEEEED2Ev
                0x0000000000000254       0x1c /home/arduino/.local/share/arduino-app-cli/examples/led-matrix-painter/.cache/sketch/sketch/sketch.ino.cpp.o
                0x0000000000000254                RpcFunctionWrapper<std::function<void (std::vector<unsigned char, std::allocator<unsigned char> >)> >::~RpcFunctionWrapper()
                0x0000000000000254                RpcFunctionWrapper<std::function<void (std::vector<unsigned char, std::allocator<unsigned char> >)> >::~RpcFunctionWrapper()
 .text._ZN18RpcFunctionWrapperISt8functionIFvSt6vectorIhSaIhEEEEED0Ev
                0x0000000000000270       0x1c /home/arduino/.local/share/arduino-app-cli/examples/led-matrix-painter/.cache/sketch/sketch/sketch.ino.cpp.o
                0x0000000000000270                RpcFunctionWrapper<std::function<void (std::vector<unsigned char, std::allocator<unsigned char> >)> >::~RpcFunctionWrapper()
 .text._ZN7arduino7msgpack8Unpacker11deserializeEv
                0x000000000000028c       0x16 /home/arduino/.local/share/arduino-app-cli/examples/led-matrix-painter/.cache/sketch/sketch/sketch.ino.cpp.o
                0x000000000000028c                arduino::msgpack::Unpacker::deserialize()
 .text._ZN7arduino7msgpack8Unpacker5clearEv
                0x00000000000002a2       0x14 /home/arduino/.local/share/arduino-app-cli/examples/led-matrix-painter/.cache/sketch/sketch/sketch.ino.cpp.o
                0x00000000000002a2                arduino::msgpack::Unpacker::clear()
 .text._ZNK7arduino7msgpack8Unpacker13getRawBytePtrEjj
                0x00000000000002b6       0x1e /home/arduino/.local/share/arduino-app-cli/examples/led-matrix-painter/.cache/sketch/sketch/sketch.ino.cpp.o
                0x00000000000002b6                arduino::msgpack::Unpacker::getRawBytePtr(unsigned int, unsigned int) const
 .text._ZN8RpcErrorC2Ev
                0x00000000000002d4       0x2c /home/arduino/.local/share/arduino-app-cli/examples/led-matrix-painter/.cache/sketch/sketch/sketch.ino.cpp.o
                0x00000000000002d4                RpcError::RpcError()
                0x00000000000002d4                RpcError::RpcError()
 .text._ZN7arduino7msgpack8UnpackerC2Ev
                0x0000000000000300       0x10 /home/arduino/.local/share/arduino-app-cli/examples/led-matrix-painter/.cache/sketch/sketch/sketch.ino.cpp.o
                0x0000000000000300                arduino::msgpack::Unpacker::Unpacker()
                0x0000000000000300                arduino::msgpack::Unpacker::Unpacker()
 .text._ZN10RPCRequestILj256EEC2Ev
                0x0000000000000310       0x4c /home/arduino/.local/share/arduino-app-cli/examples/led-matrix-painter/.cache/sketch/sketch/sketch.ino.cpp.o
                0x0000000000000310                RPCRequest<256u>::RPCRequest()
                0x0000000000000310                RPCRequest<256u>::RPCRequest()
 .text._ZN18Arduino_LED_Matrix4nextEv
                0x000000000000035c       0x68 /home/arduino/.local/share/arduino-app-cli/examples/led-matrix-painter/.cache/sketch/sketch/sketch.ino.cpp.o
                0x000000000000035c                Arduino_LED_Matrix::next()
 .text._Z14play_animationSt6vectorIhSaIhEE
                0x00000000000003c4      0x108 /home/arduino/.local/share/arduino-app-cli/examples/led-matrix-painter/.cache/sketch/sketch/sketch.ino.cpp.o
                0x00000000000003c4                play_animation(std::vector<unsigned char, std::allocator<unsigned char> >)
 .text.loop     0x00000000000004cc        0xc /home/arduino/.local/share/arduino-app-cli/examples/led-matrix-painter/.cache/sketch/sketch/sketch.ino.cpp.o
                0x00000000000004cc                loop
 .text._ZNSt12_Vector_baseIhSaIhEED2Ev
                0x00000000000004d8       0x18 /home/arduino/.local/share/arduino-app-cli/examples/led-matrix-painter/.cache/sketch/sketch/sketch.ino.cpp.o
                0x00000000000004d8                std::_Vector_base<unsigned char, std::allocator<unsigned char> >::~_Vector_base()
                0x00000000000004d8                std::_Vector_base<unsigned char, std::allocator<unsigned char> >::~_Vector_base()
 .text.__tcf_3  0x00000000000004f0       0x14 /home/arduino/.local/share/arduino-app-cli/examples/led-matrix-painter/.cache/sketch/sketch/sketch.ino.cpp.o
 .text.__tcf_2  0x0000000000000504       0x14 /home/arduino/.local/share/arduino-app-cli/examples/led-matrix-painter/.cache/sketch/sketch/sketch.ino.cpp.o
 .text._ZNSt17_Function_handlerIFvSt6vectorIhSaIhEEEPS3_E9_M_invokeERKSt9_Any_dataOS2_
                0x0000000000000518       0x2c /home/arduino/.local/share/arduino-app-cli/examples/led-matrix-painter/.cache/sketch/sketch/sketch.ino.cpp.o
                0x0000000000000518                std::_Function_handler<void (std::vector<unsigned char, std::allocator<unsigned char> >), void (*)(std::vector<unsigned char, std::allocator<unsigned char> >)>::_M_invoke(std::_Any_data const&, std::vector<unsigned char, std::allocator<unsigned char> >&&)
 .text._ZNSt6vectorIhSaIhEE14_M_move_assignEOS1_St17integral_constantIbLb1EE.isra.0
                0x0000000000000544       0x34 /home/arduino/.local/share/arduino-app-cli/examples/led-matrix-painter/.cache/sketch/sketch/sketch.ino.cpp.o
 .text._ZNK7arduino7msgpack8Unpacker11getRawBytesIhEET_jj
                0x0000000000000578       0x1e /home/arduino/.local/share/arduino-app-cli/examples/led-matrix-painter/.cache/sketch/sketch/sketch.ino.cpp.o
                0x0000000000000578                unsigned char arduino::msgpack::Unpacker::getRawBytes<unsigned char>(unsigned int, unsigned int) const
 *fill*         0x0000000000000596        0x2 
 .text._ZNK7arduino7msgpack8Unpacker7getTypeEj
                0x0000000000000598       0x58 /home/arduino/.local/share/arduino-app-cli/examples/led-matrix-painter/.cache/sketch/sketch/sketch.ino.cpp.o
                0x0000000000000598                arduino::msgpack::Unpacker::getType(unsigned int) const
 .text._ZNK7arduino7msgpack8Unpacker7getTypeEv
                0x00000000000005f0       0x10 /home/arduino/.local/share/arduino-app-cli/examples/led-matrix-painter/.cache/sketch/sketch/sketch.ino.cpp.o
                0x00000000000005f0                arduino::msgpack::Unpacker::getType() const
 .text._ZN7arduino7msgpack8Unpacker11unpackInt32Ev
                0x0000000000000600       0x58 /home/arduino/.local/share/arduino-app-cli/examples/led-matrix-painter/.cache/sketch/sketch/sketch.ino.cpp.o
                0x0000000000000600                arduino::msgpack::Unpacker::unpackInt32()
 .text._ZN7arduino7msgpack8Unpacker11unpackInt64Ev
                0x0000000000000658       0x60 /home/arduino/.local/share/arduino-app-cli/examples/led-matrix-painter/.cache/sketch/sketch/sketch.ino.cpp.o
                0x0000000000000658                arduino::msgpack::Unpacker::unpackInt64()
 .text._ZN7arduino7msgpack8Unpacker9unpackNilEv
                0x00000000000006b8       0x3c /home/arduino/.local/share/arduino-app-cli/examples/led-matrix-painter/.cache/sketch/sketch/sketch.ino.cpp.o
                0x00000000000006b8                arduino::msgpack::Unpacker::unpackNil()
 .text._ZNK7arduino7msgpack8Unpacker7isArrayEv
                0x00000000000006f4       0x20 /home/arduino/.local/share/arduino-app-cli/examples/led-matrix-painter/.cache/sketch/sketch/sketch.ino.cpp.o
                0x00000000000006f4                arduino::msgpack::Unpacker::isArray() const
 .text._ZNK7arduino7msgpack8Unpacker5isBinEv
                0x0000000000000714       0x18 /home/arduino/.local/share/arduino-app-cli/examples/led-matrix-painter/.cache/sketch/sketch/sketch.ino.cpp.o
                0x0000000000000714                arduino::msgpack::Unpacker::isBin() const
 .text._ZNK7arduino7msgpack8Unpacker5isMapEv
                0x000000000000072c       0x20 /home/arduino/.local/share/arduino-app-cli/examples/led-matrix-painter/.cache/sketch/sketch/sketch.ino.cpp.o
                0x000000000000072c                arduino::msgpack::Unpacker::isMap() const
 .text._ZNK7arduino7msgpack8Unpacker6isUIntEv
                0x000000000000074c       0x20 /home/arduino/.local/share/arduino-app-cli/examples/led-matrix-painter/.cache/sketch/sketch/sketch.ino.cpp.o
                0x000000000000074c                arduino::msgpack::Unpacker::isUInt() const
 .text._ZNK7arduino7msgpack8Unpacker5isIntEv
                0x000000000000076c       0x20 /home/arduino/.local/share/arduino-app-cli/examples/led-matrix-painter/.cache/sketch/sketch/sketch.ino.cpp.o
                0x000000000000076c                arduino::msgpack::Unpacker::isInt() const
 .text._ZN7arduino7msgpack8Unpacker13unpackFloat32Ev
                0x000000000000078c       0x60 /home/arduino/.local/share/arduino-app-cli/examples/led-matrix-painter/.cache/sketch/sketch/sketch.ino.cpp.o
                0x000000000000078c                arduino::msgpack::Unpacker::unpackFloat32()
 .text._ZN7arduino7msgpack8Unpacker11unpackInt16Ev
                0x00000000000007ec       0x4c /home/arduino/.local/share/arduino-app-cli/examples/led-matrix-painter/.cache/sketch/sketch/sketch.ino.cpp.o
                0x00000000000007ec                arduino::msgpack::Unpacker::unpackInt16()
 .text._ZN7arduino7msgpack8Unpacker13unpackFloat64Ev
                0x0000000000000838       0x6c /home/arduino/.local/share/arduino-app-cli/examples/led-matrix-painter/.cache/sketch/sketch/sketch.ino.cpp.o
                0x0000000000000838                arduino::msgpack::Unpacker::unpackFloat64()
 .text._ZN7arduino7msgpack8Unpacker10unpackInt5Ev
                0x00000000000008a4       0x4c /home/arduino/.local/share/arduino-app-cli/examples/led-matrix-painter/.cache/sketch/sketch/sketch.ino.cpp.o
                0x00000000000008a4                arduino::msgpack::Unpacker::unpackInt5()
 .text._ZN7arduino7msgpack8Unpacker11unpackUInt7Ev
                0x00000000000008f0       0x48 /home/arduino/.local/share/arduino-app-cli/examples/led-matrix-painter/.cache/sketch/sketch/sketch.ino.cpp.o
                0x00000000000008f0                arduino::msgpack::Unpacker::unpackUInt7()
 .text._ZN7arduino7msgpack8Unpacker11unpackUInt8Ev
                0x0000000000000938       0x48 /home/arduino/.local/share/arduino-app-cli/examples/led-matrix-painter/.cache/sketch/sketch/sketch.ino.cpp.o
                0x0000000000000938                arduino::msgpack::Unpacker::unpackUInt8()
 .text._ZNK7arduino7msgpack8Unpacker11getRawBytesItEET_jj
                0x0000000000000980       0x26 /home/arduino/.local/share/arduino-app-cli/examples/led-matrix-painter/.cache/sketch/sketch/sketch.ino.cpp.o
                0x0000000000000980                unsigned short arduino::msgpack::Unpacker::getRawBytes<unsigned short>(unsigned int, unsigned int) const
 *fill*         0x00000000000009a6        0x2 
 .text._ZN7arduino7msgpack8Unpacker12unpackUInt16Ev
                0x00000000000009a8       0x48 /home/arduino/.local/share/arduino-app-cli/examples/led-matrix-painter/.cache/sketch/sketch/sketch.ino.cpp.o
                0x00000000000009a8                arduino::msgpack::Unpacker::unpackUInt16()
 .text._ZNK7arduino7msgpack8Unpacker11getRawBytesIjEET_jj
                0x00000000000009f0       0x34 /home/arduino/.local/share/arduino-app-cli/examples/led-matrix-painter/.cache/sketch/sketch/sketch.ino.cpp.o
                0x00000000000009f0                unsigned int arduino::msgpack::Unpacker::getRawBytes<unsigned int>(unsigned int, unsigned int) const
 .text._ZNK7arduino7msgpack8Unpacker14getElementSizeEj
                0x0000000000000a24      0x11c /home/arduino/.local/share/arduino-app-cli/examples/led-matrix-painter/.cache/sketch/sketch/sketch.ino.cpp.o
                0x0000000000000a24                arduino::msgpack::Unpacker::getElementSize(unsigned int) const
 .text._ZN7arduino7msgpack8Unpacker15unpackArraySizeEv
                0x0000000000000b40       0x78 /home/arduino/.local/share/arduino-app-cli/examples/led-matrix-painter/.cache/sketch/sketch/sketch.ino.cpp.o
                0x0000000000000b40                arduino::msgpack::Unpacker::unpackArraySize()
 .text._ZN7arduino7msgpack8Unpacker11deserializeINS0_4type9ArraySizeEJEEEbRT_DpOT0_.isra.0
                0x0000000000000bb8       0x40 /home/arduino/.local/share/arduino-app-cli/examples/led-matrix-painter/.cache/sketch/sketch/sketch.ino.cpp.o
 .text._ZN7arduino7msgpack8Unpacker12unpackUInt32Ev
                0x0000000000000bf8       0x48 /home/arduino/.local/share/arduino-app-cli/examples/led-matrix-painter/.cache/sketch/sketch/sketch.ino.cpp.o
                0x0000000000000bf8                arduino::msgpack::Unpacker::unpackUInt32()
 .text._ZN7arduino7msgpack8Unpacker13unpackMapSizeEv
                0x0000000000000c40       0x78 /home/arduino/.local/share/arduino-app-cli/examples/led-matrix-painter/.cache/sketch/sketch/sketch.ino.cpp.o
                0x0000000000000c40                arduino::msgpack::Unpacker::unpackMapSize()
 .text._ZNK7arduino7msgpack8Unpacker11getRawBytesIyEET_jj
                0x0000000000000cb8       0x3a /home/arduino/.local/share/arduino-app-cli/examples/led-matrix-painter/.cache/sketch/sketch/sketch.ino.cpp.o
                0x0000000000000cb8                unsigned long long arduino::msgpack::Unpacker::getRawBytes<unsigned long long>(unsigned int, unsigned int) const
 *fill*         0x0000000000000cf2        0x2 
 .text._ZN7arduino7msgpack8Unpacker12unpackUInt64Ev
                0x0000000000000cf4       0x4c /home/arduino/.local/share/arduino-app-cli/examples/led-matrix-painter/.cache/sketch/sketch/sketch.ino.cpp.o
                0x0000000000000cf4                arduino::msgpack::Unpacker::unpackUInt64()
 .text._ZNK7arduino7msgpack8Unpacker11getRawBytesIaEET_jj
                0x0000000000000d40       0x1e /home/arduino/.local/share/arduino-app-cli/examples/led-matrix-painter/.cache/sketch/sketch/sketch.ino.cpp.o
                0x0000000000000d40                signed char arduino::msgpack::Unpacker::getRawBytes<signed char>(unsigned int, unsigned int) const
 *fill*         0x0000000000000d5e        0x2 
 .text._ZN7arduino7msgpack8Unpacker10unpackInt8Ev
                0x0000000000000d60       0x48 /home/arduino/.local/share/arduino-app-cli/examples/led-matrix-painter/.cache/sketch/sketch/sketch.ino.cpp.o
                0x0000000000000d60                arduino::msgpack::Unpacker::unpackInt8()
 .text._ZNK7arduino7msgpack8Unpacker13isTimestamp32Ev
                0x0000000000000da8       0x2c /home/arduino/.local/share/arduino-app-cli/examples/led-matrix-painter/.cache/sketch/sketch/sketch.ino.cpp.o
                0x0000000000000da8                arduino::msgpack::Unpacker::isTimestamp32() const
 .text._ZNK7arduino7msgpack8Unpacker13isTimestamp64Ev
                0x0000000000000dd4       0x2c /home/arduino/.local/share/arduino-app-cli/examples/led-matrix-painter/.cache/sketch/sketch/sketch.ino.cpp.o
                0x0000000000000dd4                arduino::msgpack::Unpacker::isTimestamp64() const
 .text._ZNK7arduino7msgpack8Unpacker13isTimestamp96Ev
                0x0000000000000e00       0x40 /home/arduino/.local/share/arduino-app-cli/examples/led-matrix-painter/.cache/sketch/sketch/sketch.ino.cpp.o
                0x0000000000000e00                arduino::msgpack::Unpacker::isTimestamp96() const
 .text._ZNK7arduino7msgpack8Unpacker11getRawBytesIcEET_jj
                0x0000000000000e40       0x1e /home/arduino/.local/share/arduino-app-cli/examples/led-matrix-painter/.cache/sketch/sketch/sketch.ino.cpp.o
                0x0000000000000e40                char arduino::msgpack::Unpacker::getRawBytes<char>(unsigned int, unsigned int) const
 *fill*         0x0000000000000e5e        0x2 
 .text._ZN7arduino7msgpack8Unpacker11deserializeINS0_6object5nil_tEJEEEbRT_DpOT0_
                0x0000000000000e60       0x40 /home/arduino/.local/share/arduino-app-cli/examples/led-matrix-painter/.cache/sketch/sketch/sketch.ino.cpp.o
                0x0000000000000e60                bool arduino::msgpack::Unpacker::deserialize<arduino::msgpack::object::nil_t>(arduino::msgpack::object::nil_t&)
 .text._ZN7arduino7msgpack8Unpacker11deserializeIbJEEEbRT_DpOT0_
                0x0000000000000ea0       0x68 /home/arduino/.local/share/arduino-app-cli/examples/led-matrix-painter/.cache/sketch/sketch/sketch.ino.cpp.o
                0x0000000000000ea0                bool arduino::msgpack::Unpacker::deserialize<bool>(bool&)
 .text._ZN7arduino7msgpack8Unpacker11deserializeINS_6StringEJEEEbRT_DpOT0_
                0x0000000000000f08      0x174 /home/arduino/.local/share/arduino-app-cli/examples/led-matrix-painter/.cache/sketch/sketch/sketch.ino.cpp.o
                0x0000000000000f08                bool arduino::msgpack::Unpacker::deserialize<arduino::String>(arduino::String&)
 .text._ZN7arduino7msgpack8Unpacker11deserializeINS0_6object8timespecEJEEEbRT_DpOT0_
                0x000000000000107c       0xc4 /home/arduino/.local/share/arduino-app-cli/examples/led-matrix-painter/.cache/sketch/sketch/sketch.ino.cpp.o
                0x000000000000107c                bool arduino::msgpack::Unpacker::deserialize<arduino::msgpack::object::timespec>(arduino::msgpack::object::timespec&)
 .text._ZN17RpcDecoderManagerILj3EE10getDecoderER10ITransport
                0x0000000000001140       0x74 /home/arduino/.local/share/arduino-app-cli/examples/led-matrix-painter/.cache/sketch/sketch/sketch.ino.cpp.o
                0x0000000000001140                RpcDecoderManager<3u>::getDecoder(ITransport&)
 .text._ZNSt12_Vector_baseIjSaIjEED2Ev
                0x00000000000011b4       0x18 /home/arduino/.local/share/arduino-app-cli/examples/led-matrix-painter/.cache/sketch/sketch/sketch.ino.cpp.o
                0x00000000000011b4                std::_Vector_base<unsigned int, std::allocator<unsigned int> >::~_Vector_base()
                0x00000000000011b4                std::_Vector_base<unsigned int, std::allocator<unsigned int> >::~_Vector_base()
 .text._ZN10RPCRequestILj256EED2Ev
                0x00000000000011cc       0x2c /home/arduino/.local/share/arduino-app-cli/examples/led-matrix-painter/.cache/sketch/sketch/sketch.ino.cpp.o
                0x00000000000011cc                RPCRequest<256u>::~RPCRequest()
                0x00000000000011cc                RPCRequest<256u>::~RPCRequest()
 .text._ZNSt6vectorIjSaIjEE17_M_realloc_insertIJRjEEEvN9__gnu_cxx17__normal_iteratorIPjS1_EEDpOT_
                0x00000000000011f8       0xdc /home/arduino/.local/share/arduino-app-cli/examples/led-matrix-painter/.cache/sketch/sketch/sketch.ino.cpp.o
                0x00000000000011f8                void std::vector<unsigned int, std::allocator<unsigned int> >::_M_realloc_insert<unsigned int&>(__gnu_cxx::__normal_iterator<unsigned int*, std::vector<unsigned int, std::allocator<unsigned int> > >, unsigned int&)
 .text._ZN7arduino7msgpack8Unpacker4feedEPKhj
                0x00000000000012d4       0x78 /home/arduino/.local/share/arduino-app-cli/examples/led-matrix-painter/.cache/sketch/sketch/sketch.ino.cpp.o
                0x00000000000012d4                arduino::msgpack::Unpacker::feed(unsigned char const*, unsigned int)
 .text._ZNKSt6vectorIhSaIhEE12_M_check_lenEjPKc
                0x000000000000134c       0x38 /home/arduino/.local/share/arduino-app-cli/examples/led-matrix-painter/.cache/sketch/sketch/sketch.ino.cpp.o
                0x000000000000134c                std::vector<unsigned char, std::allocator<unsigned char> >::_M_check_len(unsigned int, char const*) const
 .text._ZNSt6vectorIhSaIhEE12emplace_backIJRKhEEERhDpOT_.isra.0
                0x0000000000001384       0x90 /home/arduino/.local/share/arduino-app-cli/examples/led-matrix-painter/.cache/sketch/sketch/sketch.ino.cpp.o
 .text._ZNSt6vectorIhSaIhEE12emplace_backIJhEEERhDpOT_.isra.0
                0x0000000000001414       0x90 /home/arduino/.local/share/arduino-app-cli/examples/led-matrix-painter/.cache/sketch/sketch/sketch.ino.cpp.o
 .text._ZN7arduino7msgpack8Unpacker11deserializeISt6vectorIhSaIhEEJEEEbRT_DpOT0_
                0x00000000000014a4      0x13c /home/arduino/.local/share/arduino-app-cli/examples/led-matrix-painter/.cache/sketch/sketch/sketch.ino.cpp.o
                0x00000000000014a4                bool arduino::msgpack::Unpacker::deserialize<std::vector<unsigned char, std::allocator<unsigned char> >>(std::vector<unsigned char, std::allocator<unsigned char> >&)
 .text._ZN7arduino7msgpack6Packer11packRawByteERKNS0_4TypeE.isra.0
                0x00000000000015e0       0x18 /home/arduino/.local/share/arduino-app-cli/examples/led-matrix-painter/.cache/sketch/sketch/sketch.ino.cpp.o
 .text._ZN7arduino7msgpack6Packer7packNilEv
                0x00000000000015f8       0x18 /home/arduino/.local/share/arduino-app-cli/examples/led-matrix-painter/.cache/sketch/sketch/sketch.ino.cpp.o
                0x00000000000015f8                arduino::msgpack::Packer::packNil()
 .text._ZN7arduino7msgpack6Packer9packUInt8Eh
                0x0000000000001610       0x2c /home/arduino/.local/share/arduino-app-cli/examples/led-matrix-painter/.cache/sketch/sketch/sketch.ino.cpp.o
                0x0000000000001610                arduino::msgpack::Packer::packUInt8(unsigned char)
 .text._ZNSt6vectorIhSaIhEE12emplace_backIJRhEEES3_DpOT_.isra.0
                0x000000000000163c       0x90 /home/arduino/.local/share/arduino-app-cli/examples/led-matrix-painter/.cache/sketch/sketch/sketch.ino.cpp.o
 .text._ZN7arduino7msgpack6Packer15packRawReversedIjEEvRKT_
                0x00000000000016cc       0x1c /home/arduino/.local/share/arduino-app-cli/examples/led-matrix-painter/.cache/sketch/sketch/sketch.ino.cpp.o
                0x00000000000016cc                void arduino::msgpack::Packer::packRawReversed<unsigned int>(unsigned int const&)
 .text._ZN7arduino7msgpack6Packer10packUInt32Ej
                0x00000000000016e8       0x28 /home/arduino/.local/share/arduino-app-cli/examples/led-matrix-painter/.cache/sketch/sketch/sketch.ino.cpp.o
                0x00000000000016e8                arduino::msgpack::Packer::packUInt32(unsigned int)
 .text._ZN7arduino7msgpack6Packer15packRawReversedItEEvRKT_
                0x0000000000001710       0x1c /home/arduino/.local/share/arduino-app-cli/examples/led-matrix-painter/.cache/sketch/sketch/sketch.ino.cpp.o
                0x0000000000001710                void arduino::msgpack::Packer::packRawReversed<unsigned short>(unsigned short const&)
 .text._ZN7arduino7msgpack6Packer13packArraySizeEj
                0x000000000000172c       0x58 /home/arduino/.local/share/arduino-app-cli/examples/led-matrix-painter/.cache/sketch/sketch/sketch.ino.cpp.o
                0x000000000000172c                arduino::msgpack::Packer::packArraySize(unsigned int)
 .text._ZN7arduino7msgpack6Packer10packUInt16Et
                0x0000000000001784       0x2c /home/arduino/.local/share/arduino-app-cli/examples/led-matrix-painter/.cache/sketch/sketch/sketch.ino.cpp.o
                0x0000000000001784                arduino::msgpack::Packer::packUInt16(unsigned short)
 .text._ZN7arduino7msgpack6Packer11packIntegerIjEENSt9enable_ifIXaaaaaasrSt13is_arithmeticIT_E5valuesrSt11is_integralIS5_E5valuentsrSt7is_sameIS5_bE5valuentsrS9_INSt9remove_cvIS5_E4typeEPcE5valueEvE4typeERKS5_.isra.0
                0x00000000000017b0       0x50 /home/arduino/.local/share/arduino-app-cli/examples/led-matrix-painter/.cache/sketch/sketch/sketch.ino.cpp.o
 .text._ZN7arduino7msgpack6Packer11packIntegerIiEENSt9enable_ifIXaaaaaasrSt13is_arithmeticIT_E5valuesrSt11is_integralIS5_E5valuentsrSt7is_sameIS5_bE5valuentsrS9_INSt9remove_cvIS5_E4typeEPcE5valueEvE4typeERKS5_.isra.0
                0x0000000000001800       0xb8 /home/arduino/.local/share/arduino-app-cli/examples/led-matrix-painter/.cache/sketch/sketch/sketch.ino.cpp.o
 .text._ZN7arduino7msgpack6Packer12packRawBytesEPKcj
                0x00000000000018b8       0x9c /home/arduino/.local/share/arduino-app-cli/examples/led-matrix-painter/.cache/sketch/sketch/sketch.ino.cpp.o
                0x00000000000018b8                arduino::msgpack::Packer::packRawBytes(char const*, unsigned int)
 .text._ZN7arduino7msgpack6Packer4packERKNS_6StringE
                0x0000000000001954       0x7c /home/arduino/.local/share/arduino-app-cli/examples/led-matrix-painter/.cache/sketch/sketch/sketch.ino.cpp.o
                0x0000000000001954                arduino::msgpack::Packer::pack(arduino::String const&)
 .text._ZN7arduino7msgpack6Packer9serializeIJRKiRjRKNS_6StringEEEEvRKNS0_4type9ArraySizeEDpOT_.isra.0
                0x00000000000019d0       0x38 /home/arduino/.local/share/arduino-app-cli/examples/led-matrix-painter/.cache/sketch/sketch/sketch.ino.cpp.o
 .text._ZN7arduino7msgpack6Packer9serializeI8RpcErrorJRNS0_6object5nil_tEEEENSt9enable_ifIXoooontsrSt10is_pointerIT_E5valuesrSt7is_sameIS9_PKcE5valuesrSB_IS9_PKNS_19__FlashStringHelperEE5valueEvE4typeERKS9_DpOT0_.isra.0
                0x0000000000001a08       0x38 /home/arduino/.local/share/arduino-app-cli/examples/led-matrix-painter/.cache/sketch/sketch/sketch.ino.cpp.o
 .text._ZN7arduino7msgpack8Unpacker9unpackIntIiEENSt9enable_ifIXaaaaaaaasrSt13is_arithmeticIT_E5valuesrSt11is_integralIS5_E5valuentsrSt7is_sameIS5_bE5valuentsrS9_INSt9remove_cvIS5_E4typeEPcE5valuesrSt9is_signedIS5_E5valueES5_E4typeEv
                0x0000000000001a40       0xd0 /home/arduino/.local/share/arduino-app-cli/examples/led-matrix-painter/.cache/sketch/sketch/sketch.ino.cpp.o
                0x0000000000001a40                std::enable_if<(((std::is_arithmetic<int>::value&&std::is_integral<int>::value)&&(!std::is_same<int, bool>::value))&&(!std::is_same<std::remove_cv<int>::type, char*>::value))&&std::is_signed<int>::value, int>::type arduino::msgpack::Unpacker::unpackInt<int>()
 .text._ZN7arduino7msgpack8Unpacker11deserializeIiJEEEbRT_DpOT0_
                0x0000000000001b10       0x40 /home/arduino/.local/share/arduino-app-cli/examples/led-matrix-painter/.cache/sketch/sketch/sketch.ino.cpp.o
                0x0000000000001b10                bool arduino::msgpack::Unpacker::deserialize<int>(int&)
 .text._ZN7arduino7msgpack8Unpacker11unpackFloatIfEENSt9enable_ifIXaasrSt13is_arithmeticIT_E5valuesrSt17is_floating_pointIS5_E5valueES5_E4typeEv
                0x0000000000001b50      0x118 /home/arduino/.local/share/arduino-app-cli/examples/led-matrix-painter/.cache/sketch/sketch/sketch.ino.cpp.o
                0x0000000000001b50                std::enable_if<std::is_arithmetic<float>::value&&std::is_floating_point<float>::value, float>::type arduino::msgpack::Unpacker::unpackFloat<float>()
 .text._ZN7arduino7msgpack8Unpacker11unpackFloatIdEENSt9enable_ifIXaasrSt13is_arithmeticIT_E5valuesrSt17is_floating_pointIS5_E5valueES5_E4typeEv
                0x0000000000001c68      0x118 /home/arduino/.local/share/arduino-app-cli/examples/led-matrix-painter/.cache/sketch/sketch/sketch.ino.cpp.o
                0x0000000000001c68                std::enable_if<std::is_arithmetic<double>::value&&std::is_floating_point<double>::value, double>::type arduino::msgpack::Unpacker::unpackFloat<double>()
 .text._ZN7arduino7msgpack8Unpacker11deserializeINS0_4type9ArraySizeEJRiEEEbRT_DpOT0_
                0x0000000000001d80       0x44 /home/arduino/.local/share/arduino-app-cli/examples/led-matrix-painter/.cache/sketch/sketch/sketch.ino.cpp.o
                0x0000000000001d80                bool arduino::msgpack::Unpacker::deserialize<arduino::msgpack::type::ArraySize, int&>(arduino::msgpack::type::ArraySize&, int&)
 .text._ZNK10RpcDecoderILj1024EE4sendEPKhj
                0x0000000000001dc4       0x22 /home/arduino/.local/share/arduino-app-cli/examples/led-matrix-painter/.cache/sketch/sketch/sketch.ino.cpp.o
                0x0000000000001dc4                RpcDecoder<1024u>::send(unsigned char const*, unsigned int) const
 *fill*         0x0000000000001de6        0x2 
 .text._ZN9RPCClient8send_rpcIJRKN7arduino6StringEEEEbS4_RjDpOT_.isra.0
                0x0000000000001de8       0x84 /home/arduino/.local/share/arduino-app-cli/examples/led-matrix-painter/.cache/sketch/sketch/sketch.ino.cpp.o
 .text._ZN9RPCClient8send_rpcIJEEEbRKN7arduino6StringERjDpOT_.isra.0
                0x0000000000001e6c       0x74 /home/arduino/.local/share/arduino-app-cli/examples/led-matrix-painter/.cache/sketch/sketch/sketch.ino.cpp.o
 .text._ZN9RPCClient8send_rpcIJRKjEEEbRKN7arduino6StringERjDpOT_.isra.0
                0x0000000000001ee0       0x84 /home/arduino/.local/share/arduino-app-cli/examples/led-matrix-painter/.cache/sketch/sketch/sketch.ino.cpp.o
 .text._ZNK9RPCServer13send_responseILj256EEEbRK10RPCRequestIXT_EE.isra.0
                0x0000000000001f64       0x24 /home/arduino/.local/share/arduino-app-cli/examples/led-matrix-painter/.cache/sketch/sketch/sketch.ino.cpp.o
 .text._ZN10RpcDecoderILj1024EE7consumeEjj
                0x0000000000001f88       0x36 /home/arduino/.local/share/arduino-app-cli/examples/led-matrix-painter/.cache/sketch/sketch/sketch.ino.cpp.o
                0x0000000000001f88                RpcDecoder<1024u>::consume(unsigned int, unsigned int)
 *fill*         0x0000000000001fbe        0x2 
 .text._ZN10RpcDecoderILj1024EE7discardEv
                0x0000000000001fc0       0x2c /home/arduino/.local/share/arduino-app-cli/examples/led-matrix-painter/.cache/sketch/sketch/sketch.ino.cpp.o
                0x0000000000001fc0                RpcDecoder<1024u>::discard()
 .text._ZN7arduino7msgpack8Unpacker11deserializeI8RpcErrorJRNS0_6object5nil_tEEEEbRT_DpOT0_
                0x0000000000001fec       0x90 /home/arduino/.local/share/arduino-app-cli/examples/led-matrix-painter/.cache/sketch/sketch/sketch.ino.cpp.o
                0x0000000000001fec                bool arduino::msgpack::Unpacker::deserialize<RpcError, arduino::msgpack::object::nil_t&>(RpcError&, arduino::msgpack::object::nil_t&)
 .text._Z4wrapIRFvSt6vectorIhSaIhEEESt8functionIS3_EEP18RpcFunctionWrapperIT0_EOT_
                0x000000000000207c       0x6c /home/arduino/.local/share/arduino-app-cli/examples/led-matrix-painter/.cache/sketch/sketch/sketch.ino.cpp.o
                0x000000000000207c                RpcFunctionWrapper<std::function<void (std::vector<unsigned char, std::allocator<unsigned char> >)> >* wrap<void (&)(std::vector<unsigned char, std::allocator<unsigned char> >), std::function<void (std::vector<unsigned char, std::allocator<unsigned char> >)> >(void (&)(std::vector<unsigned char, std::allocator<unsigned char> >))
 .text._ZN7arduino7msgpack8Unpacker10unpackUIntIjEENSt9enable_ifIXaaaaaaaasrSt13is_arithmeticIT_E5valuesrSt11is_integralIS5_E5valuentsrSt7is_sameIS5_bE5valuentsrS9_INSt9remove_cvIS5_E4typeEPcE5valuentsrSt9is_signedIS5_E5valueES5_E4typeEv
                0x00000000000020e8       0x80 /home/arduino/.local/share/arduino-app-cli/examples/led-matrix-painter/.cache/sketch/sketch/sketch.ino.cpp.o
                0x00000000000020e8                std::enable_if<(((std::is_arithmetic<unsigned int>::value&&std::is_integral<unsigned int>::value)&&(!std::is_same<unsigned int, bool>::value))&&(!std::is_same<std::remove_cv<unsigned int>::type, char*>::value))&&(!std::is_signed<unsigned int>::value), unsigned int>::type arduino::msgpack::Unpacker::unpackUInt<unsigned int>()
 .text._ZN7arduino7msgpack8Unpacker11deserializeIjJRNS_6StringEEEEbRT_DpOT0_
                0x0000000000002168       0x44 /home/arduino/.local/share/arduino-app-cli/examples/led-matrix-painter/.cache/sketch/sketch/sketch.ino.cpp.o
                0x0000000000002168                bool arduino::msgpack::Unpacker::deserialize<unsigned int, arduino::String&>(unsigned int&, arduino::String&)
 .text._ZN10RpcDecoderILj1024EE16fetch_rpc_methodEv
                0x00000000000021ac       0xe8 /home/arduino/.local/share/arduino-app-cli/examples/led-matrix-painter/.cache/sketch/sketch/sketch.ino.cpp.o
                0x00000000000021ac                RpcDecoder<1024u>::fetch_rpc_method()
 .text._ZN10RPCRequestILj256EE22unpack_request_headersEv
                0x0000000000002294       0xb8 /home/arduino/.local/share/arduino-app-cli/examples/led-matrix-painter/.cache/sketch/sketch/sketch.ino.cpp.o
                0x0000000000002294                RPCRequest<256u>::unpack_request_headers()
 .text._ZN9RPCServer15process_requestILj256EEEvR10RPCRequestIXT_EE
                0x000000000000234c      0x114 /home/arduino/.local/share/arduino-app-cli/examples/led-matrix-painter/.cache/sketch/sketch/sketch.ino.cpp.o
                0x000000000000234c                void RPCServer::process_request<256u>(RPCRequest<256u>&)
 .text._ZN7arduino7msgpack8Unpacker11deserializeIjJEEEbRT_DpOT0_
                0x0000000000002460       0x40 /home/arduino/.local/share/arduino-app-cli/examples/led-matrix-painter/.cache/sketch/sketch/sketch.ino.cpp.o
                0x0000000000002460                bool arduino::msgpack::Unpacker::deserialize<unsigned int>(unsigned int&)
 .text._ZN7arduino7msgpack8Unpacker11deserializeINS0_4type9ArraySizeEJRiRjEEEbRT_DpOT0_
                0x00000000000024a0       0x78 /home/arduino/.local/share/arduino-app-cli/examples/led-matrix-painter/.cache/sketch/sketch/sketch.ino.cpp.o
                0x00000000000024a0                bool arduino::msgpack::Unpacker::deserialize<arduino::msgpack::type::ArraySize, int&, unsigned int&>(arduino::msgpack::type::ArraySize&, int&, unsigned int&)
 .text._ZN10RpcDecoderILj1024EE12get_responseIN7arduino7msgpack6object5nil_tEEEbjRT_R8RpcError
                0x0000000000002518      0x168 /home/arduino/.local/share/arduino-app-cli/examples/led-matrix-painter/.cache/sketch/sketch/sketch.ino.cpp.o
                0x0000000000002518                bool RpcDecoder<1024u>::get_response<arduino::msgpack::object::nil_t>(unsigned int, arduino::msgpack::object::nil_t&, RpcError&)
 .text._ZN10RpcDecoderILj1024EE12get_responseIbEEbjRT_R8RpcError
                0x0000000000002680      0x168 /home/arduino/.local/share/arduino-app-cli/examples/led-matrix-painter/.cache/sketch/sketch/sketch.ino.cpp.o
                0x0000000000002680                bool RpcDecoder<1024u>::get_response<bool>(unsigned int, bool&, RpcError&)
 .text._ZNSt11__copy_moveILb0ELb1ESt26random_access_iterator_tagE8__copy_mIhEEPT_PKS3_S6_S4_
                0x00000000000027e8       0x1c /home/arduino/.local/share/arduino-app-cli/examples/led-matrix-painter/.cache/sketch/sketch/sketch.ino.cpp.o
                0x00000000000027e8                unsigned char* std::__copy_move<false, true, std::random_access_iterator_tag>::__copy_m<unsigned char>(unsigned char const*, unsigned char const*, unsigned char*)
 .text._ZN18RpcFunctionWrapperISt8functionIFvSt6vectorIhSaIhEEEEEclERN7arduino7msgpack8UnpackerERNS8_6PackerE
                0x0000000000002804      0x16c /home/arduino/.local/share/arduino-app-cli/examples/led-matrix-painter/.cache/sketch/sketch/sketch.ino.cpp.o
                0x0000000000002804                RpcFunctionWrapper<std::function<void (std::vector<unsigned char, std::allocator<unsigned char> >)> >::operator()(arduino::msgpack::Unpacker&, arduino::msgpack::Packer&)
 .text._ZNSt11__copy_moveILb1ELb1ESt26random_access_iterator_tagE8__copy_mIhEEPT_PKS3_S6_S4_
                0x0000000000002970       0x1c /home/arduino/.local/share/arduino-app-cli/examples/led-matrix-painter/.cache/sketch/sketch/sketch.ino.cpp.o
                0x0000000000002970                unsigned char* std::__copy_move<true, true, std::random_access_iterator_tag>::__copy_m<unsigned char>(unsigned char const*, unsigned char const*, unsigned char*)
 .text._ZN7arduino7msgpack6object3extC2EaPKhj
                0x000000000000298c      0x104 /home/arduino/.local/share/arduino-app-cli/examples/led-matrix-painter/.cache/sketch/sketch/sketch.ino.cpp.o
                0x000000000000298c                arduino::msgpack::object::ext::ext(signed char, unsigned char const*, unsigned int)
                0x000000000000298c                arduino::msgpack::object::ext::ext(signed char, unsigned char const*, unsigned int)
 .text._ZN7arduino7msgpack8Unpacker9unpackExtEv
                0x0000000000002a90      0x178 /home/arduino/.local/share/arduino-app-cli/examples/led-matrix-painter/.cache/sketch/sketch/sketch.ino.cpp.o
                0x0000000000002a90                arduino::msgpack::Unpacker::unpackExt()
 .text._ZN8RpcUtils6detail12unpackObjectERN7arduino7msgpack8UnpackerE
                0x0000000000002c08      0x298 /home/arduino/.local/share/arduino-app-cli/examples/led-matrix-painter/.cache/sketch/sketch/sketch.ino.cpp.o
                0x0000000000002c08                RpcUtils::detail::unpackObject(arduino::msgpack::Unpacker&)
 .text._ZN10RpcDecoderILj1024EE12parse_packetEv
                0x0000000000002ea0       0xf8 /home/arduino/.local/share/arduino-app-cli/examples/led-matrix-painter/.cache/sketch/sketch/sketch.ino.cpp.o
                0x0000000000002ea0                RpcDecoder<1024u>::parse_packet()
 .text._ZN10RpcDecoderILj1024EE6decodeEv
                0x0000000000002f98       0x40 /home/arduino/.local/share/arduino-app-cli/examples/led-matrix-painter/.cache/sketch/sketch/sketch.ino.cpp.o
                0x0000000000002f98                RpcDecoder<1024u>::decode()
 .text._ZN9RPCServer7get_rpcILj256EEEbR10RPCRequestIXT_EEN7arduino6StringE
                0x0000000000002fd8       0xc4 /home/arduino/.local/share/arduino-app-cli/examples/led-matrix-painter/.cache/sketch/sketch/sketch.ino.cpp.o
                0x0000000000002fd8                bool RPCServer::get_rpc<256u>(RPCRequest<256u>&, arduino::String)
 .text._ZN11BridgeClass11update_safeEv
                0x000000000000309c       0xb0 /home/arduino/.local/share/arduino-app-cli/examples/led-matrix-painter/.cache/sketch/sketch/sketch.ino.cpp.o
                0x000000000000309c                BridgeClass::update_safe()
 .text._Z10__loopHookv
                0x000000000000314c       0x20 /home/arduino/.local/share/arduino-app-cli/examples/led-matrix-painter/.cache/sketch/sketch/sketch.ino.cpp.o
                0x000000000000314c                __loopHook()
 .text._ZN11BridgeClass6updateEv
                0x000000000000316c       0xb0 /home/arduino/.local/share/arduino-app-cli/examples/led-matrix-painter/.cache/sketch/sketch/sketch.ino.cpp.o
                0x000000000000316c                BridgeClass::update()
 .text._Z16updateEntryPointPvS_S_
                0x000000000000321c       0x24 /home/arduino/.local/share/arduino-app-cli/examples/led-matrix-painter/.cache/sketch/sketch/sketch.ino.cpp.o
                0x000000000000321c                updateEntryPoint(void*, void*, void*)
 .text._ZN9RPCClient12get_responseIN7arduino7msgpack6object5nil_tEEEbjRT_R8RpcError
                0x0000000000003240       0x40 /home/arduino/.local/share/arduino-app-cli/examples/led-matrix-painter/.cache/sketch/sketch/sketch.ino.cpp.o
                0x0000000000003240                bool RPCClient::get_response<arduino::msgpack::object::nil_t>(unsigned int, arduino::msgpack::object::nil_t&, RpcError&)
 .text._ZN9RPCClient12get_responseIbEEbjRT_R8RpcError
                0x0000000000003280       0x40 /home/arduino/.local/share/arduino-app-cli/examples/led-matrix-painter/.cache/sketch/sketch/sketch.ino.cpp.o
                0x0000000000003280                bool RPCClient::get_response<bool>(unsigned int, bool&, RpcError&)
 .text._ZN9RpcResultIJRKN7arduino6StringEEE6resultIbEEbRT_
                0x00000000000032c0       0x90 /home/arduino/.local/share/arduino-app-cli/examples/led-matrix-painter/.cache/sketch/sketch/sketch.ino.cpp.o
                0x00000000000032c0                bool RpcResult<arduino::String const&>::result<bool>(bool&)
 .text._ZN11BridgeClass7provideIRFvSt6vectorIhSaIhEEEEEbRKN7arduino6StringEOT_.isra.0
                0x0000000000003350      0x1a8 /home/arduino/.local/share/arduino-app-cli/examples/led-matrix-painter/.cache/sketch/sketch/sketch.ino.cpp.o
 .text._ZN8RpcUtils6detail9unpackMapERN7arduino7msgpack8UnpackerERj
                0x00000000000034f8       0x80 /home/arduino/.local/share/arduino-app-cli/examples/led-matrix-painter/.cache/sketch/sketch/sketch.ino.cpp.o
                0x00000000000034f8                RpcUtils::detail::unpackMap(arduino::msgpack::Unpacker&, unsigned int&)
 .text._ZN10RpcDecoderILj1024EE12get_responseIjEEbjRT_R8RpcError
                0x0000000000003578      0x168 /home/arduino/.local/share/arduino-app-cli/examples/led-matrix-painter/.cache/sketch/sketch/sketch.ino.cpp.o
                0x0000000000003578                bool RpcDecoder<1024u>::get_response<unsigned int>(unsigned int, unsigned int&, RpcError&)
 .text._ZN9RpcResultIJRN7arduino6StringEEE6resultIjEEbRT_
                0x00000000000036e0       0xbc /home/arduino/.local/share/arduino-app-cli/examples/led-matrix-painter/.cache/sketch/sketch/sketch.ino.cpp.o
                0x00000000000036e0                bool RpcResult<arduino::String&>::result<unsigned int>(unsigned int&)
 .text._ZN13BridgeMonitorILj512EE5writeEPKhj
                0x000000000000379c      0x128 /home/arduino/.local/share/arduino-app-cli/examples/led-matrix-painter/.cache/sketch/sketch/sketch.ino.cpp.o
                0x000000000000379c                BridgeMonitor<512u>::write(unsigned char const*, unsigned int)
 .text._ZN10RpcDecoderILj1024EE12get_responseISt6vectorIhSaIhEEEEbjRT_R8RpcError
                0x00000000000038c4      0x168 /home/arduino/.local/share/arduino-app-cli/examples/led-matrix-painter/.cache/sketch/sketch/sketch.ino.cpp.o
                0x00000000000038c4                bool RpcDecoder<1024u>::get_response<std::vector<unsigned char, std::allocator<unsigned char> > >(unsigned int, std::vector<unsigned char, std::allocator<unsigned char> >&, RpcError&)
 .text._ZN9RpcResultIJRjEE6resultISt6vectorIhSaIhEEEEbRT_
                0x0000000000003a2c       0xbc /home/arduino/.local/share/arduino-app-cli/examples/led-matrix-painter/.cache/sketch/sketch/sketch.ino.cpp.o
                0x0000000000003a2c                bool RpcResult<unsigned int&>::result<std::vector<unsigned char, std::allocator<unsigned char> > >(std::vector<unsigned char, std::allocator<unsigned char> >&)
 .text._ZN13BridgeMonitorILj512EE5_readEj
                0x0000000000003ae8      0x15c /home/arduino/.local/share/arduino-app-cli/examples/led-matrix-painter/.cache/sketch/sketch/sketch.ino.cpp.o
                0x0000000000003ae8                BridgeMonitor<512u>::_read(unsigned int)
 .text._ZN13BridgeMonitorILj512EE9availableEv
                0x0000000000003c44       0x44 /home/arduino/.local/share/arduino-app-cli/examples/led-matrix-painter/.cache/sketch/sketch/sketch.ino.cpp.o
                0x0000000000003c44                BridgeMonitor<512u>::available()
 .text._GLOBAL__sub_I_Bridge
                0x0000000000003c88       0xd4 /home/arduino/.local/share/arduino-app-cli/examples/led-matrix-painter/.cache/sketch/sketch/sketch.ino.cpp.o
 .text._GLOBAL__sub_D_Bridge
                0x0000000000003d5c       0x20 /home/arduino/.local/share/arduino-app-cli/examples/led-matrix-painter/.cache/sketch/sketch/sketch.ino.cpp.o
 .text.setup    0x0000000000003d7c      0x2dc /home/arduino/.local/share/arduino-app-cli/examples/led-matrix-painter/.cache/sketch/sketch/sketch.ino.cpp.o
                0x0000000000003d7c                setup
 .text._ZSt20__throw_length_errorPKc
                0x0000000000004058        0x2 /home/arduino/.local/share/arduino-app-cli/examples/led-matrix-painter/.cache/sketch/core/core.a(abi.cpp.o)
                0x0000000000004058                std::__throw_length_error(char const*)
 .text._ZSt17__throw_bad_allocv
                0x000000000000405a        0x2 /home/arduino/.local/share/arduino-app-cli/examples/led-matrix-painter/.cache/sketch/core/core.a(abi.cpp.o)
                0x000000000000405a                std::__throw_bad_alloc()
 .text._ZSt25__throw_bad_function_callv
                0x000000000000405c        0x2 /home/arduino/.local/share/arduino-app-cli/examples/led-matrix-painter/.cache/sketch/core/core.a(abi.cpp.o)
                0x000000000000405c                std::__throw_bad_function_call()
 .text.atexit   0x000000000000405e        0x4 /home/arduino/.local/share/arduino-app-cli/examples/led-matrix-painter/.cache/sketch/core/core.a(abi.cpp.o)
                0x000000000000405e                atexit
 .text.strcmp   0x0000000000004062       0x16 /home/arduino/.local/share/arduino-app-cli/examples/led-matrix-painter/.cache/sketch/core/core.a(abi.cpp.o)
                0x0000000000004062                strcmp
 .text._ZN7arduino5Print5writeEPKc
                0x0000000000004078       0x24 /home/arduino/.local/share/arduino-app-cli/examples/led-matrix-painter/.cache/sketch/core/core.a(Print.cpp.o)
                0x0000000000004078                arduino::Print::write(char const*)
 .text._ZN7arduino5Print5printEPKc
                0x000000000000409c        0xc /home/arduino/.local/share/arduino-app-cli/examples/led-matrix-painter/.cache/sketch/core/core.a(Print.cpp.o)
                0x000000000000409c                arduino::Print::print(char const*)
 .text._ZN7arduino5Print5printEc
                0x00000000000040a8        0x6 /home/arduino/.local/share/arduino-app-cli/examples/led-matrix-painter/.cache/sketch/core/core.a(Print.cpp.o)
                0x00000000000040a8                arduino::Print::print(char)
 *fill*         0x00000000000040ae        0x2 
 .text._ZN7arduino5Print7printlnEv
                0x00000000000040b0       0x14 /home/arduino/.local/share/arduino-app-cli/examples/led-matrix-painter/.cache/sketch/core/core.a(Print.cpp.o)
                0x00000000000040b0                arduino::Print::println()
 .text._ZN7arduino5Print7printlnEPKNS_19__FlashStringHelperE
                0x00000000000040c4       0x1c /home/arduino/.local/share/arduino-app-cli/examples/led-matrix-painter/.cache/sketch/core/core.a(Print.cpp.o)
                0x00000000000040c4                arduino::Print::println(arduino::__FlashStringHelper const*)
 .text._ZN7arduino5Print7printlnEPKc
                0x00000000000040e0        0x8 /home/arduino/.local/share/arduino-app-cli/examples/led-matrix-painter/.cache/sketch/core/core.a(Print.cpp.o)
                0x00000000000040e0                arduino::Print::println(char const*)
 .text._ZN7arduino5Print11printNumberEmh
                0x00000000000040e8       0x40 /home/arduino/.local/share/arduino-app-cli/examples/led-matrix-painter/.cache/sketch/core/core.a(Print.cpp.o)
                0x00000000000040e8                arduino::Print::printNumber(unsigned long, unsigned char)
 .text._ZN7arduino5Print5printEli
                0x0000000000004128       0x50 /home/arduino/.local/share/arduino-app-cli/examples/led-matrix-painter/.cache/sketch/core/core.a(Print.cpp.o)
                0x0000000000004128                arduino::Print::print(long, int)
 .text._ZN7arduino5Print5printEii
                0x0000000000004178        0x8 /home/arduino/.local/share/arduino-app-cli/examples/led-matrix-painter/.cache/sketch/core/core.a(Print.cpp.o)
                0x0000000000004178                arduino::Print::print(int, int)
 .text._ZN7arduino5Print7printlnEii
                0x0000000000004180       0x1c /home/arduino/.local/share/arduino-app-cli/examples/led-matrix-painter/.cache/sketch/core/core.a(Print.cpp.o)
                0x0000000000004180                arduino::Print::println(int, int)
 .text._ZN7arduino6Stream9timedReadEv
                0x000000000000419c       0x2c /home/arduino/.local/share/arduino-app-cli/examples/led-matrix-painter/.cache/sketch/core/core.a(Stream.cpp.o)
                0x000000000000419c                arduino::Stream::timedRead()
 .text._ZN7arduino6Stream10setTimeoutEm
                0x00000000000041c8        0x4 /home/arduino/.local/share/arduino-app-cli/examples/led-matrix-painter/.cache/sketch/core/core.a(Stream.cpp.o)
                0x00000000000041c8                arduino::Stream::setTimeout(unsigned long)
 .text._ZN7arduino6Stream9readBytesEPcj
                0x00000000000041cc       0x2c /home/arduino/.local/share/arduino-app-cli/examples/led-matrix-painter/.cache/sketch/core/core.a(Stream.cpp.o)
                0x00000000000041cc                arduino::Stream::readBytes(char*, unsigned int)
 .text._ZN7arduino6StringC2EOS0_
                0x00000000000041f8       0x16 /home/arduino/.local/share/arduino-app-cli/examples/led-matrix-painter/.cache/sketch/core/core.a(String.cpp.o)
                0x00000000000041f8                arduino::String::String(arduino::String&&)
                0x00000000000041f8                arduino::String::String(arduino::String&&)
 *fill*         0x000000000000420e        0x2 
 .text._ZN7arduino6StringD2Ev
                0x0000000000004210       0x14 /home/arduino/.local/share/arduino-app-cli/examples/led-matrix-painter/.cache/sketch/core/core.a(String.cpp.o)
                0x0000000000004210                arduino::String::~String()
                0x0000000000004210                arduino::String::~String()
 .text._ZN7arduino6String10invalidateEv
                0x0000000000004224       0x1c /home/arduino/.local/share/arduino-app-cli/examples/led-matrix-painter/.cache/sketch/core/core.a(String.cpp.o)
                0x0000000000004224                arduino::String::invalidate()
 .text._ZN7arduino6String12changeBufferEj
                0x0000000000004240       0x1c /home/arduino/.local/share/arduino-app-cli/examples/led-matrix-painter/.cache/sketch/core/core.a(String.cpp.o)
                0x0000000000004240                arduino::String::changeBuffer(unsigned int)
 .text._ZN7arduino6String7reserveEj
                0x000000000000425c       0x28 /home/arduino/.local/share/arduino-app-cli/examples/led-matrix-painter/.cache/sketch/core/core.a(String.cpp.o)
                0x000000000000425c                arduino::String::reserve(unsigned int)
 .text._ZN7arduino6String4copyEPKcj
                0x0000000000004284       0x3c /home/arduino/.local/share/arduino-app-cli/examples/led-matrix-painter/.cache/sketch/core/core.a(String.cpp.o)
                0x0000000000004284                arduino::String::copy(char const*, unsigned int)
 .text._ZN7arduino6StringC2EPKc
                0x00000000000042c0       0x2c /home/arduino/.local/share/arduino-app-cli/examples/led-matrix-painter/.cache/sketch/core/core.a(String.cpp.o)
                0x00000000000042c0                arduino::String::String(char const*)
                0x00000000000042c0                arduino::String::String(char const*)
 .text._ZN7arduino6String4moveERS0_
                0x00000000000042ec       0x2c /home/arduino/.local/share/arduino-app-cli/examples/led-matrix-painter/.cache/sketch/core/core.a(String.cpp.o)
                0x00000000000042ec                arduino::String::move(arduino::String&)
 .text._ZN7arduino6StringaSERKS0_
                0x0000000000004318       0x28 /home/arduino/.local/share/arduino-app-cli/examples/led-matrix-painter/.cache/sketch/core/core.a(String.cpp.o)
                0x0000000000004318                arduino::String::operator=(arduino::String const&)
 .text._ZN7arduino6StringC2ERKS0_
                0x0000000000004340       0x18 /home/arduino/.local/share/arduino-app-cli/examples/led-matrix-painter/.cache/sketch/core/core.a(String.cpp.o)
                0x0000000000004340                arduino::String::String(arduino::String const&)
                0x0000000000004340                arduino::String::String(arduino::String const&)
 .text._ZN7arduino6StringaSEOS0_
                0x0000000000004358       0x10 /home/arduino/.local/share/arduino-app-cli/examples/led-matrix-painter/.cache/sketch/core/core.a(String.cpp.o)
                0x0000000000004358                arduino::String::operator=(arduino::String&&)
 .text._ZN7arduino6StringaSEPKc
                0x0000000000004368       0x30 /home/arduino/.local/share/arduino-app-cli/examples/led-matrix-painter/.cache/sketch/core/core.a(String.cpp.o)
                0x0000000000004368                arduino::String::operator=(char const*)
 .text._ZN7arduino6StringC2Eih
                0x0000000000004398       0x2c /home/arduino/.local/share/arduino-app-cli/examples/led-matrix-painter/.cache/sketch/core/core.a(String.cpp.o)
                0x0000000000004398                arduino::String::String(int, unsigned char)
                0x0000000000004398                arduino::String::String(int, unsigned char)
 .text._ZN7arduino6String6concatEPKcj
                0x00000000000043c4       0x40 /home/arduino/.local/share/arduino-app-cli/examples/led-matrix-painter/.cache/sketch/core/core.a(String.cpp.o)
                0x00000000000043c4                arduino::String::concat(char const*, unsigned int)
 .text._ZN7arduino6String6concatERKS0_
                0x0000000000004404        0xc /home/arduino/.local/share/arduino-app-cli/examples/led-matrix-painter/.cache/sketch/core/core.a(String.cpp.o)
                0x0000000000004404                arduino::String::concat(arduino::String const&)
 .text._ZN7arduino6String6concatEc
                0x0000000000004410       0x1c /home/arduino/.local/share/arduino-app-cli/examples/led-matrix-painter/.cache/sketch/core/core.a(String.cpp.o)
                0x0000000000004410                arduino::String::concat(char)
 .text._ZNK7arduino6String9compareToERKS0_
                0x000000000000442c       0x30 /home/arduino/.local/share/arduino-app-cli/examples/led-matrix-painter/.cache/sketch/core/core.a(String.cpp.o)
                0x000000000000442c                arduino::String::compareTo(arduino::String const&) const
 .text._ZNK7arduino6String6equalsERKS0_
                0x000000000000445c       0x20 /home/arduino/.local/share/arduino-app-cli/examples/led-matrix-painter/.cache/sketch/core/core.a(String.cpp.o)
                0x000000000000445c                arduino::String::equals(arduino::String const&) const
 .text._ZNK7arduino6String6equalsEPKc
                0x000000000000447c       0x28 /home/arduino/.local/share/arduino-app-cli/examples/led-matrix-painter/.cache/sketch/core/core.a(String.cpp.o)
                0x000000000000447c                arduino::String::equals(char const*) const
 .text.ltoa     0x00000000000044a4       0x80 /home/arduino/.local/share/arduino-app-cli/examples/led-matrix-painter/.cache/sketch/core/core.a(itoa.cpp.o)
                0x00000000000044a4                ltoa
 .text.itoa     0x0000000000004524        0x8 /home/arduino/.local/share/arduino-app-cli/examples/led-matrix-painter/.cache/sketch/core/core.a(itoa.cpp.o)
                0x0000000000004524                itoa
 .text.initVariant
                0x000000000000452c        0x2 /home/arduino/.local/share/arduino-app-cli/examples/led-matrix-painter/.cache/sketch/core/core.a(main.cpp.o)
                0x000000000000452c                initVariant
 *fill*         0x000000000000452e        0x2 
 .text.main     0x0000000000004530       0x2c /home/arduino/.local/share/arduino-app-cli/examples/led-matrix-painter/.cache/sketch/core/core.a(main.cpp.o)
                0x0000000000004530                main
 .text._ZL10new_helperj
                0x000000000000455c       0x10 /home/arduino/.local/share/arduino-app-cli/examples/led-matrix-painter/.cache/sketch/core/core.a(new.cpp.o)
 .text._Znwj    0x000000000000456c        0x8 /home/arduino/.local/share/arduino-app-cli/examples/led-matrix-painter/.cache/sketch/core/core.a(new.cpp.o)
                0x000000000000456c                operator new(unsigned int)
 .text._ZnwjPv  0x0000000000004574        0x4 /home/arduino/.local/share/arduino-app-cli/examples/led-matrix-painter/.cache/sketch/core/core.a(new.cpp.o)
                0x0000000000004574                operator new(unsigned int, void*)
 .text._ZdlPvj  0x0000000000004578        0x8 /home/arduino/.local/share/arduino-app-cli/examples/led-matrix-painter/.cache/sketch/core/core.a(new.cpp.o)
                0x0000000000004578                operator delete(void*, unsigned int)
 .text._Z20start_static_threadsv
                0x0000000000004580       0x6c /home/arduino/.local/share/arduino-app-cli/examples/led-matrix-painter/.cache/sketch/core/core.a(threads.cpp.o)
                0x0000000000004580                start_static_threads()
 .text.yield    0x00000000000045ec        0x8 /home/arduino/.local/share/arduino-app-cli/examples/led-matrix-painter/.cache/sketch/core/core.a(zephyrCommon.cpp.o)
                0x00000000000045ec                yield
 .text.delay    0x00000000000045f4       0x10 /home/arduino/.local/share/arduino-app-cli/examples/led-matrix-painter/.cache/sketch/core/core.a(zephyrCommon.cpp.o)
                0x00000000000045f4                delay
 .text.millis   0x0000000000004604       0x18 /home/arduino/.local/share/arduino-app-cli/examples/led-matrix-painter/.cache/sketch/core/core.a(zephyrCommon.cpp.o)
                0x0000000000004604                millis
 .text.z_impl_uart_irq_tx_enable
                0x000000000000461c        0xa /home/arduino/.local/share/arduino-app-cli/examples/led-matrix-painter/.cache/sketch/core/core.a(zephyrSerial.cpp.o)
 .text._ZN7arduino12ZephyrSerial5beginEm
                0x0000000000004626        0xa /home/arduino/.local/share/arduino-app-cli/examples/led-matrix-painter/.cache/sketch/core/core.a(zephyrSerial.cpp.o)
                0x0000000000004626                arduino::ZephyrSerial::begin(unsigned long)
 .text._ZN7arduino12ZephyrSerial3endEv
                0x0000000000004630        0x2 /home/arduino/.local/share/arduino-app-cli/examples/led-matrix-painter/.cache/sketch/core/core.a(zephyrSerial.cpp.o)
                0x0000000000004630                arduino::ZephyrSerial::end()
 .text._ZN7arduino12ZephyrSerial5writeEh
                0x0000000000004632       0x18 /home/arduino/.local/share/arduino-app-cli/examples/led-matrix-painter/.cache/sketch/core/core.a(zephyrSerial.cpp.o)
                0x0000000000004632                arduino::ZephyrSerial::write(unsigned char)
 .text._ZN7arduino12ZephyrSerialcvbEv
                0x000000000000464a        0x4 /home/arduino/.local/share/arduino-app-cli/examples/led-matrix-painter/.cache/sketch/core/core.a(zephyrSerial.cpp.o)
                0x000000000000464a                arduino::ZephyrSerial::operator bool()
 *fill*         0x000000000000464e        0x2 
 .text.k_sem_give
                0x0000000000004650        0x8 /home/arduino/.local/share/arduino-app-cli/examples/led-matrix-painter/.cache/sketch/core/core.a(zephyrSerial.cpp.o)
 .text.k_sem_take.isra.0
                0x0000000000004658        0x8 /home/arduino/.local/share/arduino-app-cli/examples/led-matrix-painter/.cache/sketch/core/core.a(zephyrSerial.cpp.o)
 .text._ZN7arduino12ZephyrSerial4readEv
                0x0000000000004660       0x48 /home/arduino/.local/share/arduino-app-cli/examples/led-matrix-painter/.cache/sketch/core/core.a(zephyrSerial.cpp.o)
                0x0000000000004660                arduino::ZephyrSerial::read()
 .text._ZN7arduino12ZephyrSerial4peekEv
                0x00000000000046a8       0x48 /home/arduino/.local/share/arduino-app-cli/examples/led-matrix-painter/.cache/sketch/core/core.a(zephyrSerial.cpp.o)
                0x00000000000046a8                arduino::ZephyrSerial::peek()
 .text._ZN7arduino12ZephyrSerial17availableForWriteEv
                0x00000000000046f0       0x3c /home/arduino/.local/share/arduino-app-cli/examples/led-matrix-painter/.cache/sketch/core/core.a(zephyrSerial.cpp.o)
                0x00000000000046f0                arduino::ZephyrSerial::availableForWrite()
 .text._ZN7arduino12ZephyrSerial9availableEv
                0x000000000000472c       0x34 /home/arduino/.local/share/arduino-app-cli/examples/led-matrix-painter/.cache/sketch/core/core.a(zephyrSerial.cpp.o)
                0x000000000000472c                arduino::ZephyrSerial::available()
 .text._ZN7arduino12ZephyrSerial5beginEmt
                0x0000000000004760       0xb8 /home/arduino/.local/share/arduino-app-cli/examples/led-matrix-painter/.cache/sketch/core/core.a(zephyrSerial.cpp.o)
                0x0000000000004760                arduino::ZephyrSerial::begin(unsigned long, unsigned short)
 .text._ZN7arduino12ZephyrSerial5flushEv
                0x0000000000004818       0x2c /home/arduino/.local/share/arduino-app-cli/examples/led-matrix-painter/.cache/sketch/core/core.a(zephyrSerial.cpp.o)
                0x0000000000004818                arduino::ZephyrSerial::flush()
 .text._ZN7arduino12ZephyrSerial5writeEPKhj
                0x0000000000004844       0x70 /home/arduino/.local/share/arduino-app-cli/examples/led-matrix-painter/.cache/sketch/core/core.a(zephyrSerial.cpp.o)
                0x0000000000004844                arduino::ZephyrSerial::write(unsigned char const*, unsigned int)
 .text._ZN7arduino12ZephyrSerial10IrqHandlerEv
                0x00000000000048b4       0xec /home/arduino/.local/share/arduino-app-cli/examples/led-matrix-painter/.cache/sketch/core/core.a(zephyrSerial.cpp.o)
                0x00000000000048b4                arduino::ZephyrSerial::IrqHandler()
 .text._ZN7arduino12ZephyrSerial11IrqDispatchEPK6devicePv
                0x00000000000049a0        0xc /home/arduino/.local/share/arduino-app-cli/examples/led-matrix-painter/.cache/sketch/core/core.a(zephyrSerial.cpp.o)
                0x00000000000049a0                arduino::ZephyrSerial::IrqDispatch(device const*, void*)
 .text._ZN7arduino12ZephyrSerial18ZephyrSerialBufferILi64EEC2Ev
                0x00000000000049ac       0x28 /home/arduino/.local/share/arduino-app-cli/examples/led-matrix-painter/.cache/sketch/core/core.a(zephyrSerial.cpp.o)
                0x00000000000049ac                arduino::ZephyrSerial::ZephyrSerialBuffer<64>::ZephyrSerialBuffer()
                0x00000000000049ac                arduino::ZephyrSerial::ZephyrSerialBuffer<64>::ZephyrSerialBuffer()
 .text._GLOBAL__sub_I__ZN7arduino12ZephyrSerial5beginEmt
                0x00000000000049d4       0x5c /home/arduino/.local/share/arduino-app-cli/examples/led-matrix-painter/.cache/sketch/core/core.a(zephyrSerial.cpp.o)
 *(.text.*)
 *(.text._*)
 *(.init)
 *(.ctors)
 *(.dtors)
 *(.fini)

.static_thread_data_area
                0x0000000000004a30        0x0
                0x0000000000004a30                __static_thread_data_list_start = .
 *(.static_thread_data_area SORT_BY_NAME(.__static_thread_data.*))
                0x0000000000004a30                __static_thread_data_list_end = .

.rodata         0x0000000000004a30      0x3b4
 *(.rodata)
 *(.rodata1)
 *(.rodata.*)
 .rodata._Z4drawSt6vectorIhSaIhEE.str1.1
                0x0000000000004a30       0x48 /home/arduino/.local/share/arduino-app-cli/examples/led-matrix-painter/.cache/sketch/sketch/sketch.ino.cpp.o
 .rodata._ZN8RpcErrorC2Ev.str1.1
                0x0000000000004a78        0x1 /home/arduino/.local/share/arduino-app-cli/examples/led-matrix-painter/.cache/sketch/sketch/sketch.ino.cpp.o
 .rodata._Z14play_animationSt6vectorIhSaIhEE.str1.1
                0x0000000000004a79       0xe5 /home/arduino/.local/share/arduino-app-cli/examples/led-matrix-painter/.cache/sketch/sketch/sketch.ino.cpp.o
 .rodata._ZNSt6vectorIjSaIjEE17_M_realloc_insertIJRjEEEvN9__gnu_cxx17__normal_iteratorIPjS1_EEDpOT_.str1.1
                0x0000000000004b5e       0x1a /home/arduino/.local/share/arduino-app-cli/examples/led-matrix-painter/.cache/sketch/sketch/sketch.ino.cpp.o
 .rodata._ZN10RpcDecoderILj1024EE12get_responseIN7arduino7msgpack6object5nil_tEEEbjRT_R8RpcError.str1.1
                0x0000000000004b78       0x7b /home/arduino/.local/share/arduino-app-cli/examples/led-matrix-painter/.cache/sketch/sketch/sketch.ino.cpp.o
 .rodata._ZN18RpcFunctionWrapperISt8functionIFvSt6vectorIhSaIhEEEEEclERN7arduino7msgpack8UnpackerERNS8_6PackerE.str1.1
                0x0000000000004bf3       0xa6 /home/arduino/.local/share/arduino-app-cli/examples/led-matrix-painter/.cache/sketch/sketch/sketch.ino.cpp.o
 .rodata._ZN7arduino7msgpack6object3extC2EaPKhj.str1.1
                0x0000000000004c99       0x28 /home/arduino/.local/share/arduino-app-cli/examples/led-matrix-painter/.cache/sketch/sketch/sketch.ino.cpp.o
 .rodata._ZN11BridgeClass11update_safeEv.str1.1
                0x0000000000004cc1        0x9 /home/arduino/.local/share/arduino-app-cli/examples/led-matrix-painter/.cache/sketch/sketch/sketch.ino.cpp.o
 .rodata._ZN11BridgeClass7provideIRFvSt6vectorIhSaIhEEEEEbRKN7arduino6StringEOT_.isra.0.str1.1
                0x0000000000004cca        0xb /home/arduino/.local/share/arduino-app-cli/examples/led-matrix-painter/.cache/sketch/sketch/sketch.ino.cpp.o
 .rodata._ZN13BridgeMonitorILj512EE5writeEPKhj.str1.1
                0x0000000000004cd5        0xa /home/arduino/.local/share/arduino-app-cli/examples/led-matrix-painter/.cache/sketch/sketch/sketch.ino.cpp.o
 .rodata._ZN13BridgeMonitorILj512EE5_readEj.str1.1
                0x0000000000004cdf        0x9 /home/arduino/.local/share/arduino-app-cli/examples/led-matrix-painter/.cache/sketch/sketch/sketch.ino.cpp.o
 .rodata.setup.str1.1
                0x0000000000004ce8       0x1c /home/arduino/.local/share/arduino-app-cli/examples/led-matrix-painter/.cache/sketch/sketch/sketch.ino.cpp.o
 .rodata._ZTV15SerialTransport
                0x0000000000004d04       0x20 /home/arduino/.local/share/arduino-app-cli/examples/led-matrix-painter/.cache/sketch/sketch/sketch.ino.cpp.o
                0x0000000000004d04                vtable for SerialTransport
 .rodata._ZTV13BridgeMonitorILj512EE
                0x0000000000004d24       0x24 /home/arduino/.local/share/arduino-app-cli/examples/led-matrix-painter/.cache/sketch/sketch/sketch.ino.cpp.o
                0x0000000000004d24                vtable for BridgeMonitor<512u>
 .rodata._ZTV18RpcFunctionWrapperISt8functionIFvSt6vectorIhSaIhEEEEE
                0x0000000000004d48       0x14 /home/arduino/.local/share/arduino-app-cli/examples/led-matrix-painter/.cache/sketch/sketch/sketch.ino.cpp.o
                0x0000000000004d48                vtable for RpcFunctionWrapper<std::function<void (std::vector<unsigned char, std::allocator<unsigned char> >)> >
 .rodata._ZN7arduino5Print7printlnEv.str1.1
                0x0000000000004d5c        0x3 /home/arduino/.local/share/arduino-app-cli/examples/led-matrix-painter/.cache/sketch/core/core.a(Print.cpp.o)
 .rodata.str1.1
                0x0000000000004d5f       0x51 /home/arduino/.local/share/arduino-app-cli/examples/led-matrix-painter/.cache/sketch/core/core.a(main.cpp.o)
 .rodata._ZTVN7arduino12ZephyrSerialE
                0x0000000000004db0       0x34 /home/arduino/.local/share/arduino-app-cli/examples/led-matrix-painter/.cache/sketch/core/core.a(zephyrSerial.cpp.o)
                0x0000000000004db0                vtable for arduino::ZephyrSerial

.data
 *(.data .data.*)

.bss            0x0000000000004de8     0x1654
 *(.bss .bss.* COMMON)
 .bss._ZN17RpcDecoderManagerILj3EE14decoders_countE
                0x0000000000004de8        0x4 /home/arduino/.local/share/arduino-app-cli/examples/led-matrix-painter/.cache/sketch/sketch/sketch.ino.cpp.o
                0x0000000000004de8                RpcDecoderManager<3u>::decoders_count
 .bss._ZGVN17RpcDecoderManagerILj3EE9decoders_E
                0x0000000000004dec        0x4 /home/arduino/.local/share/arduino-app-cli/examples/led-matrix-painter/.cache/sketch/sketch/sketch.ino.cpp.o
                0x0000000000004dec                guard variable for RpcDecoderManager<3u>::decoders_
 .bss._ZN17RpcDecoderManagerILj3EE9decoders_E
                0x0000000000004df0      0xc60 /home/arduino/.local/share/arduino-app-cli/examples/led-matrix-painter/.cache/sketch/sketch/sketch.ino.cpp.o
                0x0000000000004df0                RpcDecoderManager<3u>::decoders_
 .bss._ZGVZN7arduino7msgpack8Unpacker10from_arrayIJRiRNS_6StringEEEEbDpOT_E2sz
                0x0000000000005a50        0x4 /home/arduino/.local/share/arduino-app-cli/examples/led-matrix-painter/.cache/sketch/sketch/sketch.ino.cpp.o
                0x0000000000005a50                guard variable for arduino::msgpack::Unpacker::from_array<int&, arduino::String&>(int&, arduino::String&)::sz
 .bss._ZZN7arduino7msgpack8Unpacker10from_arrayIJRiRNS_6StringEEEEbDpOT_E2sz
                0x0000000000005a54        0x4 /home/arduino/.local/share/arduino-app-cli/examples/led-matrix-painter/.cache/sketch/sketch/sketch.ino.cpp.o
                0x0000000000005a54                arduino::msgpack::Unpacker::from_array<int&, arduino::String&>(int&, arduino::String&)::sz
 .bss._ZZ14play_animationSt6vectorIhSaIhEEE9animation
                0x0000000000005a58      0x3e8 /home/arduino/.local/share/arduino-app-cli/examples/led-matrix-painter/.cache/sketch/sketch/sketch.ino.cpp.o
 .bss.matrix    0x0000000000005e40       0x28 /home/arduino/.local/share/arduino-app-cli/examples/led-matrix-painter/.cache/sketch/sketch/sketch.ino.cpp.o
                0x0000000000005e40                matrix
 .bss._ZN12RouterBridge3HCIE
                0x0000000000005e68       0x28 /home/arduino/.local/share/arduino-app-cli/examples/led-matrix-painter/.cache/sketch/sketch/sketch.ino.cpp.o
                0x0000000000005e68                RouterBridge::HCI
 .bss.Monitor   0x0000000000005e90      0x238 /home/arduino/.local/share/arduino-app-cli/examples/led-matrix-painter/.cache/sketch/sketch/sketch.ino.cpp.o
                0x0000000000005e90                Monitor
 .bss.Bridge    0x00000000000060c8      0x140 /home/arduino/.local/share/arduino-app-cli/examples/led-matrix-painter/.cache/sketch/sketch/sketch.ino.cpp.o
                0x00000000000060c8                Bridge
 .bss._ZZN8RpcUtils6detail12unpackObjectERN7arduino7msgpack8UnpackerEE1t
                0x0000000000006208       0x10 /home/arduino/.local/share/arduino-app-cli/examples/led-matrix-painter/.cache/sketch/sketch/sketch.ino.cpp.o
                0x0000000000006208                RpcUtils::detail::unpackObject(arduino::msgpack::Unpacker&)::t
 .bss._ZGVZN8RpcUtils6detail12unpackObjectERN7arduino7msgpack8UnpackerEE1e
                0x0000000000006218        0x4 /home/arduino/.local/share/arduino-app-cli/examples/led-matrix-painter/.cache/sketch/sketch/sketch.ino.cpp.o
                0x0000000000006218                guard variable for RpcUtils::detail::unpackObject(arduino::msgpack::Unpacker&)::e
 .bss._ZZN8RpcUtils6detail12unpackObjectERN7arduino7msgpack8UnpackerEE1e
                0x000000000000621c        0xc /home/arduino/.local/share/arduino-app-cli/examples/led-matrix-painter/.cache/sketch/sketch/sketch.ino.cpp.o
                0x000000000000621c                RpcUtils::detail::unpackObject(arduino::msgpack::Unpacker&)::e
 .bss._ZZN8RpcUtils6detail12unpackObjectERN7arduino7msgpack8UnpackerEE6map_sz
                0x0000000000006228        0x4 /home/arduino/.local/share/arduino-app-cli/examples/led-matrix-painter/.cache/sketch/sketch/sketch.ino.cpp.o
                0x0000000000006228                RpcUtils::detail::unpackObject(arduino::msgpack::Unpacker&)::map_sz
 .bss._ZZN8RpcUtils6detail12unpackObjectERN7arduino7msgpack8UnpackerEE6arr_sz
                0x000000000000622c        0x4 /home/arduino/.local/share/arduino-app-cli/examples/led-matrix-painter/.cache/sketch/sketch/sketch.ino.cpp.o
                0x000000000000622c                RpcUtils::detail::unpackObject(arduino::msgpack::Unpacker&)::arr_sz
 .bss._ZGVZN8RpcUtils6detail12unpackObjectERN7arduino7msgpack8UnpackerEE5bytes
                0x0000000000006230        0x4 /home/arduino/.local/share/arduino-app-cli/examples/led-matrix-painter/.cache/sketch/sketch/sketch.ino.cpp.o
                0x0000000000006230                guard variable for RpcUtils::detail::unpackObject(arduino::msgpack::Unpacker&)::bytes
 .bss._ZZN8RpcUtils6detail12unpackObjectERN7arduino7msgpack8UnpackerEE5bytes
                0x0000000000006234        0xc /home/arduino/.local/share/arduino-app-cli/examples/led-matrix-painter/.cache/sketch/sketch/sketch.ino.cpp.o
                0x0000000000006234                RpcUtils::detail::unpackObject(arduino::msgpack::Unpacker&)::bytes
 .bss._ZGVZN8RpcUtils6detail12unpackObjectERN7arduino7msgpack8UnpackerEE6string
                0x0000000000006240        0x4 /home/arduino/.local/share/arduino-app-cli/examples/led-matrix-painter/.cache/sketch/sketch/sketch.ino.cpp.o
                0x0000000000006240                guard variable for RpcUtils::detail::unpackObject(arduino::msgpack::Unpacker&)::string
 .bss._ZZN8RpcUtils6detail12unpackObjectERN7arduino7msgpack8UnpackerEE6string
                0x0000000000006244        0xc /home/arduino/.local/share/arduino-app-cli/examples/led-matrix-painter/.cache/sketch/sketch/sketch.ino.cpp.o
                0x0000000000006244                RpcUtils::detail::unpackObject(arduino::msgpack::Unpacker&)::string
 .bss._ZZN8RpcUtils6detail12unpackObjectERN7arduino7msgpack8UnpackerEE5num64
                0x0000000000006250        0x8 /home/arduino/.local/share/arduino-app-cli/examples/led-matrix-painter/.cache/sketch/sketch/sketch.ino.cpp.o
                0x0000000000006250                RpcUtils::detail::unpackObject(arduino::msgpack::Unpacker&)::num64
 .bss._ZZN8RpcUtils6detail12unpackObjectERN7arduino7msgpack8UnpackerEE5num32
                0x0000000000006258        0x4 /home/arduino/.local/share/arduino-app-cli/examples/led-matrix-painter/.cache/sketch/sketch/sketch.ino.cpp.o
                0x0000000000006258                RpcUtils::detail::unpackObject(arduino::msgpack::Unpacker&)::num32
 .bss._ZZN8RpcUtils6detail12unpackObjectERN7arduino7msgpack8UnpackerEE7integer
                0x000000000000625c        0x4 /home/arduino/.local/share/arduino-app-cli/examples/led-matrix-painter/.cache/sketch/sketch/sketch.ino.cpp.o
                0x000000000000625c                RpcUtils::detail::unpackObject(arduino::msgpack::Unpacker&)::integer
 .bss._ZZN8RpcUtils6detail12unpackObjectERN7arduino7msgpack8UnpackerEE1b
                0x0000000000006260        0x1 /home/arduino/.local/share/arduino-app-cli/examples/led-matrix-painter/.cache/sketch/sketch/sketch.ino.cpp.o
                0x0000000000006260                RpcUtils::detail::unpackObject(arduino::msgpack::Unpacker&)::b
 .bss._ZZN8RpcUtils6detail12unpackObjectERN7arduino7msgpack8UnpackerEE3nil
                0x0000000000006261        0x1 /home/arduino/.local/share/arduino-app-cli/examples/led-matrix-painter/.cache/sketch/sketch/sketch.ino.cpp.o
                0x0000000000006261                RpcUtils::detail::unpackObject(arduino::msgpack::Unpacker&)::nil
 *fill*         0x0000000000006262        0x2 
 .bss.Serial1   0x0000000000006264       0xec /home/arduino/.local/share/arduino-app-cli/examples/led-matrix-painter/.cache/sketch/core/core.a(zephyrSerial.cpp.o)
                0x0000000000006264                Serial1
 .bss.Serial    0x0000000000006350       0xec /home/arduino/.local/share/arduino-app-cli/examples/led-matrix-painter/.cache/sketch/core/core.a(zephyrSerial.cpp.o)
                0x0000000000006350                Serial
 *(.noinit .noinit.*)

.exported_sym   0x000000000000643c        0x8
 *(.exported_sym)
 .exported_sym  0x000000000000643c        0x8 /home/arduino/.local/share/arduino-app-cli/examples/led-matrix-painter/.cache/sketch/core/core.a(main.cpp.o)
 *(.exported_sym.*)

.init_array     0x0000000000006444        0x8
 *(.init_array)
 .init_array    0x0000000000006444        0x4 /home/arduino/.local/share/arduino-app-cli/examples/led-matrix-painter/.cache/sketch/sketch/sketch.ino.cpp.o
 .init_array    0x0000000000006448        0x4 /home/arduino/.local/share/arduino-app-cli/examples/led-matrix-painter/.cache/sketch/core/core.a(zephyrSerial.cpp.o)

.fini_array     0x000000000000644c        0x4
 *(.fini_array)
 .fini_array    0x000000000000644c        0x4 /home/arduino/.local/share/arduino-app-cli/examples/led-matrix-painter/.cache/sketch/sketch/sketch.ino.cpp.o

.symtab
 *(.symtab)

.strtab
 *(.strtab)

.shstrtab
 *(.shstrtab)

.rel
 *(.rel .rel.*)

.got
 *(.got .got.* .got.plt .got.plt*)
OUTPUT(/home/arduino/.local/share/arduino-app-cli/examples/led-matrix-painter/.cache/sketch/sketch.ino_debug.elf elf32-littlearm)
LOAD linker stubs

.debug_info     0x0000000000000000    0x470ae
 .debug_info    0x0000000000000000    0x31591 /home/arduino/.local/share/arduino-app-cli/examples/led-matrix-painter/.cache/sketch/sketch/sketch.ino.cpp.o
 .debug_info    0x0000000000031591      0x1de /home/arduino/.local/share/arduino-app-cli/examples/led-matrix-painter/.cache/sketch/core/core.a(abi.cpp.o)
 .debug_info    0x000000000003176f     0x2d13 /home/arduino/.local/share/arduino-app-cli/examples/led-matrix-painter/.cache/sketch/core/core.a(Print.cpp.o)
 .debug_info    0x0000000000034482     0x1f74 /home/arduino/.local/share/arduino-app-cli/examples/led-matrix-painter/.cache/sketch/core/core.a(Stream.cpp.o)
 .debug_info    0x00000000000363f6     0x3e0c /home/arduino/.local/share/arduino-app-cli/examples/led-matrix-painter/.cache/sketch/core/core.a(String.cpp.o)
 .debug_info    0x000000000003a202      0x3de /home/arduino/.local/share/arduino-app-cli/examples/led-matrix-painter/.cache/sketch/core/core.a(itoa.cpp.o)
 .debug_info    0x000000000003a5e0     0x1e2b /home/arduino/.local/share/arduino-app-cli/examples/led-matrix-painter/.cache/sketch/core/core.a(main.cpp.o)
 .debug_info    0x000000000003c40b      0x7af /home/arduino/.local/share/arduino-app-cli/examples/led-matrix-painter/.cache/sketch/core/core.a(new.cpp.o)
 .debug_info    0x000000000003cbba     0x1f28 /home/arduino/.local/share/arduino-app-cli/examples/led-matrix-painter/.cache/sketch/core/core.a(threads.cpp.o)
 .debug_info    0x000000000003eae2     0x4c53 /home/arduino/.local/share/arduino-app-cli/examples/led-matrix-painter/.cache/sketch/core/core.a(zephyrCommon.cpp.o)
 .debug_info    0x0000000000043735     0x3979 /home/arduino/.local/share/arduino-app-cli/examples/led-matrix-painter/.cache/sketch/core/core.a(zephyrSerial.cpp.o)

.debug_abbrev   0x0000000000000000     0x4840
 .debug_abbrev  0x0000000000000000     0x15a6 /home/arduino/.local/share/arduino-app-cli/examples/led-matrix-painter/.cache/sketch/sketch/sketch.ino.cpp.o
 .debug_abbrev  0x00000000000015a6      0x154 /home/arduino/.local/share/arduino-app-cli/examples/led-matrix-painter/.cache/sketch/core/core.a(abi.cpp.o)
 .debug_abbrev  0x00000000000016fa      0x594 /home/arduino/.local/share/arduino-app-cli/examples/led-matrix-painter/.cache/sketch/core/core.a(Print.cpp.o)
 .debug_abbrev  0x0000000000001c8e      0x500 /home/arduino/.local/share/arduino-app-cli/examples/led-matrix-painter/.cache/sketch/core/core.a(Stream.cpp.o)
 .debug_abbrev  0x000000000000218e      0x5d4 /home/arduino/.local/share/arduino-app-cli/examples/led-matrix-painter/.cache/sketch/core/core.a(String.cpp.o)
 .debug_abbrev  0x0000000000002762      0x128 /home/arduino/.local/share/arduino-app-cli/examples/led-matrix-painter/.cache/sketch/core/core.a(itoa.cpp.o)
 .debug_abbrev  0x000000000000288a      0x538 /home/arduino/.local/share/arduino-app-cli/examples/led-matrix-painter/.cache/sketch/core/core.a(main.cpp.o)
 .debug_abbrev  0x0000000000002dc2      0x234 /home/arduino/.local/share/arduino-app-cli/examples/led-matrix-painter/.cache/sketch/core/core.a(new.cpp.o)
 .debug_abbrev  0x0000000000002ff6      0x4c4 /home/arduino/.local/share/arduino-app-cli/examples/led-matrix-painter/.cache/sketch/core/core.a(threads.cpp.o)
 .debug_abbrev  0x00000000000034ba      0xa59 /home/arduino/.local/share/arduino-app-cli/examples/led-matrix-painter/.cache/sketch/core/core.a(zephyrCommon.cpp.o)
 .debug_abbrev  0x0000000000003f13      0x92d /home/arduino/.local/share/arduino-app-cli/examples/led-matrix-painter/.cache/sketch/core/core.a(zephyrSerial.cpp.o)

.debug_loclists
                0x0000000000000000     0xf53a
 .debug_loclists
                0x0000000000000000     0xa1e7 /home/arduino/.local/share/arduino-app-cli/examples/led-matrix-painter/.cache/sketch/sketch/sketch.ino.cpp.o
 .debug_loclists
                0x000000000000a1e7       0x88 /home/arduino/.local/share/arduino-app-cli/examples/led-matrix-painter/.cache/sketch/core/core.a(abi.cpp.o)
 .debug_loclists
                0x000000000000a26f     0x12da /home/arduino/.local/share/arduino-app-cli/examples/led-matrix-painter/.cache/sketch/core/core.a(Print.cpp.o)
 .debug_loclists
                0x000000000000b549      0x883 /home/arduino/.local/share/arduino-app-cli/examples/led-matrix-painter/.cache/sketch/core/core.a(Stream.cpp.o)
 .debug_loclists
                0x000000000000bdcc     0x1943 /home/arduino/.local/share/arduino-app-cli/examples/led-matrix-painter/.cache/sketch/core/core.a(String.cpp.o)
 .debug_loclists
                0x000000000000d70f      0x3e1 /home/arduino/.local/share/arduino-app-cli/examples/led-matrix-painter/.cache/sketch/core/core.a(itoa.cpp.o)
 .debug_loclists
                0x000000000000daf0       0x72 /home/arduino/.local/share/arduino-app-cli/examples/led-matrix-painter/.cache/sketch/core/core.a(main.cpp.o)
 .debug_loclists
                0x000000000000db62      0x2bc /home/arduino/.local/share/arduino-app-cli/examples/led-matrix-painter/.cache/sketch/core/core.a(new.cpp.o)
 .debug_loclists
                0x000000000000de1e       0xb3 /home/arduino/.local/share/arduino-app-cli/examples/led-matrix-painter/.cache/sketch/core/core.a(threads.cpp.o)
 .debug_loclists
                0x000000000000ded1      0xedd /home/arduino/.local/share/arduino-app-cli/examples/led-matrix-painter/.cache/sketch/core/core.a(zephyrCommon.cpp.o)
 .debug_loclists
                0x000000000000edae      0x78c /home/arduino/.local/share/arduino-app-cli/examples/led-matrix-painter/.cache/sketch/core/core.a(zephyrSerial.cpp.o)

.debug_aranges  0x0000000000000000      0xca0
 .debug_aranges
                0x0000000000000000      0x4c0 /home/arduino/.local/share/arduino-app-cli/examples/led-matrix-painter/.cache/sketch/sketch/sketch.ino.cpp.o
 .debug_aranges
                0x00000000000004c0       0x58 /home/arduino/.local/share/arduino-app-cli/examples/led-matrix-painter/.cache/sketch/core/core.a(abi.cpp.o)
 .debug_aranges
                0x0000000000000518      0x128 /home/arduino/.local/share/arduino-app-cli/examples/led-matrix-painter/.cache/sketch/core/core.a(Print.cpp.o)
 .debug_aranges
                0x0000000000000640       0x90 /home/arduino/.local/share/arduino-app-cli/examples/led-matrix-painter/.cache/sketch/core/core.a(Stream.cpp.o)
 .debug_aranges
                0x00000000000006d0      0x298 /home/arduino/.local/share/arduino-app-cli/examples/led-matrix-painter/.cache/sketch/core/core.a(String.cpp.o)
 .debug_aranges
                0x0000000000000968       0x40 /home/arduino/.local/share/arduino-app-cli/examples/led-matrix-painter/.cache/sketch/core/core.a(itoa.cpp.o)
 .debug_aranges
                0x00000000000009a8       0x38 /home/arduino/.local/share/arduino-app-cli/examples/led-matrix-painter/.cache/sketch/core/core.a(main.cpp.o)
 .debug_aranges
                0x00000000000009e0       0xb0 /home/arduino/.local/share/arduino-app-cli/examples/led-matrix-painter/.cache/sketch/core/core.a(new.cpp.o)
 .debug_aranges
                0x0000000000000a90       0x20 /home/arduino/.local/share/arduino-app-cli/examples/led-matrix-painter/.cache/sketch/core/core.a(threads.cpp.o)
 .debug_aranges
                0x0000000000000ab0      0x130 /home/arduino/.local/share/arduino-app-cli/examples/led-matrix-painter/.cache/sketch/core/core.a(zephyrCommon.cpp.o)
 .debug_aranges
                0x0000000000000be0       0xc0 /home/arduino/.local/share/arduino-app-cli/examples/led-matrix-painter/.cache/sketch/core/core.a(zephyrSerial.cpp.o)

.debug_rnglists
                0x0000000000000000     0x2387
 .debug_rnglists
                0x0000000000000000     0x176b /home/arduino/.local/share/arduino-app-cli/examples/led-matrix-painter/.cache/sketch/sketch/sketch.ino.cpp.o
 .debug_rnglists
                0x000000000000176b       0x3d /home/arduino/.local/share/arduino-app-cli/examples/led-matrix-painter/.cache/sketch/core/core.a(abi.cpp.o)
 .debug_rnglists
                0x00000000000017a8      0x1c1 /home/arduino/.local/share/arduino-app-cli/examples/led-matrix-painter/.cache/sketch/core/core.a(Print.cpp.o)
 .debug_rnglists
                0x0000000000001969      0x103 /home/arduino/.local/share/arduino-app-cli/examples/led-matrix-painter/.cache/sketch/core/core.a(Stream.cpp.o)
 .debug_rnglists
                0x0000000000001a6c      0x375 /home/arduino/.local/share/arduino-app-cli/examples/led-matrix-painter/.cache/sketch/core/core.a(String.cpp.o)
 .debug_rnglists
                0x0000000000001de1       0x2c /home/arduino/.local/share/arduino-app-cli/examples/led-matrix-painter/.cache/sketch/core/core.a(itoa.cpp.o)
 .debug_rnglists
                0x0000000000001e0d       0x33 /home/arduino/.local/share/arduino-app-cli/examples/led-matrix-painter/.cache/sketch/core/core.a(main.cpp.o)
 .debug_rnglists
                0x0000000000001e40       0x7f /home/arduino/.local/share/arduino-app-cli/examples/led-matrix-painter/.cache/sketch/core/core.a(new.cpp.o)
 .debug_rnglists
                0x0000000000001ebf       0x3a /home/arduino/.local/share/arduino-app-cli/examples/led-matrix-painter/.cache/sketch/core/core.a(threads.cpp.o)
 .debug_rnglists
                0x0000000000001ef9      0x2cc /home/arduino/.local/share/arduino-app-cli/examples/led-matrix-painter/.cache/sketch/core/core.a(zephyrCommon.cpp.o)
 .debug_rnglists
                0x00000000000021c5      0x1c2 /home/arduino/.local/share/arduino-app-cli/examples/led-matrix-painter/.cache/sketch/core/core.a(zephyrSerial.cpp.o)

.debug_line     0x0000000000000000     0xf6a1
 .debug_line    0x0000000000000000     0x87bf /home/arduino/.local/share/arduino-app-cli/examples/led-matrix-painter/.cache/sketch/sketch/sketch.ino.cpp.o
 .debug_line    0x00000000000087bf      0x138 /home/arduino/.local/share/arduino-app-cli/examples/led-matrix-painter/.cache/sketch/core/core.a(abi.cpp.o)
 .debug_line    0x00000000000088f7      0xc5a /home/arduino/.local/share/arduino-app-cli/examples/led-matrix-painter/.cache/sketch/core/core.a(Print.cpp.o)
 .debug_line    0x0000000000009551      0x8d4 /home/arduino/.local/share/arduino-app-cli/examples/led-matrix-painter/.cache/sketch/core/core.a(Stream.cpp.o)
 .debug_line    0x0000000000009e25     0x1a12 /home/arduino/.local/share/arduino-app-cli/examples/led-matrix-painter/.cache/sketch/core/core.a(String.cpp.o)
 .debug_line    0x000000000000b837      0x32d /home/arduino/.local/share/arduino-app-cli/examples/led-matrix-painter/.cache/sketch/core/core.a(itoa.cpp.o)
 .debug_line    0x000000000000bb64      0x83b /home/arduino/.local/share/arduino-app-cli/examples/led-matrix-painter/.cache/sketch/core/core.a(main.cpp.o)
 .debug_line    0x000000000000c39f      0x36b /home/arduino/.local/share/arduino-app-cli/examples/led-matrix-painter/.cache/sketch/core/core.a(new.cpp.o)
 .debug_line    0x000000000000c70a      0x860 /home/arduino/.local/share/arduino-app-cli/examples/led-matrix-painter/.cache/sketch/core/core.a(threads.cpp.o)
 .debug_line    0x000000000000cf6a     0x17b8 /home/arduino/.local/share/arduino-app-cli/examples/led-matrix-painter/.cache/sketch/core/core.a(zephyrCommon.cpp.o)