Archive member included to satisfy reference by file (symbol)

/home/arduino/ArduinoApps/motores_test/.cache/sketch/core/core.a(abi.cpp.o)
                              /home/arduino/ArduinoApps/motores_test/.cache/sketch/sketch/sketch.ino.cpp.o (std::__throw_length_error(char const*))
/home/arduino/ArduinoApps/motores_test/.cache/sketch/core/core.a(Print.cpp.o)
                              /home/arduino/ArduinoApps/motores_test/.cache/sketch/sketch/sketch.ino.cpp.o (arduino::Print::println(char const*))
/home/arduino/ArduinoApps/motores_test/.cache/sketch/core/core.a(Stream.cpp.o)
                              /home/arduino/ArduinoApps/motores_test/.cache/sketch/sketch/sketch.ino.cpp.o (arduino::Stream::setTimeout(unsigned long))
/home/arduino/ArduinoApps/motores_test/.cache/sketch/core/core.a(String.cpp.o)
                              /home/arduino/ArduinoApps/motores_test/.cache/sketch/sketch/sketch.ino.cpp.o (arduino::String::String(arduino::String&&))
/home/arduino/ArduinoApps/motores_test/.cache/sketch/core/core.a(itoa.cpp.o)
                              /home/arduino/ArduinoApps/motores_test/.cache/sketch/core/core.a(String.cpp.o) (dtostrf)
/home/arduino/ArduinoApps/motores_test/.cache/sketch/core/core.a(main.cpp.o)
                              (main)
/home/arduino/ArduinoApps/motores_test/.cache/sketch/core/core.a(new.cpp.o)
                              /home/arduino/ArduinoApps/motores_test/.cache/sketch/sketch/sketch.ino.cpp.o (operator new(unsigned int))
/home/arduino/ArduinoApps/motores_test/.cache/sketch/core/core.a(threads.cpp.o)
                              /home/arduino/ArduinoApps/motores_test/.cache/sketch/core/core.a(main.cpp.o) (start_static_threads())
/home/arduino/ArduinoApps/motores_test/.cache/sketch/core/core.a(zephyrCommon.cpp.o)
                              /home/arduino/ArduinoApps/motores_test/.cache/sketch/sketch/sketch.ino.cpp.o (pinMode)
/home/arduino/ArduinoApps/motores_test/.cache/sketch/core/core.a(zephyrSerial.cpp.o)
                              /home/arduino/ArduinoApps/motores_test/.cache/sketch/sketch/sketch.ino.cpp.o (arduino::ZephyrSerial::begin(unsigned long, unsigned short))
/home/arduino/ArduinoApps/motores_test/.cache/sketch/core/core.a(Common.cpp.o)
                              /home/arduino/ArduinoApps/motores_test/.cache/sketch/core/core.a(zephyrCommon.cpp.o) (map(long, long, long, long, long))

Discarded input sections

 .group         0x0000000000000000        0x8 /home/arduino/ArduinoApps/motores_test/.cache/sketch/sketch/sketch.ino.cpp.o
 .group         0x0000000000000000        0x8 /home/arduino/ArduinoApps/motores_test/.cache/sketch/sketch/sketch.ino.cpp.o
 .group         0x0000000000000000        0x8 /home/arduino/ArduinoApps/motores_test/.cache/sketch/sketch/sketch.ino.cpp.o
 .group         0x0000000000000000        0x8 /home/arduino/ArduinoApps/motores_test/.cache/sketch/sketch/sketch.ino.cpp.o
 .group         0x0000000000000000       0x10 /home/arduino/ArduinoApps/motores_test/.cache/sketch/sketch/sketch.ino.cpp.o
 .group         0x0000000000000000        0x8 /home/arduino/ArduinoApps/motores_test/.cache/sketch/sketch/sketch.ino.cpp.o
 .group         0x0000000000000000       0x24 /home/arduino/ArduinoApps/motores_test/.cache/sketch/sketch/sketch.ino.cpp.o
 .group         0x0000000000000000        0xc /home/arduino/ArduinoApps/motores_test/.cache/sketch/sketch/sketch.ino.cpp.o
 .group         0x0000000000000000        0xc /home/arduino/ArduinoApps/motores_test/.cache/sketch/sketch/sketch.ino.cpp.o
 .group         0x0000000000000000        0xc /home/arduino/ArduinoApps/motores_test/.cache/sketch/sketch/sketch.ino.cpp.o
 .group         0x0000000000000000        0xc /home/arduino/ArduinoApps/motores_test/.cache/sketch/sketch/sketch.ino.cpp.o
 .group         0x0000000000000000        0xc /home/arduino/ArduinoApps/motores_test/.cache/sketch/sketch/sketch.ino.cpp.o
 .group         0x0000000000000000        0x8 /home/arduino/ArduinoApps/motores_test/.cache/sketch/sketch/sketch.ino.cpp.o
 .group         0x0000000000000000        0x8 /home/arduino/ArduinoApps/motores_test/.cache/sketch/sketch/sketch.ino.cpp.o
 .group         0x0000000000000000        0x8 /home/arduino/ArduinoApps/motores_test/.cache/sketch/sketch/sketch.ino.cpp.o
 .group         0x0000000000000000        0xc /home/arduino/ArduinoApps/motores_test/.cache/sketch/sketch/sketch.ino.cpp.o
 .group         0x0000000000000000        0x8 /home/arduino/ArduinoApps/motores_test/.cache/sketch/sketch/sketch.ino.cpp.o
 .group         0x0000000000000000        0xc /home/arduino/ArduinoApps/motores_test/.cache/sketch/sketch/sketch.ino.cpp.o
 .group         0x0000000000000000        0xc /home/arduino/ArduinoApps/motores_test/.cache/sketch/sketch/sketch.ino.cpp.o
 .group         0x0000000000000000        0x8 /home/arduino/ArduinoApps/motores_test/.cache/sketch/sketch/sketch.ino.cpp.o
[...]
Memory Configuration

Name             Origin             Length             Attributes
*default*        0x0000000000000000 0xffffffffffffffff

Linker script and memory map

LOAD /home/arduino/.arduino15/packages/zephyr/tools/arm-zephyr-eabi/0.16.8/bin/../lib/gcc/../../picolibc/arm-zephyr-eabi/lib/thumb/v8-m.main+fp/hard/libstdc++.a
LOAD /home/arduino/.arduino15/packages/zephyr/tools/arm-zephyr-eabi/0.16.8/bin/../lib/gcc/../../picolibc/arm-zephyr-eabi/lib/thumb/v8-m.main+fp/hard/libsupc++.a
LOAD /home/arduino/.arduino15/packages/zephyr/tools/arm-zephyr-eabi/0.16.8/bin/../lib/gcc/arm-zephyr-eabi/12.2.0/../../../../arm-zephyr-eabi/lib/thumb/v8-m.main+fp/hard/libnosys.a
LOAD /home/arduino/ArduinoApps/motores_test/.cache/sketch/sketch/sketch.ino.cpp.o
LOAD /home/arduino/ArduinoApps/motores_test/.cache/sketch/core/analogReference.cpp.o
START GROUP
LOAD /home/arduino/ArduinoApps/motores_test/.cache/sketch/core/core.a
LOAD /home/arduino/.arduino15/packages/zephyr/tools/arm-zephyr-eabi/0.16.8/bin/../lib/gcc/../../picolibc/arm-zephyr-eabi/lib/thumb/v8-m.main+fp/hard/libstdc++.a
LOAD /home/arduino/.arduino15/packages/zephyr/tools/arm-zephyr-eabi/0.16.8/bin/../lib/gcc/../../picolibc/arm-zephyr-eabi/lib/thumb/v8-m.main+fp/hard/libsupc++.a
END GROUP

/DISCARD/
 *(.ARM.attributes)
 *(.ARM.attributes.*)
 *(.ARM.exidx)
 *(.ARM.exidx.*)
 *(.ARM.extidx)
 *(.ARM.extidx.*)
 *(.ARM.extab)
 *(.ARM.extab.*)
 *(.comment)
 *(.comment.*)
 *(.llvmbc)
 *(.llvmcmd)
 *(.eh_frame)
 *stdexcept.o()
 *eh_*.o()
 *cow-stdexcept.o()
 *functexcept.o()
 *cow-string-inst.o()

.text           0x0000000000000000     0x4714
 *(.text)
 *(.stub)
 *(.text*)
 .text._ZN7arduino5Print17availableForWriteEv
                0x0000000000000000        0x4 /home/arduino/ArduinoApps/motores_test/.cache/sketch/sketch/sketch.ino.cpp.o
                0x0000000000000000                arduino::Print::availableForWrite()
 .text._ZN7arduino5Print5flushEv
                0x0000000000000004        0x2 /home/arduino/ArduinoApps/motores_test/.cache/sketch/sketch/sketch.ino.cpp.o
                0x0000000000000004                arduino::Print::flush()
 .text._ZN15SerialTransport9availableEv
                0x0000000000000006       0x12 /home/arduino/ArduinoApps/motores_test/.cache/sketch/sketch/sketch.ino.cpp.o
                0x0000000000000006                SerialTransport::available()
 .text._ZN15SerialTransport5writeEPKhj
                0x0000000000000018       0x10 /home/arduino/ArduinoApps/motores_test/.cache/sketch/sketch/sketch.ino.cpp.o
                0x0000000000000018                SerialTransport::write(unsigned char const*, unsigned int)
 .text._ZN15SerialTransportD2Ev
                0x0000000000000028        0x2 /home/arduino/ArduinoApps/motores_test/.cache/sketch/sketch/sketch.ino.cpp.o
                0x0000000000000028                SerialTransport::~SerialTransport()
                0x0000000000000028                SerialTransport::~SerialTransport()
 .text._ZN13BridgeMonitorILj512EE5writeEh
                0x000000000000002a       0x18 /home/arduino/ArduinoApps/motores_test/.cache/sketch/sketch/sketch.ino.cpp.o
                0x000000000000002a                BridgeMonitor<512u>::write(unsigned char)
 *fill*         0x0000000000000042        0x2 
 .text.k_yield  0x0000000000000044        0x8 /home/arduino/ArduinoApps/motores_test/.cache/sketch/sketch/sketch.ino.cpp.o
 .text.__tcf_1  0x000000000000004c       0x10 /home/arduino/ArduinoApps/motores_test/.cache/sketch/sketch/sketch.ino.cpp.o
 .text._ZN15SerialTransportD0Ev
                0x000000000000005c       0x14 /home/arduino/ArduinoApps/motores_test/.cache/sketch/sketch/sketch.ino.cpp.o
                0x000000000000005c                SerialTransport::~SerialTransport()
 .text._ZN15SerialTransport4readEPhj
                0x0000000000000070       0x28 /home/arduino/ArduinoApps/motores_test/.cache/sketch/sketch/sketch.ino.cpp.o
                0x0000000000000070                SerialTransport::read(unsigned char*, unsigned int)
 .text._ZN15SerialTransport9read_byteERh
                0x0000000000000098       0x20 /home/arduino/ArduinoApps/motores_test/.cache/sketch/sketch/sketch.ino.cpp.o
                0x0000000000000098                SerialTransport::read_byte(unsigned char&)
 .text.k_mutex_lock
                0x00000000000000b8        0x8 /home/arduino/ArduinoApps/motores_test/.cache/sketch/sketch/sketch.ino.cpp.o
 .text._ZSt14__relocate_a_1IhhENSt9enable_ifIXsrSt24__is_bitwise_relocatableIT_vE5valueEPS2_E4typeES4_S4_S4_RSaIT0_E.isra.0
                0x00000000000000c0       0x20 /home/arduino/ArduinoApps/motores_test/.cache/sketch/sketch/sketch.ino.cpp.o
 .text._ZNSt12_Vector_baseIhSaIhEE11_M_allocateEj.isra.0
                0x00000000000000e0       0x20 /home/arduino/ArduinoApps/motores_test/.cache/sketch/sketch/sketch.ino.cpp.o
 .text.k_mutex_unlock.isra.0
                0x0000000000000100        0x8 /home/arduino/ArduinoApps/motores_test/.cache/sketch/sketch/sketch.ino.cpp.o
 .text._ZN13BridgeMonitorILj512EE4readEv
                0x0000000000000108       0x64 /home/arduino/ArduinoApps/motores_test/.cache/sketch/sketch/sketch.ino.cpp.o
                0x0000000000000108                BridgeMonitor<512u>::read()
 .text._ZN13BridgeMonitorILj512EE4peekEv
                0x000000000000016c       0x44 /home/arduino/ArduinoApps/motores_test/.cache/sketch/sketch/sketch.ino.cpp.o
                0x000000000000016c                BridgeMonitor<512u>::peek()
 .text.k_msleep.constprop.0.isra.0
                0x00000000000001b0        0xc /home/arduino/ArduinoApps/motores_test/.cache/sketch/sketch/sketch.ino.cpp.o
 .text._ZN18Arduino_LED_Matrix9loadFrameEPKj
                0x00000000000001bc       0x5c /home/arduino/ArduinoApps/motores_test/.cache/sketch/sketch/sketch.ino.cpp.o
                0x00000000000001bc                Arduino_LED_Matrix::loadFrame(unsigned int const*)
 .text._ZN7arduino7msgpack8Unpacker11deserializeEv
                0x0000000000000218       0x16 /home/arduino/ArduinoApps/motores_test/.cache/sketch/sketch/sketch.ino.cpp.o
                0x0000000000000218                arduino::msgpack::Unpacker::deserialize()
 .text._ZN7arduino7msgpack8Unpacker5clearEv
                0x000000000000022e       0x14 /home/arduino/ArduinoApps/motores_test/.cache/sketch/sketch/sketch.ino.cpp.o
                0x000000000000022e                arduino::msgpack::Unpacker::clear()
 .text._ZNK7arduino7msgpack8Unpacker13getRawBytePtrEjj
                0x0000000000000242       0x1e /home/arduino/ArduinoApps/motores_test/.cache/sketch/sketch/sketch.ino.cpp.o
                0x0000000000000242                arduino::msgpack::Unpacker::getRawBytePtr(unsigned int, unsigned int) const
 .text._ZN8RpcErrorC2Ev
                0x0000000000000260       0x2c /home/arduino/ArduinoApps/motores_test/.cache/sketch/sketch/sketch.ino.cpp.o
                0x0000000000000260                RpcError::RpcError()
                0x0000000000000260                RpcError::RpcError()
 .text._ZN7arduino7msgpack8UnpackerC2Ev
                0x000000000000028c       0x10 /home/arduino/ArduinoApps/motores_test/.cache/sketch/sketch/sketch.ino.cpp.o
                0x000000000000028c                arduino::msgpack::Unpacker::Unpacker()
                0x000000000000028c                arduino::msgpack::Unpacker::Unpacker()
 .text._ZN10RPCRequestILj256EEC2Ev
                0x000000000000029c       0x4c /home/arduino/ArduinoApps/motores_test/.cache/sketch/sketch/sketch.ino.cpp.o
                0x000000000000029c                RPCRequest<256u>::RPCRequest()
                0x000000000000029c                RPCRequest<256u>::RPCRequest()
 .text._Z6avanzaiiii
                0x00000000000002e8       0x3c /home/arduino/ArduinoApps/motores_test/.cache/sketch/sketch/sketch.ino.cpp.o
                0x00000000000002e8                avanza(int, int, int, int)
 .text.pulseIn  0x0000000000000324       0x68 /home/arduino/ArduinoApps/motores_test/.cache/sketch/sketch/sketch.ino.cpp.o
                0x0000000000000324                pulseIn
 .text._Z11distanciaCMii
                0x000000000000038c       0x64 /home/arduino/ArduinoApps/motores_test/.cache/sketch/sketch/sketch.ino.cpp.o
                0x000000000000038c                distanciaCM(int, int)
 .text._ZNSt12_Vector_baseIhSaIhEED2Ev
                0x00000000000003f0       0x18 /home/arduino/ArduinoApps/motores_test/.cache/sketch/sketch/sketch.ino.cpp.o
                0x00000000000003f0                std::_Vector_base<unsigned char, std::allocator<unsigned char> >::~_Vector_base()
                0x00000000000003f0                std::_Vector_base<unsigned char, std::allocator<unsigned char> >::~_Vector_base()
 .text.__tcf_3  0x0000000000000408       0x14 /home/arduino/ArduinoApps/motores_test/.cache/sketch/sketch/sketch.ino.cpp.o
 .text.__tcf_2  0x000000000000041c       0x14 /home/arduino/ArduinoApps/motores_test/.cache/sketch/sketch/sketch.ino.cpp.o
 .text._ZNSt6vectorIhSaIhEE14_M_move_assignEOS1_St17integral_constantIbLb1EE.isra.0
                0x0000000000000430       0x34 /home/arduino/ArduinoApps/motores_test/.cache/sketch/sketch/sketch.ino.cpp.o
 .text._ZNK7arduino7msgpack8Unpacker11getRawBytesIhEET_jj
                0x0000000000000464       0x1e /home/arduino/ArduinoApps/motores_test/.cache/sketch/sketch/sketch.ino.cpp.o
                0x0000000000000464                unsigned char arduino::msgpack::Unpacker::getRawBytes<unsigned char>(unsigned int, unsigned int) const
 *fill*         0x0000000000000482        0x2 
 .text._ZNK7arduino7msgpack8Unpacker7getTypeEj
                0x0000000000000484       0x58 /home/arduino/ArduinoApps/motores_test/.cache/sketch/sketch/sketch.ino.cpp.o
                0x0000000000000484                arduino::msgpack::Unpacker::getType(unsigned int) const
 .text._ZNK7arduino7msgpack8Unpacker7getTypeEv
                0x00000000000004dc       0x10 /home/arduino/ArduinoApps/motores_test/.cache/sketch/sketch/sketch.ino.cpp.o
                0x00000000000004dc                arduino::msgpack::Unpacker::getType() const
 .text._ZN7arduino7msgpack8Unpacker11unpackInt32Ev
                0x00000000000004ec       0x58 /home/arduino/ArduinoApps/motores_test/.cache/sketch/sketch/sketch.ino.cpp.o
                0x00000000000004ec                arduino::msgpack::Unpacker::unpackInt32()
 .text._ZN7arduino7msgpack8Unpacker11unpackInt64Ev
                0x0000000000000544       0x60 /home/arduino/ArduinoApps/motores_test/.cache/sketch/sketch/sketch.ino.cpp.o
                0x0000000000000544                arduino::msgpack::Unpacker::unpackInt64()
 .text._ZN7arduino7msgpack8Unpacker9unpackNilEv
                0x00000000000005a4       0x3c /home/arduino/ArduinoApps/motores_test/.cache/sketch/sketch/sketch.ino.cpp.o
                0x00000000000005a4                arduino::msgpack::Unpacker::unpackNil()
 .text._ZNK7arduino7msgpack8Unpacker7isArrayEv
                0x00000000000005e0       0x20 /home/arduino/ArduinoApps/motores_test/.cache/sketch/sketch/sketch.ino.cpp.o
                0x00000000000005e0                arduino::msgpack::Unpacker::isArray() const
 .text._ZNK7arduino7msgpack8Unpacker5isMapEv
                0x0000000000000600       0x20 /home/arduino/ArduinoApps/motores_test/.cache/sketch/sketch/sketch.ino.cpp.o
                0x0000000000000600                arduino::msgpack::Unpacker::isMap() const
 .text._ZNK7arduino7msgpack8Unpacker5isIntEv
                0x0000000000000620       0x20 /home/arduino/ArduinoApps/motores_test/.cache/sketch/sketch/sketch.ino.cpp.o
                0x0000000000000620                arduino::msgpack::Unpacker::isInt() const
 .text._ZNK7arduino7msgpack8Unpacker6isUIntEv
                0x0000000000000640       0x20 /home/arduino/ArduinoApps/motores_test/.cache/sketch/sketch/sketch.ino.cpp.o
                0x0000000000000640                arduino::msgpack::Unpacker::isUInt() const
 .text._ZN7arduino7msgpack8Unpacker13unpackFloat32Ev
                0x0000000000000660       0x60 /home/arduino/ArduinoApps/motores_test/.cache/sketch/sketch/sketch.ino.cpp.o
                0x0000000000000660                arduino::msgpack::Unpacker::unpackFloat32()
 .text._ZN7arduino7msgpack8Unpacker11unpackInt16Ev
                0x00000000000006c0       0x4c /home/arduino/ArduinoApps/motores_test/.cache/sketch/sketch/sketch.ino.cpp.o
                0x00000000000006c0                arduino::msgpack::Unpacker::unpackInt16()
 *fill*         0x000000000000070c        0x4 
 .text._ZN7arduino7msgpack8Unpacker13unpackFloat64Ev
                0x0000000000000710       0x6c /home/arduino/ArduinoApps/motores_test/.cache/sketch/sketch/sketch.ino.cpp.o
                0x0000000000000710                arduino::msgpack::Unpacker::unpackFloat64()
 .text._ZN7arduino7msgpack8Unpacker10unpackInt5Ev
                0x000000000000077c       0x4c /home/arduino/ArduinoApps/motores_test/.cache/sketch/sketch/sketch.ino.cpp.o
                0x000000000000077c                arduino::msgpack::Unpacker::unpackInt5()
 .text._ZN7arduino7msgpack8Unpacker11unpackUInt7Ev
                0x00000000000007c8       0x48 /home/arduino/ArduinoApps/motores_test/.cache/sketch/sketch/sketch.ino.cpp.o
                0x00000000000007c8                arduino::msgpack::Unpacker::unpackUInt7()
 .text._ZN7arduino7msgpack8Unpacker11unpackUInt8Ev
                0x0000000000000810       0x48 /home/arduino/ArduinoApps/motores_test/.cache/sketch/sketch/sketch.ino.cpp.o
                0x0000000000000810                arduino::msgpack::Unpacker::unpackUInt8()
 .text._ZNK7arduino7msgpack8Unpacker11getRawBytesItEET_jj
                0x0000000000000858       0x26 /home/arduino/ArduinoApps/motores_test/.cache/sketch/sketch/sketch.ino.cpp.o
                0x0000000000000858                unsigned short arduino::msgpack::Unpacker::getRawBytes<unsigned short>(unsigned int, unsigned int) const
 *fill*         0x000000000000087e        0x2 
 .text._ZN7arduino7msgpack8Unpacker12unpackUInt16Ev
                0x0000000000000880       0x48 /home/arduino/ArduinoApps/motores_test/.cache/sketch/sketch/sketch.ino.cpp.o
                0x0000000000000880                arduino::msgpack::Unpacker::unpackUInt16()
 .text._ZNK7arduino7msgpack8Unpacker11getRawBytesIjEET_jj
                0x00000000000008c8       0x34 /home/arduino/ArduinoApps/motores_test/.cache/sketch/sketch/sketch.ino.cpp.o
                0x00000000000008c8                unsigned int arduino::msgpack::Unpacker::getRawBytes<unsigned int>(unsigned int, unsigned int) const
 .text._ZNK7arduino7msgpack8Unpacker14getElementSizeEj
                0x00000000000008fc      0x11c /home/arduino/ArduinoApps/motores_test/.cache/sketch/sketch/sketch.ino.cpp.o
                0x00000000000008fc                arduino::msgpack::Unpacker::getElementSize(unsigned int) const
 .text._ZN7arduino7msgpack8Unpacker15unpackArraySizeEv
                0x0000000000000a18       0x78 /home/arduino/ArduinoApps/motores_test/.cache/sketch/sketch/sketch.ino.cpp.o
                0x0000000000000a18                arduino::msgpack::Unpacker::unpackArraySize()
 .text._ZN7arduino7msgpack8Unpacker11deserializeINS0_4type9ArraySizeEJEEEbRT_DpOT0_.isra.0
                0x0000000000000a90       0x40 /home/arduino/ArduinoApps/motores_test/.cache/sketch/sketch/sketch.ino.cpp.o
 .text._ZN7arduino7msgpack8Unpacker12unpackUInt32Ev
                0x0000000000000ad0       0x48 /home/arduino/ArduinoApps/motores_test/.cache/sketch/sketch/sketch.ino.cpp.o
                0x0000000000000ad0                arduino::msgpack::Unpacker::unpackUInt32()
 .text._ZN7arduino7msgpack8Unpacker13unpackMapSizeEv
                0x0000000000000b18       0x78 /home/arduino/ArduinoApps/motores_test/.cache/sketch/sketch/sketch.ino.cpp.o
                0x0000000000000b18                arduino::msgpack::Unpacker::unpackMapSize()
 .text._ZNK7arduino7msgpack8Unpacker11getRawBytesIyEET_jj
                0x0000000000000b90       0x3a /home/arduino/ArduinoApps/motores_test/.cache/sketch/sketch/sketch.ino.cpp.o
                0x0000000000000b90                unsigned long long arduino::msgpack::Unpacker::getRawBytes<unsigned long long>(unsigned int, unsigned int) const
 *fill*         0x0000000000000bca        0x2 
 .text._ZN7arduino7msgpack8Unpacker12unpackUInt64Ev
                0x0000000000000bcc       0x4c /home/arduino/ArduinoApps/motores_test/.cache/sketch/sketch/sketch.ino.cpp.o
                0x0000000000000bcc                arduino::msgpack::Unpacker::unpackUInt64()
 .text._ZNK7arduino7msgpack8Unpacker11getRawBytesIaEET_jj
                0x0000000000000c18       0x1e /home/arduino/ArduinoApps/motores_test/.cache/sketch/sketch/sketch.ino.cpp.o
                0x0000000000000c18                signed char arduino::msgpack::Unpacker::getRawBytes<signed char>(unsigned int, unsigned int) const
 *fill*         0x0000000000000c36        0x2 
 .text._ZN7arduino7msgpack8Unpacker10unpackInt8Ev
                0x0000000000000c38       0x48 /home/arduino/ArduinoApps/motores_test/.cache/sketch/sketch/sketch.ino.cpp.o
                0x0000000000000c38                arduino::msgpack::Unpacker::unpackInt8()
 .text._ZNK7arduino7msgpack8Unpacker13isTimestamp32Ev
                0x0000000000000c80       0x2c /home/arduino/ArduinoApps/motores_test/.cache/sketch/sketch/sketch.ino.cpp.o
                0x0000000000000c80                arduino::msgpack::Unpacker::isTimestamp32() const
 .text._ZNK7arduino7msgpack8Unpacker13isTimestamp64Ev
                0x0000000000000cac       0x2c /home/arduino/ArduinoApps/motores_test/.cache/sketch/sketch/sketch.ino.cpp.o
                0x0000000000000cac                arduino::msgpack::Unpacker::isTimestamp64() const
 .text._ZNK7arduino7msgpack8Unpacker13isTimestamp96Ev
                0x0000000000000cd8       0x40 /home/arduino/ArduinoApps/motores_test/.cache/sketch/sketch/sketch.ino.cpp.o
                0x0000000000000cd8                arduino::msgpack::Unpacker::isTimestamp96() const
 .text._ZNK7arduino7msgpack8Unpacker11getRawBytesIcEET_jj
                0x0000000000000d18       0x1e /home/arduino/ArduinoApps/motores_test/.cache/sketch/sketch/sketch.ino.cpp.o
                0x0000000000000d18                char arduino::msgpack::Unpacker::getRawBytes<char>(unsigned int, unsigned int) const
 *fill*         0x0000000000000d36        0x2 
 .text._ZN7arduino7msgpack8Unpacker11deserializeINS0_6object5nil_tEJEEEbRT_DpOT0_
                0x0000000000000d38       0x40 /home/arduino/ArduinoApps/motores_test/.cache/sketch/sketch/sketch.ino.cpp.o
                0x0000000000000d38                bool arduino::msgpack::Unpacker::deserialize<arduino::msgpack::object::nil_t>(arduino::msgpack::object::nil_t&)
 .text._ZN7arduino7msgpack8Unpacker11deserializeIbJEEEbRT_DpOT0_
                0x0000000000000d78       0x68 /home/arduino/ArduinoApps/motores_test/.cache/sketch/sketch/sketch.ino.cpp.o
                0x0000000000000d78                bool arduino::msgpack::Unpacker::deserialize<bool>(bool&)
 .text._ZN7arduino7msgpack8Unpacker11deserializeINS_6StringEJEEEbRT_DpOT0_
                0x0000000000000de0      0x174 /home/arduino/ArduinoApps/motores_test/.cache/sketch/sketch/sketch.ino.cpp.o
                0x0000000000000de0                bool arduino::msgpack::Unpacker::deserialize<arduino::String>(arduino::String&)
 .text._ZN7arduino7msgpack8Unpacker11deserializeINS0_6object8timespecEJEEEbRT_DpOT0_
                0x0000000000000f54       0xc4 /home/arduino/ArduinoApps/motores_test/.cache/sketch/sketch/sketch.ino.cpp.o
                0x0000000000000f54                bool arduino::msgpack::Unpacker::deserialize<arduino::msgpack::object::timespec>(arduino::msgpack::object::timespec&)
 .text._ZN17RpcDecoderManagerILj3EE10getDecoderER10ITransport
                0x0000000000001018       0x74 /home/arduino/ArduinoApps/motores_test/.cache/sketch/sketch/sketch.ino.cpp.o
                0x0000000000001018                RpcDecoderManager<3u>::getDecoder(ITransport&)
 .text._ZNSt12_Vector_baseIjSaIjEED2Ev
                0x000000000000108c       0x18 /home/arduino/ArduinoApps/motores_test/.cache/sketch/sketch/sketch.ino.cpp.o
                0x000000000000108c                std::_Vector_base<unsigned int, std::allocator<unsigned int> >::~_Vector_base()
                0x000000000000108c                std::_Vector_base<unsigned int, std::allocator<unsigned int> >::~_Vector_base()
 .text._ZN10RPCRequestILj256EED2Ev
                0x00000000000010a4       0x2c /home/arduino/ArduinoApps/motores_test/.cache/sketch/sketch/sketch.ino.cpp.o
                0x00000000000010a4                RPCRequest<256u>::~RPCRequest()
                0x00000000000010a4                RPCRequest<256u>::~RPCRequest()
 .text._ZNSt6vectorIjSaIjEE17_M_realloc_insertIJRjEEEvN9__gnu_cxx17__normal_iteratorIPjS1_EEDpOT_
                0x00000000000010d0       0xdc /home/arduino/ArduinoApps/motores_test/.cache/sketch/sketch/sketch.ino.cpp.o
                0x00000000000010d0                void std::vector<unsigned int, std::allocator<unsigned int> >::_M_realloc_insert<unsigned int&>(__gnu_cxx::__normal_iterator<unsigned int*, std::vector<unsigned int, std::allocator<unsigned int> > >, unsigned int&)
 .text._ZN7arduino7msgpack8Unpacker4feedEPKhj
                0x00000000000011ac       0x78 /home/arduino/ArduinoApps/motores_test/.cache/sketch/sketch/sketch.ino.cpp.o
                0x00000000000011ac                arduino::msgpack::Unpacker::feed(unsigned char const*, unsigned int)
 .text._ZNKSt6vectorIhSaIhEE12_M_check_lenEjPKc
                0x0000000000001224       0x38 /home/arduino/ArduinoApps/motores_test/.cache/sketch/sketch/sketch.ino.cpp.o
                0x0000000000001224                std::vector<unsigned char, std::allocator<unsigned char> >::_M_check_len(unsigned int, char const*) const
 .text._ZNSt6vectorIhSaIhEE12emplace_backIJRKhEEERhDpOT_.isra.0
                0x000000000000125c       0x90 /home/arduino/ArduinoApps/motores_test/.cache/sketch/sketch/sketch.ino.cpp.o
 .text._ZNSt6vectorIhSaIhEE12emplace_backIJhEEERhDpOT_.isra.0
                0x00000000000012ec       0x90 /home/arduino/ArduinoApps/motores_test/.cache/sketch/sketch/sketch.ino.cpp.o
 .text._ZN7arduino7msgpack8Unpacker11deserializeISt6vectorIhSaIhEEJEEEbRT_DpOT0_
                0x000000000000137c      0x13c /home/arduino/ArduinoApps/motores_test/.cache/sketch/sketch/sketch.ino.cpp.o
                0x000000000000137c                bool arduino::msgpack::Unpacker::deserialize<std::vector<unsigned char, std::allocator<unsigned char> >>(std::vector<unsigned char, std::allocator<unsigned char> >&)
 .text._ZN7arduino7msgpack6Packer11packRawByteERKNS0_4TypeE.isra.0
                0x00000000000014b8       0x18 /home/arduino/ArduinoApps/motores_test/.cache/sketch/sketch/sketch.ino.cpp.o
 .text._ZN7arduino7msgpack6Packer9packUInt8Eh
                0x00000000000014d0       0x2c /home/arduino/ArduinoApps/motores_test/.cache/sketch/sketch/sketch.ino.cpp.o
                0x00000000000014d0                arduino::msgpack::Packer::packUInt8(unsigned char)
 .text._ZNSt6vectorIhSaIhEE12emplace_backIJRhEEES3_DpOT_.isra.0
                0x00000000000014fc       0x90 /home/arduino/ArduinoApps/motores_test/.cache/sketch/sketch/sketch.ino.cpp.o
 .text._ZN7arduino7msgpack6Packer9packFloatIfEENSt9enable_ifIXaasrSt13is_arithmeticIT_E5valuesrSt17is_floating_pointIS5_E5valueEvE4typeERKS5_.isra.0
                0x000000000000158c       0x30 /home/arduino/ArduinoApps/motores_test/.cache/sketch/sketch/sketch.ino.cpp.o
 .text._ZN7arduino7msgpack6Packer15packRawReversedIjEEvRKT_
                0x00000000000015bc       0x1c /home/arduino/ArduinoApps/motores_test/.cache/sketch/sketch/sketch.ino.cpp.o
                0x00000000000015bc                void arduino::msgpack::Packer::packRawReversed<unsigned int>(unsigned int const&)
 .text._ZN7arduino7msgpack6Packer10packUInt32Ej
                0x00000000000015d8       0x28 /home/arduino/ArduinoApps/motores_test/.cache/sketch/sketch/sketch.ino.cpp.o
                0x00000000000015d8                arduino::msgpack::Packer::packUInt32(unsigned int)
 .text._ZN7arduino7msgpack6Packer15packRawReversedItEEvRKT_
                0x0000000000001600       0x1c /home/arduino/ArduinoApps/motores_test/.cache/sketch/sketch/sketch.ino.cpp.o
                0x0000000000001600                void arduino::msgpack::Packer::packRawReversed<unsigned short>(unsigned short const&)
 .text._ZN7arduino7msgpack6Packer13packArraySizeEj
                0x000000000000161c       0x58 /home/arduino/ArduinoApps/motores_test/.cache/sketch/sketch/sketch.ino.cpp.o
                0x000000000000161c                arduino::msgpack::Packer::packArraySize(unsigned int)
 .text._ZN7arduino7msgpack6Packer10packUInt16Et
                0x0000000000001674       0x2c /home/arduino/ArduinoApps/motores_test/.cache/sketch/sketch/sketch.ino.cpp.o
                0x0000000000001674                arduino::msgpack::Packer::packUInt16(unsigned short)
 .text._ZN7arduino7msgpack6Packer11packIntegerIjEENSt9enable_ifIXaaaaaasrSt13is_arithmeticIT_E5valuesrSt11is_integralIS5_E5valuentsrSt7is_sameIS5_bE5valuentsrS9_INSt9remove_cvIS5_E4typeEPcE5valueEvE4typeERKS5_.isra.0
                0x00000000000016a0       0x50 /home/arduino/ArduinoApps/motores_test/.cache/sketch/sketch/sketch.ino.cpp.o
 .text._ZN7arduino7msgpack6Packer11packIntegerIiEENSt9enable_ifIXaaaaaasrSt13is_arithmeticIT_E5valuesrSt11is_integralIS5_E5valuentsrSt7is_sameIS5_bE5valuentsrS9_INSt9remove_cvIS5_E4typeEPcE5valueEvE4typeERKS5_.isra.0
                0x00000000000016f0       0xb8 /home/arduino/ArduinoApps/motores_test/.cache/sketch/sketch/sketch.ino.cpp.o
 .text._ZN7arduino7msgpack6Packer12packRawBytesEPKcj
                0x00000000000017a8       0x9c /home/arduino/ArduinoApps/motores_test/.cache/sketch/sketch/sketch.ino.cpp.o
                0x00000000000017a8                arduino::msgpack::Packer::packRawBytes(char const*, unsigned int)
 .text._ZN7arduino7msgpack6Packer4packERKNS_6StringE
                0x0000000000001844       0x7c /home/arduino/ArduinoApps/motores_test/.cache/sketch/sketch/sketch.ino.cpp.o
                0x0000000000001844                arduino::msgpack::Packer::pack(arduino::String const&)
 .text._ZN7arduino7msgpack6Packer9serializeIJRKiRjRKNS_6StringEEEEvRKNS0_4type9ArraySizeEDpOT_.isra.0
                0x00000000000018c0       0x38 /home/arduino/ArduinoApps/motores_test/.cache/sketch/sketch/sketch.ino.cpp.o
 .text._ZN7arduino7msgpack8Unpacker9unpackIntIiEENSt9enable_ifIXaaaaaaaasrSt13is_arithmeticIT_E5valuesrSt11is_integralIS5_E5valuentsrSt7is_sameIS5_bE5valuentsrS9_INSt9remove_cvIS5_E4typeEPcE5valuesrSt9is_signedIS5_E5valueES5_E4typeEv
                0x00000000000018f8       0xd0 /home/arduino/ArduinoApps/motores_test/.cache/sketch/sketch/sketch.ino.cpp.o
                0x00000000000018f8                std::enable_if<(((std::is_arithmetic<int>::value&&std::is_integral<int>::value)&&(!std::is_same<int, bool>::value))&&(!std::is_same<std::remove_cv<int>::type, char*>::value))&&std::is_signed<int>::value, int>::type arduino::msgpack::Unpacker::unpackInt<int>()
 .text._ZN7arduino7msgpack8Unpacker11deserializeIiJEEEbRT_DpOT0_
                0x00000000000019c8       0x40 /home/arduino/ArduinoApps/motores_test/.cache/sketch/sketch/sketch.ino.cpp.o
                0x00000000000019c8                bool arduino::msgpack::Unpacker::deserialize<int>(int&)
 .text._ZN7arduino7msgpack8Unpacker11unpackFloatIfEENSt9enable_ifIXaasrSt13is_arithmeticIT_E5valuesrSt17is_floating_pointIS5_E5valueES5_E4typeEv
                0x0000000000001a08      0x118 /home/arduino/ArduinoApps/motores_test/.cache/sketch/sketch/sketch.ino.cpp.o
                0x0000000000001a08                std::enable_if<std::is_arithmetic<float>::value&&std::is_floating_point<float>::value, float>::type arduino::msgpack::Unpacker::unpackFloat<float>()
 .text._ZN7arduino7msgpack8Unpacker11unpackFloatIdEENSt9enable_ifIXaasrSt13is_arithmeticIT_E5valuesrSt17is_floating_pointIS5_E5valueES5_E4typeEv
                0x0000000000001b20      0x118 /home/arduino/ArduinoApps/motores_test/.cache/sketch/sketch/sketch.ino.cpp.o
                0x0000000000001b20                std::enable_if<std::is_arithmetic<double>::value&&std::is_floating_point<double>::value, double>::type arduino::msgpack::Unpacker::unpackFloat<double>()
 .text._ZN7arduino7msgpack8Unpacker11deserializeINS0_4type9ArraySizeEJRiEEEbRT_DpOT0_
                0x0000000000001c38       0x44 /home/arduino/ArduinoApps/motores_test/.cache/sketch/sketch/sketch.ino.cpp.o
                0x0000000000001c38                bool arduino::msgpack::Unpacker::deserialize<arduino::msgpack::type::ArraySize, int&>(arduino::msgpack::type::ArraySize&, int&)
 .text._ZNK10RpcDecoderILj1024EE4sendEPKhj
                0x0000000000001c7c       0x22 /home/arduino/ArduinoApps/motores_test/.cache/sketch/sketch/sketch.ino.cpp.o
                0x0000000000001c7c                RpcDecoder<1024u>::send(unsigned char const*, unsigned int) const
 *fill*         0x0000000000001c9e        0x2 
 .text._ZN9RPCClient8send_rpcIJEEEbRKN7arduino6StringERjDpOT_.isra.0
                0x0000000000001ca0       0x74 /home/arduino/ArduinoApps/motores_test/.cache/sketch/sketch/sketch.ino.cpp.o
 .text._ZN9RPCClient8send_rpcIJRKN7arduino6StringEEEEbS4_RjDpOT_.isra.0
                0x0000000000001d14       0x84 /home/arduino/ArduinoApps/motores_test/.cache/sketch/sketch/sketch.ino.cpp.o
 .text._ZN9RPCClient8send_rpcIJRKjEEEbRKN7arduino6StringERjDpOT_.isra.0
                0x0000000000001d98       0x84 /home/arduino/ArduinoApps/motores_test/.cache/sketch/sketch/sketch.ino.cpp.o
 .text.loop     0x0000000000001e1c      0x168 /home/arduino/ArduinoApps/motores_test/.cache/sketch/sketch/sketch.ino.cpp.o
                0x0000000000001e1c                loop
 .text._ZNK9RPCServer13send_responseILj256EEEbRK10RPCRequestIXT_EE.isra.0
                0x0000000000001f84       0x24 /home/arduino/ArduinoApps/motores_test/.cache/sketch/sketch/sketch.ino.cpp.o
 .text._ZN10RpcDecoderILj1024EE7consumeEjj
                0x0000000000001fa8       0x36 /home/arduino/ArduinoApps/motores_test/.cache/sketch/sketch/sketch.ino.cpp.o
                0x0000000000001fa8                RpcDecoder<1024u>::consume(unsigned int, unsigned int)
 *fill*         0x0000000000001fde        0x2 
 .text._ZN10RpcDecoderILj1024EE7discardEv
                0x0000000000001fe0       0x2c /home/arduino/ArduinoApps/motores_test/.cache/sketch/sketch/sketch.ino.cpp.o
                0x0000000000001fe0                RpcDecoder<1024u>::discard()
 .text._ZN7arduino7msgpack8Unpacker11deserializeI8RpcErrorJRNS0_6object5nil_tEEEEbRT_DpOT0_
                0x000000000000200c       0x90 /home/arduino/ArduinoApps/motores_test/.cache/sketch/sketch/sketch.ino.cpp.o
                0x000000000000200c                bool arduino::msgpack::Unpacker::deserialize<RpcError, arduino::msgpack::object::nil_t&>(RpcError&, arduino::msgpack::object::nil_t&)
 .text._ZN7arduino7msgpack8Unpacker10unpackUIntIjEENSt9enable_ifIXaaaaaaaasrSt13is_arithmeticIT_E5valuesrSt11is_integralIS5_E5valuentsrSt7is_sameIS5_bE5valuentsrS9_INSt9remove_cvIS5_E4typeEPcE5valuentsrSt9is_signedIS5_E5valueES5_E4typeEv
                0x000000000000209c       0x80 /home/arduino/ArduinoApps/motores_test/.cache/sketch/sketch/sketch.ino.cpp.o
                0x000000000000209c                std::enable_if<(((std::is_arithmetic<unsigned int>::value&&std::is_integral<unsigned int>::value)&&(!std::is_same<unsigned int, bool>::value))&&(!std::is_same<std::remove_cv<unsigned int>::type, char*>::value))&&(!std::is_signed<unsigned int>::value), unsigned int>::type arduino::msgpack::Unpacker::unpackUInt<unsigned int>()
 .text._ZN7arduino7msgpack8Unpacker11deserializeIjJRNS_6StringEEEEbRT_DpOT0_
                0x000000000000211c       0x44 /home/arduino/ArduinoApps/motores_test/.cache/sketch/sketch/sketch.ino.cpp.o
                0x000000000000211c                bool arduino::msgpack::Unpacker::deserialize<unsigned int, arduino::String&>(unsigned int&, arduino::String&)
 .text._ZN10RpcDecoderILj1024EE16fetch_rpc_methodEv
                0x0000000000002160       0xe8 /home/arduino/ArduinoApps/motores_test/.cache/sketch/sketch/sketch.ino.cpp.o
                0x0000000000002160                RpcDecoder<1024u>::fetch_rpc_method()
 .text._ZN10RPCRequestILj256EE22unpack_request_headersEv
                0x0000000000002248       0xb8 /home/arduino/ArduinoApps/motores_test/.cache/sketch/sketch/sketch.ino.cpp.o
                0x0000000000002248                RPCRequest<256u>::unpack_request_headers()
 .text._ZN9RPCServer15process_requestILj256EEEvR10RPCRequestIXT_EE
                0x0000000000002300      0x138 /home/arduino/ArduinoApps/motores_test/.cache/sketch/sketch/sketch.ino.cpp.o
                0x0000000000002300                void RPCServer::process_request<256u>(RPCRequest<256u>&)
 .text._ZN7arduino7msgpack8Unpacker11deserializeIjJEEEbRT_DpOT0_
                0x0000000000002438       0x40 /home/arduino/ArduinoApps/motores_test/.cache/sketch/sketch/sketch.ino.cpp.o
                0x0000000000002438                bool arduino::msgpack::Unpacker::deserialize<unsigned int>(unsigned int&)
 .text._ZN7arduino7msgpack8Unpacker11deserializeINS0_4type9ArraySizeEJRiRjEEEbRT_DpOT0_
                0x0000000000002478       0x78 /home/arduino/ArduinoApps/motores_test/.cache/sketch/sketch/sketch.ino.cpp.o
                0x0000000000002478                bool arduino::msgpack::Unpacker::deserialize<arduino::msgpack::type::ArraySize, int&, unsigned int&>(arduino::msgpack::type::ArraySize&, int&, unsigned int&)
 .text._ZN10RpcDecoderILj1024EE12get_responseIN7arduino7msgpack6object5nil_tEEEbjRT_R8RpcError
                0x00000000000024f0      0x168 /home/arduino/ArduinoApps/motores_test/.cache/sketch/sketch/sketch.ino.cpp.o
                0x00000000000024f0                bool RpcDecoder<1024u>::get_response<arduino::msgpack::object::nil_t>(unsigned int, arduino::msgpack::object::nil_t&, RpcError&)
 .text._ZN10RpcDecoderILj1024EE12get_responseIbEEbjRT_R8RpcError
                0x0000000000002658      0x168 /home/arduino/ArduinoApps/motores_test/.cache/sketch/sketch/sketch.ino.cpp.o
                0x0000000000002658                bool RpcDecoder<1024u>::get_response<bool>(unsigned int, bool&, RpcError&)
 .text._ZNSt11__copy_moveILb0ELb1ESt26random_access_iterator_tagE8__copy_mIhEEPT_PKS3_S6_S4_
                0x00000000000027c0       0x1c /home/arduino/ArduinoApps/motores_test/.cache/sketch/sketch/sketch.ino.cpp.o
                0x00000000000027c0                unsigned char* std::__copy_move<false, true, std::random_access_iterator_tag>::__copy_m<unsigned char>(unsigned char const*, unsigned char const*, unsigned char*)
 .text._ZNSt11__copy_moveILb1ELb1ESt26random_access_iterator_tagE8__copy_mIhEEPT_PKS3_S6_S4_
                0x00000000000027dc       0x1c /home/arduino/ArduinoApps/motores_test/.cache/sketch/sketch/sketch.ino.cpp.o
                0x00000000000027dc                unsigned char* std::__copy_move<true, true, std::random_access_iterator_tag>::__copy_m<unsigned char>(unsigned char const*, unsigned char const*, unsigned char*)
 .text._ZN7arduino7msgpack6object3extC2EaPKhj
                0x00000000000027f8      0x104 /home/arduino/ArduinoApps/motores_test/.cache/sketch/sketch/sketch.ino.cpp.o
                0x00000000000027f8                arduino::msgpack::object::ext::ext(signed char, unsigned char const*, unsigned int)
                0x00000000000027f8                arduino::msgpack::object::ext::ext(signed char, unsigned char const*, unsigned int)
 .text._ZN7arduino7msgpack8Unpacker9unpackExtEv
                0x00000000000028fc      0x178 /home/arduino/ArduinoApps/motores_test/.cache/sketch/sketch/sketch.ino.cpp.o
                0x00000000000028fc                arduino::msgpack::Unpacker::unpackExt()
 .text._ZN8RpcUtils6detail12unpackObjectERN7arduino7msgpack8UnpackerE
                0x0000000000002a74      0x294 /home/arduino/ArduinoApps/motores_test/.cache/sketch/sketch/sketch.ino.cpp.o
                0x0000000000002a74                RpcUtils::detail::unpackObject(arduino::msgpack::Unpacker&)
 .text._ZN10RpcDecoderILj1024EE12parse_packetEv
                0x0000000000002d08       0xf8 /home/arduino/ArduinoApps/motores_test/.cache/sketch/sketch/sketch.ino.cpp.o
                0x0000000000002d08                RpcDecoder<1024u>::parse_packet()
 .text._ZN10RpcDecoderILj1024EE6decodeEv
                0x0000000000002e00       0x40 /home/arduino/ArduinoApps/motores_test/.cache/sketch/sketch/sketch.ino.cpp.o
                0x0000000000002e00                RpcDecoder<1024u>::decode()
 .text._ZN9RPCServer7get_rpcILj256EEEbR10RPCRequestIXT_EEN7arduino6StringE
                0x0000000000002e40       0xc4 /home/arduino/ArduinoApps/motores_test/.cache/sketch/sketch/sketch.ino.cpp.o
                0x0000000000002e40                bool RPCServer::get_rpc<256u>(RPCRequest<256u>&, arduino::String)
 .text._ZN11BridgeClass11update_safeEv
                0x0000000000002f04       0xb0 /home/arduino/ArduinoApps/motores_test/.cache/sketch/sketch/sketch.ino.cpp.o
                0x0000000000002f04                BridgeClass::update_safe()
 .text._Z10__loopHookv
                0x0000000000002fb4       0x20 /home/arduino/ArduinoApps/motores_test/.cache/sketch/sketch/sketch.ino.cpp.o
                0x0000000000002fb4                __loopHook()
 .text._ZN11BridgeClass6updateEv
                0x0000000000002fd4       0xb0 /home/arduino/ArduinoApps/motores_test/.cache/sketch/sketch/sketch.ino.cpp.o
                0x0000000000002fd4                BridgeClass::update()
 .text._Z16updateEntryPointPvS_S_
                0x0000000000003084       0x24 /home/arduino/ArduinoApps/motores_test/.cache/sketch/sketch/sketch.ino.cpp.o
                0x0000000000003084                updateEntryPoint(void*, void*, void*)
 .text._ZN9RPCClient12get_responseIN7arduino7msgpack6object5nil_tEEEbjRT_R8RpcError
                0x00000000000030a8       0x40 /home/arduino/ArduinoApps/motores_test/.cache/sketch/sketch/sketch.ino.cpp.o
                0x00000000000030a8                bool RPCClient::get_response<arduino::msgpack::object::nil_t>(unsigned int, arduino::msgpack::object::nil_t&, RpcError&)
 .text._ZN8RpcUtils6detail9unpackMapERN7arduino7msgpack8UnpackerERj
                0x00000000000030e8       0x80 /home/arduino/ArduinoApps/motores_test/.cache/sketch/sketch/sketch.ino.cpp.o
                0x00000000000030e8                RpcUtils::detail::unpackMap(arduino::msgpack::Unpacker&, unsigned int&)
 .text._ZN10RpcDecoderILj1024EE12get_responseIjEEbjRT_R8RpcError
                0x0000000000003168      0x168 /home/arduino/ArduinoApps/motores_test/.cache/sketch/sketch/sketch.ino.cpp.o
                0x0000000000003168                bool RpcDecoder<1024u>::get_response<unsigned int>(unsigned int, unsigned int&, RpcError&)
 .text._ZN9RpcResultIJRN7arduino6StringEEE6resultIjEEbRT_
                0x00000000000032d0       0xbc /home/arduino/ArduinoApps/motores_test/.cache/sketch/sketch/sketch.ino.cpp.o
                0x00000000000032d0                bool RpcResult<arduino::String&>::result<unsigned int>(unsigned int&)
 .text._ZN13BridgeMonitorILj512EE5writeEPKhj
                0x000000000000338c      0x128 /home/arduino/ArduinoApps/motores_test/.cache/sketch/sketch/sketch.ino.cpp.o
                0x000000000000338c                BridgeMonitor<512u>::write(unsigned char const*, unsigned int)
 .text._ZN10RpcDecoderILj1024EE12get_responseISt6vectorIhSaIhEEEEbjRT_R8RpcError
                0x00000000000034b4      0x168 /home/arduino/ArduinoApps/motores_test/.cache/sketch/sketch/sketch.ino.cpp.o
                0x00000000000034b4                bool RpcDecoder<1024u>::get_response<std::vector<unsigned char, std::allocator<unsigned char> > >(unsigned int, std::vector<unsigned char, std::allocator<unsigned char> >&, RpcError&)
 .text._ZN9RpcResultIJRjEE6resultISt6vectorIhSaIhEEEEbRT_
                0x000000000000361c       0xbc /home/arduino/ArduinoApps/motores_test/.cache/sketch/sketch/sketch.ino.cpp.o
                0x000000000000361c                bool RpcResult<unsigned int&>::result<std::vector<unsigned char, std::allocator<unsigned char> > >(std::vector<unsigned char, std::allocator<unsigned char> >&)
 .text._ZN13BridgeMonitorILj512EE5_readEj
                0x00000000000036d8      0x15c /home/arduino/ArduinoApps/motores_test/.cache/sketch/sketch/sketch.ino.cpp.o
                0x00000000000036d8                BridgeMonitor<512u>::_read(unsigned int)
 .text._ZN13BridgeMonitorILj512EE9availableEv
                0x0000000000003834       0x44 /home/arduino/ArduinoApps/motores_test/.cache/sketch/sketch/sketch.ino.cpp.o
                0x0000000000003834                BridgeMonitor<512u>::available()
 .text._GLOBAL__sub_I_Bridge
                0x0000000000003878       0xd4 /home/arduino/ArduinoApps/motores_test/.cache/sketch/sketch/sketch.ino.cpp.o
 .text._GLOBAL__sub_D_Bridge
                0x000000000000394c       0x20 /home/arduino/ArduinoApps/motores_test/.cache/sketch/sketch/sketch.ino.cpp.o
 .text.setup    0x000000000000396c      0x318 /home/arduino/ArduinoApps/motores_test/.cache/sketch/sketch/sketch.ino.cpp.o
                0x000000000000396c                setup
 .text._ZSt20__throw_length_errorPKc
                0x0000000000003c84        0x2 /home/arduino/ArduinoApps/motores_test/.cache/sketch/core/core.a(abi.cpp.o)
                0x0000000000003c84                std::__throw_length_error(char const*)
 .text._ZSt17__throw_bad_allocv
                0x0000000000003c86        0x2 /home/arduino/ArduinoApps/motores_test/.cache/sketch/core/core.a(abi.cpp.o)
                0x0000000000003c86                std::__throw_bad_alloc()
 .text.atexit   0x0000000000003c88        0x4 /home/arduino/ArduinoApps/motores_test/.cache/sketch/core/core.a(abi.cpp.o)
                0x0000000000003c88                atexit
 .text.strcmp   0x0000000000003c8c       0x16 /home/arduino/ArduinoApps/motores_test/.cache/sketch/core/core.a(abi.cpp.o)
                0x0000000000003c8c                strcmp
 *fill*         0x0000000000003ca2        0x2 
 .text._ZN7arduino5Print5writeEPKc
                0x0000000000003ca4       0x24 /home/arduino/ArduinoApps/motores_test/.cache/sketch/core/core.a(Print.cpp.o)
                0x0000000000003ca4                arduino::Print::write(char const*)
 .text._ZN7arduino5Print7printlnEv
                0x0000000000003cc8       0x14 /home/arduino/ArduinoApps/motores_test/.cache/sketch/core/core.a(Print.cpp.o)
                0x0000000000003cc8                arduino::Print::println()
 .text._ZN7arduino5Print7printlnEPKNS_19__FlashStringHelperE
                0x0000000000003cdc       0x1c /home/arduino/ArduinoApps/motores_test/.cache/sketch/core/core.a(Print.cpp.o)
                0x0000000000003cdc                arduino::Print::println(arduino::__FlashStringHelper const*)
 .text._ZN7arduino5Print7printlnEPKc
                0x0000000000003cf8        0x8 /home/arduino/ArduinoApps/motores_test/.cache/sketch/core/core.a(Print.cpp.o)
                0x0000000000003cf8                arduino::Print::println(char const*)
 .text._ZN7arduino6Stream9timedReadEv
                0x0000000000003d00       0x2c /home/arduino/ArduinoApps/motores_test/.cache/sketch/core/core.a(Stream.cpp.o)
                0x0000000000003d00                arduino::Stream::timedRead()
 .text._ZN7arduino6Stream10setTimeoutEm
                0x0000000000003d2c        0x4 /home/arduino/ArduinoApps/motores_test/.cache/sketch/core/core.a(Stream.cpp.o)
                0x0000000000003d2c                arduino::Stream::setTimeout(unsigned long)
 .text._ZN7arduino6Stream9readBytesEPcj
                0x0000000000003d30       0x2c /home/arduino/ArduinoApps/motores_test/.cache/sketch/core/core.a(Stream.cpp.o)
                0x0000000000003d30                arduino::Stream::readBytes(char*, unsigned int)
 .text._ZN7arduino6StringC2EOS0_
                0x0000000000003d5c       0x16 /home/arduino/ArduinoApps/motores_test/.cache/sketch/core/core.a(String.cpp.o)
                0x0000000000003d5c                arduino::String::String(arduino::String&&)
                0x0000000000003d5c                arduino::String::String(arduino::String&&)
 *fill*         0x0000000000003d72        0x2 
 .text._ZN7arduino6StringD2Ev
                0x0000000000003d74       0x14 /home/arduino/ArduinoApps/motores_test/.cache/sketch/core/core.a(String.cpp.o)
                0x0000000000003d74                arduino::String::~String()
                0x0000000000003d74                arduino::String::~String()
 .text._ZN7arduino6String10invalidateEv
                0x0000000000003d88       0x1c /home/arduino/ArduinoApps/motores_test/.cache/sketch/core/core.a(String.cpp.o)
                0x0000000000003d88                arduino::String::invalidate()
 .text._ZN7arduino6String12changeBufferEj
                0x0000000000003da4       0x1c /home/arduino/ArduinoApps/motores_test/.cache/sketch/core/core.a(String.cpp.o)
                0x0000000000003da4                arduino::String::changeBuffer(unsigned int)
 .text._ZN7arduino6String7reserveEj
                0x0000000000003dc0       0x28 /home/arduino/ArduinoApps/motores_test/.cache/sketch/core/core.a(String.cpp.o)
                0x0000000000003dc0                arduino::String::reserve(unsigned int)
 .text._ZN7arduino6String4copyEPKcj
                0x0000000000003de8       0x3c /home/arduino/ArduinoApps/motores_test/.cache/sketch/core/core.a(String.cpp.o)
                0x0000000000003de8                arduino::String::copy(char const*, unsigned int)
 .text._ZN7arduino6StringC2EPKc
                0x0000000000003e24       0x2c /home/arduino/ArduinoApps/motores_test/.cache/sketch/core/core.a(String.cpp.o)
                0x0000000000003e24                arduino::String::String(char const*)
                0x0000000000003e24                arduino::String::String(char const*)
 .text._ZN7arduino6String4moveERS0_
                0x0000000000003e50       0x2c /home/arduino/ArduinoApps/motores_test/.cache/sketch/core/core.a(String.cpp.o)
                0x0000000000003e50                arduino::String::move(arduino::String&)
 .text._ZN7arduino6StringaSERKS0_
                0x0000000000003e7c       0x28 /home/arduino/ArduinoApps/motores_test/.cache/sketch/core/core.a(String.cpp.o)
                0x0000000000003e7c                arduino::String::operator=(arduino::String const&)
 .text._ZN7arduino6StringC2ERKS0_
                0x0000000000003ea4       0x18 /home/arduino/ArduinoApps/motores_test/.cache/sketch/core/core.a(String.cpp.o)
                0x0000000000003ea4                arduino::String::String(arduino::String const&)
                0x0000000000003ea4                arduino::String::String(arduino::String const&)
 .text._ZN7arduino6StringaSEOS0_
                0x0000000000003ebc       0x10 /home/arduino/ArduinoApps/motores_test/.cache/sketch/core/core.a(String.cpp.o)
                0x0000000000003ebc                arduino::String::operator=(arduino::String&&)
 .text._ZN7arduino6StringaSEPKc
                0x0000000000003ecc       0x30 /home/arduino/ArduinoApps/motores_test/.cache/sketch/core/core.a(String.cpp.o)
                0x0000000000003ecc                arduino::String::operator=(char const*)
 .text._ZN7arduino6String6concatEPKcj
                0x0000000000003efc       0x40 /home/arduino/ArduinoApps/motores_test/.cache/sketch/core/core.a(String.cpp.o)
                0x0000000000003efc                arduino::String::concat(char const*, unsigned int)
 .text._ZN7arduino6String6concatEc
                0x0000000000003f3c       0x1c /home/arduino/ArduinoApps/motores_test/.cache/sketch/core/core.a(String.cpp.o)
                0x0000000000003f3c                arduino::String::concat(char)
 .text._ZNK7arduino6String9compareToERKS0_
                0x0000000000003f58       0x30 /home/arduino/ArduinoApps/motores_test/.cache/sketch/core/core.a(String.cpp.o)
                0x0000000000003f58                arduino::String::compareTo(arduino::String const&) const
 .text._ZNK7arduino6String6equalsERKS0_
                0x0000000000003f88       0x20 /home/arduino/ArduinoApps/motores_test/.cache/sketch/core/core.a(String.cpp.o)
                0x0000000000003f88                arduino::String::equals(arduino::String const&) const
 .text._ZNK7arduino6String6equalsEPKc
                0x0000000000003fa8       0x28 /home/arduino/ArduinoApps/motores_test/.cache/sketch/core/core.a(String.cpp.o)
                0x0000000000003fa8                arduino::String::equals(char const*) const
 .text.initVariant
                0x0000000000003fd0        0x2 /home/arduino/ArduinoApps/motores_test/.cache/sketch/core/core.a(main.cpp.o)
                0x0000000000003fd0                initVariant
 *fill*         0x0000000000003fd2        0x2 
 .text.main     0x0000000000003fd4       0x2c /home/arduino/ArduinoApps/motores_test/.cache/sketch/core/core.a(main.cpp.o)
                0x0000000000003fd4                main
 .text._ZL10new_helperj
                0x0000000000004000       0x10 /home/arduino/ArduinoApps/motores_test/.cache/sketch/core/core.a(new.cpp.o)
 .text._Znwj    0x0000000000004010        0x8 /home/arduino/ArduinoApps/motores_test/.cache/sketch/core/core.a(new.cpp.o)
                0x0000000000004010                operator new(unsigned int)
 .text._ZnwjPv  0x0000000000004018        0x4 /home/arduino/ArduinoApps/motores_test/.cache/sketch/core/core.a(new.cpp.o)
                0x0000000000004018                operator new(unsigned int, void*)
 .text._ZdlPvj  0x000000000000401c        0x8 /home/arduino/ArduinoApps/motores_test/.cache/sketch/core/core.a(new.cpp.o)
                0x000000000000401c                operator delete(void*, unsigned int)
 .text._Z20start_static_threadsv
                0x0000000000004024       0x6c /home/arduino/ArduinoApps/motores_test/.cache/sketch/core/core.a(threads.cpp.o)
                0x0000000000004024                start_static_threads()
 .text.gpio_pin_set_dt.isra.0
                0x0000000000004090       0x28 /home/arduino/ArduinoApps/motores_test/.cache/sketch/core/core.a(zephyrCommon.cpp.o)
 .text.gpio_pin_configure_dt.isra.0
                0x00000000000040b8       0x2a /home/arduino/ArduinoApps/motores_test/.cache/sketch/core/core.a(zephyrCommon.cpp.o)
 *fill*         0x00000000000040e2        0x2 
 .text.yield    0x00000000000040e4        0x8 /home/arduino/ArduinoApps/motores_test/.cache/sketch/core/core.a(zephyrCommon.cpp.o)
                0x00000000000040e4                yield
 .text.pinMode  0x00000000000040ec       0x3c /home/arduino/ArduinoApps/motores_test/.cache/sketch/core/core.a(zephyrCommon.cpp.o)
                0x00000000000040ec                pinMode
 .text.digitalWrite
                0x0000000000004128       0x14 /home/arduino/ArduinoApps/motores_test/.cache/sketch/core/core.a(zephyrCommon.cpp.o)
                0x0000000000004128                digitalWrite
 .text.digitalRead
                0x000000000000413c       0x40 /home/arduino/ArduinoApps/motores_test/.cache/sketch/core/core.a(zephyrCommon.cpp.o)
                0x000000000000413c                digitalRead
 .text.delay    0x000000000000417c       0x10 /home/arduino/ArduinoApps/motores_test/.cache/sketch/core/core.a(zephyrCommon.cpp.o)
                0x000000000000417c                delay
 .text.delayMicroseconds
                0x000000000000418c       0x24 /home/arduino/ArduinoApps/motores_test/.cache/sketch/core/core.a(zephyrCommon.cpp.o)
                0x000000000000418c                delayMicroseconds
 .text.micros   0x00000000000041b0       0x1c /home/arduino/ArduinoApps/motores_test/.cache/sketch/core/core.a(zephyrCommon.cpp.o)
                0x00000000000041b0                micros
 .text.millis   0x00000000000041cc       0x18 /home/arduino/ArduinoApps/motores_test/.cache/sketch/core/core.a(zephyrCommon.cpp.o)
                0x00000000000041cc                millis
 *fill*         0x00000000000041e4        0x4 
 .text.analogWrite
                0x00000000000041e8      0x104 /home/arduino/ArduinoApps/motores_test/.cache/sketch/core/core.a(zephyrCommon.cpp.o)
                0x00000000000041e8                analogWrite
 .text.z_impl_uart_irq_tx_enable
                0x00000000000042ec        0xa /home/arduino/ArduinoApps/motores_test/.cache/sketch/core/core.a(zephyrSerial.cpp.o)
 .text._ZN7arduino12ZephyrSerial5beginEm
                0x00000000000042f6        0xa /home/arduino/ArduinoApps/motores_test/.cache/sketch/core/core.a(zephyrSerial.cpp.o)
                0x00000000000042f6                arduino::ZephyrSerial::begin(unsigned long)
 .text._ZN7arduino12ZephyrSerial3endEv
                0x0000000000004300        0x2 /home/arduino/ArduinoApps/motores_test/.cache/sketch/core/core.a(zephyrSerial.cpp.o)
                0x0000000000004300                arduino::ZephyrSerial::end()
 .text._ZN7arduino12ZephyrSerial5writeEh
                0x0000000000004302       0x18 /home/arduino/ArduinoApps/motores_test/.cache/sketch/core/core.a(zephyrSerial.cpp.o)
                0x0000000000004302                arduino::ZephyrSerial::write(unsigned char)
 .text._ZN7arduino12ZephyrSerialcvbEv
                0x000000000000431a        0x4 /home/arduino/ArduinoApps/motores_test/.cache/sketch/core/core.a(zephyrSerial.cpp.o)
                0x000000000000431a                arduino::ZephyrSerial::operator bool()
 *fill*         0x000000000000431e        0x2 
 .text.k_sem_give
                0x0000000000004320        0x8 /home/arduino/ArduinoApps/motores_test/.cache/sketch/core/core.a(zephyrSerial.cpp.o)
 .text.k_sem_take.isra.0
                0x0000000000004328        0x8 /home/arduino/ArduinoApps/motores_test/.cache/sketch/core/core.a(zephyrSerial.cpp.o)
 .text._ZN7arduino12ZephyrSerial4readEv
                0x0000000000004330       0x48 /home/arduino/ArduinoApps/motores_test/.cache/sketch/core/core.a(zephyrSerial.cpp.o)
                0x0000000000004330                arduino::ZephyrSerial::read()
 .text._ZN7arduino12ZephyrSerial4peekEv
                0x0000000000004378       0x48 /home/arduino/ArduinoApps/motores_test/.cache/sketch/core/core.a(zephyrSerial.cpp.o)
                0x0000000000004378                arduino::ZephyrSerial::peek()
 .text._ZN7arduino12ZephyrSerial17availableForWriteEv
                0x00000000000043c0       0x3c /home/arduino/ArduinoApps/motores_test/.cache/sketch/core/core.a(zephyrSerial.cpp.o)
                0x00000000000043c0                arduino::ZephyrSerial::availableForWrite()
 .text._ZN7arduino12ZephyrSerial9availableEv
                0x00000000000043fc       0x34 /home/arduino/ArduinoApps/motores_test/.cache/sketch/core/core.a(zephyrSerial.cpp.o)
                0x00000000000043fc                arduino::ZephyrSerial::available()
 .text._ZN7arduino12ZephyrSerial5beginEmt
                0x0000000000004430       0xb8 /home/arduino/ArduinoApps/motores_test/.cache/sketch/core/core.a(zephyrSerial.cpp.o)
                0x0000000000004430                arduino::ZephyrSerial::begin(unsigned long, unsigned short)
 .text._ZN7arduino12ZephyrSerial5flushEv
                0x00000000000044e8       0x2c /home/arduino/ArduinoApps/motores_test/.cache/sketch/core/core.a(zephyrSerial.cpp.o)
                0x00000000000044e8                arduino::ZephyrSerial::flush()
 .text._ZN7arduino12ZephyrSerial5writeEPKhj
                0x0000000000004514       0x70 /home/arduino/ArduinoApps/motores_test/.cache/sketch/core/core.a(zephyrSerial.cpp.o)
                0x0000000000004514                arduino::ZephyrSerial::write(unsigned char const*, unsigned int)
 .text._ZN7arduino12ZephyrSerial10IrqHandlerEv
                0x0000000000004584       0xec /home/arduino/ArduinoApps/motores_test/.cache/sketch/core/core.a(zephyrSerial.cpp.o)
                0x0000000000004584                arduino::ZephyrSerial::IrqHandler()
 .text._ZN7arduino12ZephyrSerial11IrqDispatchEPK6devicePv
                0x0000000000004670        0xc /home/arduino/ArduinoApps/motores_test/.cache/sketch/core/core.a(zephyrSerial.cpp.o)
                0x0000000000004670                arduino::ZephyrSerial::IrqDispatch(device const*, void*)
 .text._ZN7arduino12ZephyrSerial18ZephyrSerialBufferILi64EEC2Ev
                0x000000000000467c       0x28 /home/arduino/ArduinoApps/motores_test/.cache/sketch/core/core.a(zephyrSerial.cpp.o)
                0x000000000000467c                arduino::ZephyrSerial::ZephyrSerialBuffer<64>::ZephyrSerialBuffer()
                0x000000000000467c                arduino::ZephyrSerial::ZephyrSerialBuffer<64>::ZephyrSerialBuffer()
 .text._GLOBAL__sub_I__ZN7arduino12ZephyrSerial5beginEmt
                0x00000000000046a4       0x5c /home/arduino/ArduinoApps/motores_test/.cache/sketch/core/core.a(zephyrSerial.cpp.o)
 .text._Z3maplllll
                0x0000000000004700       0x14 /home/arduino/ArduinoApps/motores_test/.cache/sketch/core/core.a(Common.cpp.o)
                0x0000000000004700                map(long, long, long, long, long)
 *(.text.*)
 *(.text._*)
 *(.init)
 *(.ctors)
 *(.dtors)
 *(.fini)

.static_thread_data_area
                0x0000000000004714        0x0
                0x0000000000004714                __static_thread_data_list_start = .
 *(.static_thread_data_area SORT_BY_NAME(.__static_thread_data.*))
                0x0000000000004714                __static_thread_data_list_end = .

.rodata         0x0000000000004714      0x4c4
 *(.rodata)
 *(.rodata1)
 *(.rodata.*)
 .rodata._ZN8RpcErrorC2Ev.str1.1
                0x0000000000004714        0x1 /home/arduino/ArduinoApps/motores_test/.cache/sketch/sketch/sketch.ino.cpp.o
 .rodata._ZNSt6vectorIjSaIjEE17_M_realloc_insertIJRjEEEvN9__gnu_cxx17__normal_iteratorIPjS1_EEDpOT_.str1.1
                0x0000000000004715       0x1a /home/arduino/ArduinoApps/motores_test/.cache/sketch/sketch/sketch.ino.cpp.o
 .rodata.loop.str1.1
                0x000000000000472f        0xb /home/arduino/ArduinoApps/motores_test/.cache/sketch/sketch/sketch.ino.cpp.o
 .rodata._ZN10RpcDecoderILj1024EE12get_responseIN7arduino7msgpack6object5nil_tEEEbjRT_R8RpcError.str1.1
                0x000000000000473a       0x7b /home/arduino/ArduinoApps/motores_test/.cache/sketch/sketch/sketch.ino.cpp.o
 .rodata._ZN7arduino7msgpack6object3extC2EaPKhj.str1.1
                0x00000000000047b5       0x28 /home/arduino/ArduinoApps/motores_test/.cache/sketch/sketch/sketch.ino.cpp.o
 .rodata._ZN11BridgeClass11update_safeEv.str1.1
                0x00000000000047dd        0x9 /home/arduino/ArduinoApps/motores_test/.cache/sketch/sketch/sketch.ino.cpp.o
 .rodata._ZN13BridgeMonitorILj512EE5writeEPKhj.str1.1
                0x00000000000047e6        0xa /home/arduino/ArduinoApps/motores_test/.cache/sketch/sketch/sketch.ino.cpp.o
 .rodata._ZN13BridgeMonitorILj512EE5_readEj.str1.1
                0x00000000000047f0        0x9 /home/arduino/ArduinoApps/motores_test/.cache/sketch/sketch/sketch.ino.cpp.o
 .rodata.setup.str1.1
                0x00000000000047f9       0x43 /home/arduino/ArduinoApps/motores_test/.cache/sketch/sketch/sketch.ino.cpp.o
 .rodata._ZTV15SerialTransport
                0x000000000000483c       0x20 /home/arduino/ArduinoApps/motores_test/.cache/sketch/sketch/sketch.ino.cpp.o
                0x000000000000483c                vtable for SerialTransport
 .rodata._ZTV13BridgeMonitorILj512EE
                0x000000000000485c       0x24 /home/arduino/ArduinoApps/motores_test/.cache/sketch/sketch/sketch.ino.cpp.o
                0x000000000000485c                vtable for BridgeMonitor<512u>
 .rodata._ZL6danger
                0x0000000000004880        0xc /home/arduino/ArduinoApps/motores_test/.cache/sketch/sketch/sketch.ino.cpp.o
 .rodata._ZL5heart
                0x000000000000488c        0xc /home/arduino/ArduinoApps/motores_test/.cache/sketch/sketch/sketch.ino.cpp.o
 .rodata._ZN7arduino5Print7printlnEv.str1.1
                0x0000000000004898        0x3 /home/arduino/ArduinoApps/motores_test/.cache/sketch/core/core.a(Print.cpp.o)
 .rodata.str1.1
                0x000000000000489b       0x51 /home/arduino/ArduinoApps/motores_test/.cache/sketch/core/core.a(main.cpp.o)
 .rodata._ZN12_GLOBAL__N_1L16arduino_pwm_pinsE
                0x00000000000048ec        0x8 /home/arduino/ArduinoApps/motores_test/.cache/sketch/core/core.a(zephyrCommon.cpp.o)
 .rodata._ZN12_GLOBAL__N_1L11arduino_pwmE
                0x00000000000048f4       0x80 /home/arduino/ArduinoApps/motores_test/.cache/sketch/core/core.a(zephyrCommon.cpp.o)
 .rodata._ZL12arduino_pins
                0x0000000000004974      0x230 /home/arduino/ArduinoApps/motores_test/.cache/sketch/core/core.a(zephyrCommon.cpp.o)
 .rodata._ZTVN7arduino12ZephyrSerialE
                0x0000000000004ba4       0x34 /home/arduino/ArduinoApps/motores_test/.cache/sketch/core/core.a(zephyrSerial.cpp.o)
                0x0000000000004ba4                vtable for arduino::ZephyrSerial

.data           0x0000000000004bd8        0x4
 *(.data .data.*)
 .data._ZL24_analog_write_resolution
                0x0000000000004bd8        0x4 /home/arduino/ArduinoApps/motores_test/.cache/sketch/core/core.a(zephyrCommon.cpp.o)

.bss            0x0000000000004be0     0x126c
 *(.bss .bss.* COMMON)
 .bss._ZN17RpcDecoderManagerILj3EE14decoders_countE
                0x0000000000004be0        0x4 /home/arduino/ArduinoApps/motores_test/.cache/sketch/sketch/sketch.ino.cpp.o
                0x0000000000004be0                RpcDecoderManager<3u>::decoders_count
 .bss._ZGVN17RpcDecoderManagerILj3EE9decoders_E
                0x0000000000004be4        0x4 /home/arduino/ArduinoApps/motores_test/.cache/sketch/sketch/sketch.ino.cpp.o
                0x0000000000004be4                guard variable for RpcDecoderManager<3u>::decoders_
 .bss._ZN17RpcDecoderManagerILj3EE9decoders_E
                0x0000000000004be8      0xc60 /home/arduino/ArduinoApps/motores_test/.cache/sketch/sketch/sketch.ino.cpp.o
                0x0000000000004be8                RpcDecoderManager<3u>::decoders_
 .bss._ZGVZN7arduino7msgpack8Unpacker10from_arrayIJRiRNS_6StringEEEEbDpOT_E2sz
                0x0000000000005848        0x4 /home/arduino/ArduinoApps/motores_test/.cache/sketch/sketch/sketch.ino.cpp.o
                0x0000000000005848                guard variable for arduino::msgpack::Unpacker::from_array<int&, arduino::String&>(int&, arduino::String&)::sz
 .bss._ZZN7arduino7msgpack8Unpacker10from_arrayIJRiRNS_6StringEEEEbDpOT_E2sz
                0x000000000000584c        0x4 /home/arduino/ArduinoApps/motores_test/.cache/sketch/sketch/sketch.ino.cpp.o
                0x000000000000584c                arduino::msgpack::Unpacker::from_array<int&, arduino::String&>(int&, arduino::String&)::sz
 .bss.matrix    0x0000000000005850       0x28 /home/arduino/ArduinoApps/motores_test/.cache/sketch/sketch/sketch.ino.cpp.o
                0x0000000000005850                matrix
 .bss._ZN12RouterBridge3HCIE
                0x0000000000005878       0x28 /home/arduino/ArduinoApps/motores_test/.cache/sketch/sketch/sketch.ino.cpp.o
                0x0000000000005878                RouterBridge::HCI
 .bss.Monitor   0x00000000000058a0      0x238 /home/arduino/ArduinoApps/motores_test/.cache/sketch/sketch/sketch.ino.cpp.o
                0x00000000000058a0                Monitor
 .bss.Bridge    0x0000000000005ad8      0x140 /home/arduino/ArduinoApps/motores_test/.cache/sketch/sketch/sketch.ino.cpp.o
                0x0000000000005ad8                Bridge
 .bss._ZZN8RpcUtils6detail12unpackObjectERN7arduino7msgpack8UnpackerEE1t
                0x0000000000005c18       0x10 /home/arduino/ArduinoApps/motores_test/.cache/sketch/sketch/sketch.ino.cpp.o
                0x0000000000005c18                RpcUtils::detail::unpackObject(arduino::msgpack::Unpacker&)::t
 .bss._ZGVZN8RpcUtils6detail12unpackObjectERN7arduino7msgpack8UnpackerEE1e
                0x0000000000005c28        0x4 /home/arduino/ArduinoApps/motores_test/.cache/sketch/sketch/sketch.ino.cpp.o
                0x0000000000005c28                guard variable for RpcUtils::detail::unpackObject(arduino::msgpack::Unpacker&)::e
 .bss._ZZN8RpcUtils6detail12unpackObjectERN7arduino7msgpack8UnpackerEE1e
                0x0000000000005c2c        0xc /home/arduino/ArduinoApps/motores_test/.cache/sketch/sketch/sketch.ino.cpp.o
                0x0000000000005c2c                RpcUtils::detail::unpackObject(arduino::msgpack::Unpacker&)::e
 .bss._ZZN8RpcUtils6detail12unpackObjectERN7arduino7msgpack8UnpackerEE6map_sz
                0x0000000000005c38        0x4 /home/arduino/ArduinoApps/motores_test/.cache/sketch/sketch/sketch.ino.cpp.o
                0x0000000000005c38                RpcUtils::detail::unpackObject(arduino::msgpack::Unpacker&)::map_sz
 .bss._ZZN8RpcUtils6detail12unpackObjectERN7arduino7msgpack8UnpackerEE6arr_sz
                0x0000000000005c3c        0x4 /home/arduino/ArduinoApps/motores_test/.cache/sketch/sketch/sketch.ino.cpp.o
                0x0000000000005c3c                RpcUtils::detail::unpackObject(arduino::msgpack::Unpacker&)::arr_sz
 .bss._ZGVZN8RpcUtils6detail12unpackObjectERN7arduino7msgpack8UnpackerEE5bytes
                0x0000000000005c40        0x4 /home/arduino/ArduinoApps/motores_test/.cache/sketch/sketch/sketch.ino.cpp.o
                0x0000000000005c40                guard variable for RpcUtils::detail::unpackObject(arduino::msgpack::Unpacker&)::bytes
 .bss._ZZN8RpcUtils6detail12unpackObjectERN7arduino7msgpack8UnpackerEE5bytes
                0x0000000000005c44        0xc /home/arduino/ArduinoApps/motores_test/.cache/sketch/sketch/sketch.ino.cpp.o
                0x0000000000005c44                RpcUtils::detail::unpackObject(arduino::msgpack::Unpacker&)::bytes
 .bss._ZGVZN8RpcUtils6detail12unpackObjectERN7arduino7msgpack8UnpackerEE6string
                0x0000000000005c50        0x4 /home/arduino/ArduinoApps/motores_test/.cache/sketch/sketch/sketch.ino.cpp.o
                0x0000000000005c50                guard variable for RpcUtils::detail::unpackObject(arduino::msgpack::Unpacker&)::string
 .bss._ZZN8RpcUtils6detail12unpackObjectERN7arduino7msgpack8UnpackerEE6string
                0x0000000000005c54        0xc /home/arduino/ArduinoApps/motores_test/.cache/sketch/sketch/sketch.ino.cpp.o
                0x0000000000005c54                RpcUtils::detail::unpackObject(arduino::msgpack::Unpacker&)::string
 .bss._ZZN8RpcUtils6detail12unpackObjectERN7arduino7msgpack8UnpackerEE5num64
                0x0000000000005c60        0x8 /home/arduino/ArduinoApps/motores_test/.cache/sketch/sketch/sketch.ino.cpp.o
                0x0000000000005c60                RpcUtils::detail::unpackObject(arduino::msgpack::Unpacker&)::num64
 .bss._ZZN8RpcUtils6detail12unpackObjectERN7arduino7msgpack8UnpackerEE5num32
                0x0000000000005c68        0x4 /home/arduino/ArduinoApps/motores_test/.cache/sketch/sketch/sketch.ino.cpp.o
                0x0000000000005c68                RpcUtils::detail::unpackObject(arduino::msgpack::Unpacker&)::num32
 .bss._ZZN8RpcUtils6detail12unpackObjectERN7arduino7msgpack8UnpackerEE7integer
                0x0000000000005c6c        0x4 /home/arduino/ArduinoApps/motores_test/.cache/sketch/sketch/sketch.ino.cpp.o
                0x0000000000005c6c                RpcUtils::detail::unpackObject(arduino::msgpack::Unpacker&)::integer
 .bss._ZZN8RpcUtils6detail12unpackObjectERN7arduino7msgpack8UnpackerEE1b
                0x0000000000005c70        0x1 /home/arduino/ArduinoApps/motores_test/.cache/sketch/sketch/sketch.ino.cpp.o
                0x0000000000005c70                RpcUtils::detail::unpackObject(arduino::msgpack::Unpacker&)::b
 .bss._ZZN8RpcUtils6detail12unpackObjectERN7arduino7msgpack8UnpackerEE3nil
                0x0000000000005c71        0x1 /home/arduino/ArduinoApps/motores_test/.cache/sketch/sketch/sketch.ino.cpp.o
                0x0000000000005c71                RpcUtils::detail::unpackObject(arduino::msgpack::Unpacker&)::nil
 *fill*         0x0000000000005c72        0x2 
 .bss.Serial1   0x0000000000005c74       0xec /home/arduino/ArduinoApps/motores_test/.cache/sketch/core/core.a(zephyrSerial.cpp.o)
                0x0000000000005c74                Serial1
 .bss.Serial    0x0000000000005d60       0xec /home/arduino/ArduinoApps/motores_test/.cache/sketch/core/core.a(zephyrSerial.cpp.o)
                0x0000000000005d60                Serial
 *(.noinit .noinit.*)

.exported_sym   0x0000000000005e4c        0x8
 *(.exported_sym)
 .exported_sym  0x0000000000005e4c        0x8 /home/arduino/ArduinoApps/motores_test/.cache/sketch/core/core.a(main.cpp.o)
 *(.exported_sym.*)

.init_array     0x0000000000005e54        0x8
 *(.init_array)
 .init_array    0x0000000000005e54        0x4 /home/arduino/ArduinoApps/motores_test/.cache/sketch/sketch/sketch.ino.cpp.o
 .init_array    0x0000000000005e58        0x4 /home/arduino/ArduinoApps/motores_test/.cache/sketch/core/core.a(zephyrSerial.cpp.o)

.fini_array     0x0000000000005e5c        0x4
 *(.fini_array)
 .fini_array    0x0000000000005e5c        0x4 /home/arduino/ArduinoApps/motores_test/.cache/sketch/sketch/sketch.ino.cpp.o

.symtab
 *(.symtab)

.strtab
 *(.strtab)

.shstrtab
 *(.shstrtab)

.rel
 *(.rel .rel.*)

.got
 *(.got .got.* .got.plt .got.plt*)
OUTPUT(/home/arduino/ArduinoApps/motores_test/.cache/sketch/sketch.ino_debug.elf elf32-littlearm)
LOAD linker stubs

.debug_info     0x0000000000000000    0x42c19
 .debug_info    0x0000000000000000    0x2d372 /home/arduino/ArduinoApps/motores_test/.cache/sketch/sketch/sketch.ino.cpp.o
 .debug_info    0x000000000002d372      0x1de /home/arduino/ArduinoApps/motores_test/.cache/sketch/core/core.a(abi.cpp.o)
 .debug_info    0x000000000002d550     0x2d13 /home/arduino/ArduinoApps/motores_test/.cache/sketch/core/core.a(Print.cpp.o)
 .debug_info    0x0000000000030263     0x1f74 /home/arduino/ArduinoApps/motores_test/.cache/sketch/core/core.a(Stream.cpp.o)
 .debug_info    0x00000000000321d7     0x3e0c /home/arduino/ArduinoApps/motores_test/.cache/sketch/core/core.a(String.cpp.o)
 .debug_info    0x0000000000035fe3     0x1e2b /home/arduino/ArduinoApps/motores_test/.cache/sketch/core/core.a(main.cpp.o)
 .debug_info    0x0000000000037e0e      0x7af /home/arduino/ArduinoApps/motores_test/.cache/sketch/core/core.a(new.cpp.o)
 .debug_info    0x00000000000385bd     0x1f28 /home/arduino/ArduinoApps/motores_test/.cache/sketch/core/core.a(threads.cpp.o)
 .debug_info    0x000000000003a4e5     0x4c53 /home/arduino/ArduinoApps/motores_test/.cache/sketch/core/core.a(zephyrCommon.cpp.o)
 .debug_info    0x000000000003f138     0x3979 /home/arduino/ArduinoApps/motores_test/.cache/sketch/core/core.a(zephyrSerial.cpp.o)
 .debug_info    0x0000000000042ab1      0x168 /home/arduino/ArduinoApps/motores_test/.cache/sketch/core/core.a(Common.cpp.o)

.debug_abbrev   0x0000000000000000     0x46f7
 .debug_abbrev  0x0000000000000000     0x14c4 /home/arduino/ArduinoApps/motores_test/.cache/sketch/sketch/sketch.ino.cpp.o
 .debug_abbrev  0x00000000000014c4      0x154 /home/arduino/ArduinoApps/motores_test/.cache/sketch/core/core.a(abi.cpp.o)
 .debug_abbrev  0x0000000000001618      0x594 /home/arduino/ArduinoApps/motores_test/.cache/sketch/core/core.a(Print.cpp.o)
 .debug_abbrev  0x0000000000001bac      0x500 /home/arduino/ArduinoApps/motores_test/.cache/sketch/core/core.a(Stream.cpp.o)
 .debug_abbrev  0x00000000000020ac      0x5d4 /home/arduino/ArduinoApps/motores_test/.cache/sketch/core/core.a(String.cpp.o)
 .debug_abbrev  0x0000000000002680      0x538 /home/arduino/ArduinoApps/motores_test/.cache/sketch/core/core.a(main.cpp.o)
 .debug_abbrev  0x0000000000002bb8      0x234 /home/arduino/ArduinoApps/motores_test/.cache/sketch/core/core.a(new.cpp.o)
 .debug_abbrev  0x0000000000002dec      0x4c4 /home/arduino/ArduinoApps/motores_test/.cache/sketch/core/core.a(threads.cpp.o)
 .debug_abbrev  0x00000000000032b0      0xa59 /home/arduino/ArduinoApps/motores_test/.cache/sketch/core/core.a(zephyrCommon.cpp.o)
 .debug_abbrev  0x0000000000003d09      0x92d /home/arduino/ArduinoApps/motores_test/.cache/sketch/core/core.a(zephyrSerial.cpp.o)
 .debug_abbrev  0x0000000000004636       0xc1 /home/arduino/ArduinoApps/motores_test/.cache/sketch/core/core.a(Common.cpp.o)

.debug_loclists
                0x0000000000000000     0xe91b
 .debug_loclists
                0x0000000000000000     0x9958 /home/arduino/ArduinoApps/motores_test/.cache/sketch/sketch/sketch.ino.cpp.o
 .debug_loclists
                0x0000000000009958       0x88 /home/arduino/ArduinoApps/motores_test/.cache/sketch/core/core.a(abi.cpp.o)
 .debug_loclists
                0x00000000000099e0     0x12da /home/arduino/ArduinoApps/motores_test/.cache/sketch/core/core.a(Print.cpp.o)
 .debug_loclists
                0x000000000000acba      0x883 /home/arduino/ArduinoApps/motores_test/.cache/sketch/core/core.a(Stream.cpp.o)
 .debug_loclists
                0x000000000000b53d     0x1943 /home/arduino/ArduinoApps/motores_test/.cache/sketch/core/core.a(String.cpp.o)
 .debug_loclists
                0x000000000000ce80       0x72 /home/arduino/ArduinoApps/motores_test/.cache/sketch/core/core.a(main.cpp.o)
 .debug_loclists
                0x000000000000cef2      0x2bc /home/arduino/ArduinoApps/motores_test/.cache/sketch/core/core.a(new.cpp.o)
 .debug_loclists
                0x000000000000d1ae       0xb3 /home/arduino/ArduinoApps/motores_test/.cache/sketch/core/core.a(threads.cpp.o)
 .debug_loclists
                0x000000000000d261      0xedd /home/arduino/ArduinoApps/motores_test/.cache/sketch/core/core.a(zephyrCommon.cpp.o)
 .debug_loclists
                0x000000000000e13e      0x78c /home/arduino/ArduinoApps/motores_test/.cache/sketch/core/core.a(zephyrSerial.cpp.o)
 .debug_loclists
                0x000000000000e8ca       0x51 /home/arduino/ArduinoApps/motores_test/.cache/sketch/core/core.a(Common.cpp.o)

.debug_aranges  0x0000000000000000      0xc40
 .debug_aranges
                0x0000000000000000      0x470 /home/arduino/ArduinoApps/motores_test/.cache/sketch/sketch/sketch.ino.cpp.o
 .debug_aranges
                0x0000000000000470       0x58 /home/arduino/ArduinoApps/motores_test/.cache/sketch/core/core.a(abi.cpp.o)
 .debug_aranges
                0x00000000000004c8      0x128 /home/arduino/ArduinoApps/motores_test/.cache/sketch/core/core.a(Print.cpp.o)
 .debug_aranges
                0x00000000000005f0       0x90 /home/arduino/ArduinoApps/motores_test/.cache/sketch/core/core.a(Stream.cpp.o)
 .debug_aranges
                0x0000000000000680      0x298 /home/arduino/ArduinoApps/motores_test/.cache/sketch/core/core.a(String.cpp.o)
 .debug_aranges
                0x0000000000000918       0x38 /home/arduino/ArduinoApps/motores_test/.cache/sketch/core/core.a(main.cpp.o)
 .debug_aranges
                0x0000000000000950       0xb0 /home/arduino/ArduinoApps/motores_test/.cache/sketch/core/core.a(new.cpp.o)
 .debug_aranges
                0x0000000000000a00       0x20 /home/arduino/ArduinoApps/motores_test/.cache/sketch/core/core.a(threads.cpp.o)
 .debug_aranges
                0x0000000000000a20      0x130 /home/arduino/ArduinoApps/motores_test/.cache/sketch/core/core.a(zephyrCommon.cpp.o)
 .debug_aranges
                0x0000000000000b50       0xc0 /home/arduino/ArduinoApps/motores_test/.cache/sketch/core/core.a(zephyrSerial.cpp.o)
 .debug_aranges
                0x0000000000000c10       0x30 /home/arduino/ArduinoApps/motores_test/.cache/sketch/core/core.a(Common.cpp.o)

.debug_rnglists
                0x0000000000000000     0x214f
 .debug_rnglists
                0x0000000000000000     0x1540 /home/arduino/ArduinoApps/motores_test/.cache/sketch/sketch/sketch.ino.cpp.o
 .debug_rnglists
                0x0000000000001540       0x3d /home/arduino/ArduinoApps/motores_test/.cache/sketch/core/core.a(abi.cpp.o)
 .debug_rnglists
                0x000000000000157d      0x1c1 /home/arduino/ArduinoApps/motores_test/.cache/sketch/core/core.a(Print.cpp.o)
 .debug_rnglists
                0x000000000000173e      0x103 /home/arduino/ArduinoApps/motores_test/.cache/sketch/core/core.a(Stream.cpp.o)
 .debug_rnglists
                0x0000000000001841      0x375 /home/arduino/ArduinoApps/motores_test/.cache/sketch/core/core.a(String.cpp.o)
 .debug_rnglists
                0x0000000000001bb6       0x33 /home/arduino/ArduinoApps/motores_test/.cache/sketch/core/core.a(main.cpp.o)
 .debug_rnglists
                0x0000000000001be9       0x7f /home/arduino/ArduinoApps/motores_test/.cache/sketch/core/core.a(new.cpp.o)
 .debug_rnglists
                0x0000000000001c68       0x3a /home/arduino/ArduinoApps/motores_test/.cache/sketch/core/core.a(threads.cpp.o)
 .debug_rnglists
                0x0000000000001ca2      0x2cc /home/arduino/ArduinoApps/motores_test/.cache/sketch/core/core.a(zephyrCommon.cpp.o)
 .debug_rnglists
                0x0000000000001f6e      0x1c2 /home/arduino/ArduinoApps/motores_test/.cache/sketch/core/core.a(zephyrSerial.cpp.o)
 .debug_rnglists
                0x0000000000002130       0x1f /home/arduino/ArduinoApps/motores_test/.cache/sketch/core/core.a(Common.cpp.o)

.debug_line     0x0000000000000000     0xed24
 .debug_line    0x0000000000000000     0x7fb9 /home/arduino/ArduinoApps/motores_test/.cache/sketch/sketch/sketch.ino.cpp.o
 .debug_line    0x0000000000007fb9      0x138 /home/arduino/ArduinoApps/motores_test/.cache/sketch/core/core.a(abi.cpp.o)
 .debug_line    0x00000000000080f1      0xc5a /home/arduino/ArduinoApps/motores_test/.cache/sketch/core/core.a(Print.cpp.o)
 .debug_line    0x0000000000008d4b      0x8d4 /home/arduino/ArduinoApps/motores_test/.cache/sketch/core/core.a(Stream.cpp.o)
 .debug_line    0x000000000000961f     0x1a12 /home/arduino/ArduinoApps/motores_test/.cache/sketch/core/core.a(String.cpp.o)
 .debug_line    0x000000000000b031      0x83b /home/arduino/ArduinoApps/motores_test/.cache/sketch/core/core.a(main.cpp.o)
 .debug_line    0x000000000000b86c      0x36b /home/arduino/ArduinoApps/motores_test/.cache/sketch/core/core.a(new.cpp.o)
 .debug_line    0x000000000000bbd7      0x860 /home/arduino/ArduinoApps/motores_test/.cache/sketch/core/core.a(threads.cpp.o)
 .debug_line    0x000000000000c437     0x17b8 /home/arduino/ArduinoApps/motores_test/.cache/sketch/core/core.a(zephyrCommon.cpp.o)
 .debug_line    0x000000000000dbef      0xf7f /home/arduino/ArduinoApps/motores_test/.cache/sketch/core/core.a(zephyrSerial.cpp.o)
 .debug_line    0x000000000000eb6e      0x1b6 /home/arduino/ArduinoApps/motores_test/.cache/sketch/core/core.a(Common.cpp.o)

.debug_str      0x0000000000000000    0x2d91e
 .debug_str     0x0000000000000000    0x1f158 /home/arduino/ArduinoApps/motores_test/.cache/sketch/sketch/sketch.ino.cpp.o
 .debug_str     0x000000000001f158      0x40d /home/arduino/ArduinoApps/motores_test/.cache/sketch/core/core.a(abi.cpp.o)
 .debug_str     0x000000000001f565     0x16d0 /home/arduino/ArduinoApps/motores_test/.cache/sketch/core/core.a(Print.cpp.o)
 .debug_str     0x0000000000020c35     0x167e /home/arduino/ArduinoApps/motores_test/.cache/sketch/core/core.a(Stream.cpp.o)
 .debug_str     0x00000000000222b3     0x1828 /home/arduino/ArduinoApps/motores_test/.cache/sketch/core/core.a(String.cpp.o)
 .debug_str     0x0000000000023adb     0x1fdf /home/arduino/ArduinoApps/motores_test/.cache/sketch/core/core.a(main.cpp.o)
 .debug_str     0x0000000000025aba      0x4d7 /home/arduino/ArduinoApps/motores_test/.cache/sketch/core/core.a(new.cpp.o)
 .debug_str     0x0000000000025f91     0x1bdf /home/arduino/ArduinoApps/motores_test/.cache/sketch/core/core.a(threads.cpp.o)
 .debug_str     0x0000000000027b70     0x2fa4 /home/arduino/ArduinoApps/motores_test/.cache/sketch/core/core.a(zephyrCommon.cpp.o)
 .debug_str     0x000000000002ab14     0x2a9a /home/arduino/ArduinoApps/motores_test/.cache/sketch/core/core.a(zephyrSerial.cpp.o)
 .debug_str     0x000000000002d5ae      0x370 /home/arduino/ArduinoApps/motores_test/.cache/sketch/core/core.a(Common.cpp.o)

.debug_frame    0x0000000000000000     0x26f8
 .debug_frame   0x0000000000000000     0x10d8 /home/arduino/ArduinoApps/motores_test/.cache/sketch/sketch/sketch.ino.cpp.o
 .debug_frame   0x00000000000010d8       0x90 /home/arduino/ArduinoApps/motores_test/.cache/sketch/core/core.a(abi.cpp.o)
 .debug_frame   0x0000000000001168      0x3d0 /home/arduino/ArduinoApps/motores_test/.cache/sketch/core/core.a(Print.cpp.o)
 .debug_frame   0x0000000000001538      0x1fc /home/arduino/ArduinoApps/motores_test/.cache/sketch/core/core.a(Stream.cpp.o)
 .debug_frame   0x0000000000001734      0x7e8 /home/arduino/ArduinoApps/motores_test/.cache/sketch/core/core.a(String.cpp.o)
 .debug_frame   0x0000000000001f1c       0x68 /home/arduino/ArduinoApps/motores_test/.cache/sketch/core/core.a(main.cpp.o)
 .debug_frame   0x0000000000001f84      0x140 /home/arduino/ArduinoApps/motores_test/.cache/sketch/core/core.a(new.cpp.o)
 .debug_frame   0x00000000000020c4       0x40 /home/arduino/ArduinoApps/motores_test/.cache/sketch/core/core.a(threads.cpp.o)
 .debug_frame   0x0000000000002104      0x39c /home/arduino/ArduinoApps/motores_test/.cache/sketch/core/core.a(zephyrCommon.cpp.o)
 .debug_frame   0x00000000000024a0      0x210 /home/arduino/ArduinoApps/motores_test/.cache/sketch/core/core.a(zephyrSerial.cpp.o)
 .debug_frame   0x00000000000026b0       0x48 /home/arduino/ArduinoApps/motores_test/.cache/sketch/core/core.a(Common.cpp.o)
