Archive member included to satisfy reference by file (symbol)

/home/arduino/ArduinoApps/medicion-distancia/.cache/sketch/core/core.a(abi.cpp.o)
                              /home/arduino/ArduinoApps/medicion-distancia/.cache/sketch/sketch/sketch.ino.cpp.o (std::__throw_length_error(char const*))
/home/arduino/ArduinoApps/medicion-distancia/.cache/sketch/core/core.a(Stream.cpp.o)
                              /home/arduino/ArduinoApps/medicion-distancia/.cache/sketch/sketch/sketch.ino.cpp.o (arduino::Stream::setTimeout(unsigned long))
/home/arduino/ArduinoApps/medicion-distancia/.cache/sketch/core/core.a(String.cpp.o)
                              /home/arduino/ArduinoApps/medicion-distancia/.cache/sketch/sketch/sketch.ino.cpp.o (arduino::String::String(arduino::String&&))
/home/arduino/ArduinoApps/medicion-distancia/.cache/sketch/core/core.a(itoa.cpp.o)
                              /home/arduino/ArduinoApps/medicion-distancia/.cache/sketch/core/core.a(String.cpp.o) (dtostrf)
/home/arduino/ArduinoApps/medicion-distancia/.cache/sketch/core/core.a(main.cpp.o)
                              (main)
/home/arduino/ArduinoApps/medicion-distancia/.cache/sketch/core/core.a(new.cpp.o)
                              /home/arduino/ArduinoApps/medicion-distancia/.cache/sketch/sketch/sketch.ino.cpp.o (operator new(unsigned int))
/home/arduino/ArduinoApps/medicion-distancia/.cache/sketch/core/core.a(threads.cpp.o)
                              /home/arduino/ArduinoApps/medicion-distancia/.cache/sketch/core/core.a(main.cpp.o) (start_static_threads())
/home/arduino/ArduinoApps/medicion-distancia/.cache/sketch/core/core.a(zephyrCommon.cpp.o)
                              /home/arduino/ArduinoApps/medicion-distancia/.cache/sketch/sketch/sketch.ino.cpp.o (pinMode)
/home/arduino/ArduinoApps/medicion-distancia/.cache/sketch/core/core.a(zephyrSerial.cpp.o)
                              /home/arduino/ArduinoApps/medicion-distancia/.cache/sketch/sketch/sketch.ino.cpp.o (arduino::ZephyrSerial::begin(unsigned long, unsigned short))
/home/arduino/ArduinoApps/medicion-distancia/.cache/sketch/core/core.a(Common.cpp.o)
                              /home/arduino/ArduinoApps/medicion-distancia/.cache/sketch/core/core.a(zephyrCommon.cpp.o) (map(long, long, long, long, long))

Discarded input sections

 .group         0x0000000000000000        0x8 /home/arduino/ArduinoApps/medicion-distancia/.cache/sketch/sketch/sketch.ino.cpp.o
 .group         0x0000000000000000        0x8 /home/arduino/ArduinoApps/medicion-distancia/.cache/sketch/sketch/sketch.ino.cpp.o
 .group         0x0000000000000000        0x8 /home/arduino/ArduinoApps/medicion-distancia/.cache/sketch/sketch/sketch.ino.cpp.o
 .group         0x0000000000000000        0x8 /home/arduino/ArduinoApps/medicion-distancia/.cache/sketch/sketch/sketch.ino.cpp.o
 .group         0x0000000000000000       0x10 /home/arduino/ArduinoApps/medicion-distancia/.cache/sketch/sketch/sketch.ino.cpp.o
 .group         0x0000000000000000        0x8 /home/arduino/ArduinoApps/medicion-distancia/.cache/sketch/sketch/sketch.ino.cpp.o
 .group         0x0000000000000000       0x24 /home/arduino/ArduinoApps/medicion-distancia/.cache/sketch/sketch/sketch.ino.cpp.o
 .group         0x0000000000000000        0xc /home/arduino/ArduinoApps/medicion-distancia/.cache/sketch/sketch/sketch.ino.cpp.o
 .group         0x0000000000000000        0xc /home/arduino/ArduinoApps/medicion-distancia/.cache/sketch/sketch/sketch.ino.cpp.o
 .group         0x0000000000000000        0xc /home/arduino/ArduinoApps/medicion-distancia/.cache/sketch/sketch/sketch.ino.cpp.o
 .group         0x0000000000000000        0xc /home/arduino/ArduinoApps/medicion-distancia/.cache/sketch/sketch/sketch.ino.cpp.o
 .group         0x0000000000000000        0xc /home/arduino/ArduinoApps/medicion-distancia/.cache/sketch/sketch/sketch.ino.cpp.o
 .group         0x0000000000000000        0x8 /home/arduino/ArduinoApps/medicion-distancia/.cache/sketch/sketch/sketch.ino.cpp.o
 .group         0x0000000000000000        0x8 /home/arduino/ArduinoApps/medicion-distancia/.cache/sketch/sketch/sketch.ino.cpp.o
 .group         0x0000000000000000        0x8 /home/arduino/ArduinoApps/medicion-distancia/.cache/sketch/sketch/sketch.ino.cpp.o
 .group         0x0000000000000000        0xc /home/arduino/ArduinoApps/medicion-distancia/.cache/sketch/sketch/sketch.ino.cpp.o
 .group         0x0000000000000000        0x8 /home/arduino/ArduinoApps/medicion-distancia/.cache/sketch/sketch/sketch.ino.cpp.o
 .group         0x0000000000000000        0xc /home/arduino/ArduinoApps/medicion-distancia/.cache/sketch/sketch/sketch.ino.cpp.o
 .group         0x0000000000000000        0xc /home/arduino/ArduinoApps/medicion-distancia/.cache/sketch/sketch/sketch.ino.cpp.o
 .group         0x0000000000000000        0x8 /home/arduino/ArduinoApps/medicion-distancia/.cache/sketch/sketch/sketch.ino.cpp.o
[...]
Memory Configuration

Name             Origin             Length             Attributes
*default*        0x0000000000000000 0xffffffffffffffff

Linker script and memory map

LOAD /home/arduino/.arduino15/packages/zephyr/tools/arm-zephyr-eabi/0.16.8/bin/../lib/gcc/../../picolibc/arm-zephyr-eabi/lib/thumb/v8-m.main+fp/hard/libstdc++.a
LOAD /home/arduino/.arduino15/packages/zephyr/tools/arm-zephyr-eabi/0.16.8/bin/../lib/gcc/../../picolibc/arm-zephyr-eabi/lib/thumb/v8-m.main+fp/hard/libsupc++.a
LOAD /home/arduino/.arduino15/packages/zephyr/tools/arm-zephyr-eabi/0.16.8/bin/../lib/gcc/arm-zephyr-eabi/12.2.0/../../../../arm-zephyr-eabi/lib/thumb/v8-m.main+fp/hard/libnosys.a
LOAD /home/arduino/ArduinoApps/medicion-distancia/.cache/sketch/sketch/sketch.ino.cpp.o
LOAD /home/arduino/ArduinoApps/medicion-distancia/.cache/sketch/core/analogReference.cpp.o
START GROUP
LOAD /home/arduino/ArduinoApps/medicion-distancia/.cache/sketch/core/core.a
LOAD /home/arduino/.arduino15/packages/zephyr/tools/arm-zephyr-eabi/0.16.8/bin/../lib/gcc/../../picolibc/arm-zephyr-eabi/lib/thumb/v8-m.main+fp/hard/libstdc++.a
LOAD /home/arduino/.arduino15/packages/zephyr/tools/arm-zephyr-eabi/0.16.8/bin/../lib/gcc/../../picolibc/arm-zephyr-eabi/lib/thumb/v8-m.main+fp/hard/libsupc++.a
END GROUP

/DISCARD/
 *(.ARM.attributes)
 *(.ARM.attributes.*)
 *(.ARM.exidx)
 *(.ARM.exidx.*)
 *(.ARM.extidx)
 *(.ARM.extidx.*)
 *(.ARM.extab)
 *(.ARM.extab.*)
 *(.comment)
 *(.comment.*)
 *(.llvmbc)
 *(.llvmcmd)
 *(.eh_frame)
 *stdexcept.o()
 *eh_*.o()
 *cow-stdexcept.o()
 *functexcept.o()
 *cow-string-inst.o()

.text           0x0000000000000000     0x44f0
 *(.text)
 *(.stub)
 *(.text*)
 .text._ZN7arduino5Print17availableForWriteEv
                0x0000000000000000        0x4 /home/arduino/ArduinoApps/medicion-distancia/.cache/sketch/sketch/sketch.ino.cpp.o
                0x0000000000000000                arduino::Print::availableForWrite()
 .text._ZN7arduino5Print5flushEv
                0x0000000000000004        0x2 /home/arduino/ArduinoApps/medicion-distancia/.cache/sketch/sketch/sketch.ino.cpp.o
                0x0000000000000004                arduino::Print::flush()
 .text._ZN15SerialTransport9availableEv
                0x0000000000000006       0x12 /home/arduino/ArduinoApps/medicion-distancia/.cache/sketch/sketch/sketch.ino.cpp.o
                0x0000000000000006                SerialTransport::available()
 .text._ZN15SerialTransport5writeEPKhj
                0x0000000000000018       0x10 /home/arduino/ArduinoApps/medicion-distancia/.cache/sketch/sketch/sketch.ino.cpp.o
                0x0000000000000018                SerialTransport::write(unsigned char const*, unsigned int)
 .text._ZN15SerialTransportD2Ev
                0x0000000000000028        0x2 /home/arduino/ArduinoApps/medicion-distancia/.cache/sketch/sketch/sketch.ino.cpp.o
                0x0000000000000028                SerialTransport::~SerialTransport()
                0x0000000000000028                SerialTransport::~SerialTransport()
 .text._ZN13BridgeMonitorILj512EE5writeEh
                0x000000000000002a       0x18 /home/arduino/ArduinoApps/medicion-distancia/.cache/sketch/sketch/sketch.ino.cpp.o
                0x000000000000002a                BridgeMonitor<512u>::write(unsigned char)
 *fill*         0x0000000000000042        0x2 
 .text.k_yield  0x0000000000000044        0x8 /home/arduino/ArduinoApps/medicion-distancia/.cache/sketch/sketch/sketch.ino.cpp.o
 .text.__tcf_1  0x000000000000004c       0x10 /home/arduino/ArduinoApps/medicion-distancia/.cache/sketch/sketch/sketch.ino.cpp.o
 .text._ZN15SerialTransportD0Ev
                0x000000000000005c       0x14 /home/arduino/ArduinoApps/medicion-distancia/.cache/sketch/sketch/sketch.ino.cpp.o
                0x000000000000005c                SerialTransport::~SerialTransport()
 .text._ZN15SerialTransport4readEPhj
                0x0000000000000070       0x28 /home/arduino/ArduinoApps/medicion-distancia/.cache/sketch/sketch/sketch.ino.cpp.o
                0x0000000000000070                SerialTransport::read(unsigned char*, unsigned int)
 .text._ZN15SerialTransport9read_byteERh
                0x0000000000000098       0x20 /home/arduino/ArduinoApps/medicion-distancia/.cache/sketch/sketch/sketch.ino.cpp.o
                0x0000000000000098                SerialTransport::read_byte(unsigned char&)
 .text.k_mutex_lock
                0x00000000000000b8        0x8 /home/arduino/ArduinoApps/medicion-distancia/.cache/sketch/sketch/sketch.ino.cpp.o
 .text._ZSt14__relocate_a_1IhhENSt9enable_ifIXsrSt24__is_bitwise_relocatableIT_vE5valueEPS2_E4typeES4_S4_S4_RSaIT0_E.isra.0
                0x00000000000000c0       0x20 /home/arduino/ArduinoApps/medicion-distancia/.cache/sketch/sketch/sketch.ino.cpp.o
 .text._ZNSt12_Vector_baseIhSaIhEE11_M_allocateEj.isra.0
                0x00000000000000e0       0x20 /home/arduino/ArduinoApps/medicion-distancia/.cache/sketch/sketch/sketch.ino.cpp.o
 .text.k_mutex_unlock.isra.0
                0x0000000000000100        0x8 /home/arduino/ArduinoApps/medicion-distancia/.cache/sketch/sketch/sketch.ino.cpp.o
 .text._ZN13BridgeMonitorILj512EE4readEv
                0x0000000000000108       0x64 /home/arduino/ArduinoApps/medicion-distancia/.cache/sketch/sketch/sketch.ino.cpp.o
                0x0000000000000108                BridgeMonitor<512u>::read()
 .text._ZN13BridgeMonitorILj512EE4peekEv
                0x000000000000016c       0x44 /home/arduino/ArduinoApps/medicion-distancia/.cache/sketch/sketch/sketch.ino.cpp.o
                0x000000000000016c                BridgeMonitor<512u>::peek()
 .text.k_msleep.constprop.0.isra.0
                0x00000000000001b0        0xc /home/arduino/ArduinoApps/medicion-distancia/.cache/sketch/sketch/sketch.ino.cpp.o
 .text._ZN18Arduino_LED_Matrix9loadFrameEPKj
                0x00000000000001bc       0x5c /home/arduino/ArduinoApps/medicion-distancia/.cache/sketch/sketch/sketch.ino.cpp.o
                0x00000000000001bc                Arduino_LED_Matrix::loadFrame(unsigned int const*)
 .text._ZN7arduino7msgpack8Unpacker11deserializeEv
                0x0000000000000218       0x16 /home/arduino/ArduinoApps/medicion-distancia/.cache/sketch/sketch/sketch.ino.cpp.o
                0x0000000000000218                arduino::msgpack::Unpacker::deserialize()
 .text._ZN7arduino7msgpack8Unpacker5clearEv
                0x000000000000022e       0x14 /home/arduino/ArduinoApps/medicion-distancia/.cache/sketch/sketch/sketch.ino.cpp.o
                0x000000000000022e                arduino::msgpack::Unpacker::clear()
 .text._ZNK7arduino7msgpack8Unpacker13getRawBytePtrEjj
                0x0000000000000242       0x1e /home/arduino/ArduinoApps/medicion-distancia/.cache/sketch/sketch/sketch.ino.cpp.o
                0x0000000000000242                arduino::msgpack::Unpacker::getRawBytePtr(unsigned int, unsigned int) const
 .text._ZN8RpcErrorC2Ev
                0x0000000000000260       0x2c /home/arduino/ArduinoApps/medicion-distancia/.cache/sketch/sketch/sketch.ino.cpp.o
                0x0000000000000260                RpcError::RpcError()
                0x0000000000000260                RpcError::RpcError()
 .text._ZN7arduino7msgpack8UnpackerC2Ev
                0x000000000000028c       0x10 /home/arduino/ArduinoApps/medicion-distancia/.cache/sketch/sketch/sketch.ino.cpp.o
                0x000000000000028c                arduino::msgpack::Unpacker::Unpacker()
                0x000000000000028c                arduino::msgpack::Unpacker::Unpacker()
 .text._ZN10RPCRequestILj256EEC2Ev
                0x000000000000029c       0x4c /home/arduino/ArduinoApps/medicion-distancia/.cache/sketch/sketch/sketch.ino.cpp.o
                0x000000000000029c                RPCRequest<256u>::RPCRequest()
                0x000000000000029c                RPCRequest<256u>::RPCRequest()
 .text.pulseIn  0x00000000000002e8       0x68 /home/arduino/ArduinoApps/medicion-distancia/.cache/sketch/sketch/sketch.ino.cpp.o
                0x00000000000002e8                pulseIn
 .text._Z11distanciaCMii
                0x0000000000000350       0x64 /home/arduino/ArduinoApps/medicion-distancia/.cache/sketch/sketch/sketch.ino.cpp.o
                0x0000000000000350                distanciaCM(int, int)
 .text._ZNSt12_Vector_baseIhSaIhEED2Ev
                0x00000000000003b4       0x18 /home/arduino/ArduinoApps/medicion-distancia/.cache/sketch/sketch/sketch.ino.cpp.o
                0x00000000000003b4                std::_Vector_base<unsigned char, std::allocator<unsigned char> >::~_Vector_base()
                0x00000000000003b4                std::_Vector_base<unsigned char, std::allocator<unsigned char> >::~_Vector_base()
 .text.__tcf_3  0x00000000000003cc       0x14 /home/arduino/ArduinoApps/medicion-distancia/.cache/sketch/sketch/sketch.ino.cpp.o
 .text.__tcf_2  0x00000000000003e0       0x14 /home/arduino/ArduinoApps/medicion-distancia/.cache/sketch/sketch/sketch.ino.cpp.o
 .text._ZNSt6vectorIhSaIhEE14_M_move_assignEOS1_St17integral_constantIbLb1EE.isra.0
                0x00000000000003f4       0x34 /home/arduino/ArduinoApps/medicion-distancia/.cache/sketch/sketch/sketch.ino.cpp.o
 .text._ZNK7arduino7msgpack8Unpacker11getRawBytesIhEET_jj
                0x0000000000000428       0x1e /home/arduino/ArduinoApps/medicion-distancia/.cache/sketch/sketch/sketch.ino.cpp.o
                0x0000000000000428                unsigned char arduino::msgpack::Unpacker::getRawBytes<unsigned char>(unsigned int, unsigned int) const
 *fill*         0x0000000000000446        0x2 
 .text._ZNK7arduino7msgpack8Unpacker7getTypeEj
                0x0000000000000448       0x58 /home/arduino/ArduinoApps/medicion-distancia/.cache/sketch/sketch/sketch.ino.cpp.o
                0x0000000000000448                arduino::msgpack::Unpacker::getType(unsigned int) const
 .text._ZNK7arduino7msgpack8Unpacker7getTypeEv
                0x00000000000004a0       0x10 /home/arduino/ArduinoApps/medicion-distancia/.cache/sketch/sketch/sketch.ino.cpp.o
                0x00000000000004a0                arduino::msgpack::Unpacker::getType() const
 .text._ZN7arduino7msgpack8Unpacker11unpackInt32Ev
                0x00000000000004b0       0x58 /home/arduino/ArduinoApps/medicion-distancia/.cache/sketch/sketch/sketch.ino.cpp.o
                0x00000000000004b0                arduino::msgpack::Unpacker::unpackInt32()
 .text._ZN7arduino7msgpack8Unpacker11unpackInt64Ev
                0x0000000000000508       0x60 /home/arduino/ArduinoApps/medicion-distancia/.cache/sketch/sketch/sketch.ino.cpp.o
                0x0000000000000508                arduino::msgpack::Unpacker::unpackInt64()
 .text._ZN7arduino7msgpack8Unpacker9unpackNilEv
                0x0000000000000568       0x3c /home/arduino/ArduinoApps/medicion-distancia/.cache/sketch/sketch/sketch.ino.cpp.o
                0x0000000000000568                arduino::msgpack::Unpacker::unpackNil()
 .text._ZNK7arduino7msgpack8Unpacker7isArrayEv
                0x00000000000005a4       0x20 /home/arduino/ArduinoApps/medicion-distancia/.cache/sketch/sketch/sketch.ino.cpp.o
                0x00000000000005a4                arduino::msgpack::Unpacker::isArray() const
 .text._ZNK7arduino7msgpack8Unpacker5isMapEv
                0x00000000000005c4       0x20 /home/arduino/ArduinoApps/medicion-distancia/.cache/sketch/sketch/sketch.ino.cpp.o
                0x00000000000005c4                arduino::msgpack::Unpacker::isMap() const
 .text._ZNK7arduino7msgpack8Unpacker5isIntEv
                0x00000000000005e4       0x20 /home/arduino/ArduinoApps/medicion-distancia/.cache/sketch/sketch/sketch.ino.cpp.o
                0x00000000000005e4                arduino::msgpack::Unpacker::isInt() const
 .text._ZNK7arduino7msgpack8Unpacker6isUIntEv
                0x0000000000000604       0x20 /home/arduino/ArduinoApps/medicion-distancia/.cache/sketch/sketch/sketch.ino.cpp.o
                0x0000000000000604                arduino::msgpack::Unpacker::isUInt() const
 .text._ZN7arduino7msgpack8Unpacker13unpackFloat32Ev
                0x0000000000000624       0x60 /home/arduino/ArduinoApps/medicion-distancia/.cache/sketch/sketch/sketch.ino.cpp.o
                0x0000000000000624                arduino::msgpack::Unpacker::unpackFloat32()
 .text._ZN7arduino7msgpack8Unpacker11unpackInt16Ev
                0x0000000000000684       0x4c /home/arduino/ArduinoApps/medicion-distancia/.cache/sketch/sketch/sketch.ino.cpp.o
                0x0000000000000684                arduino::msgpack::Unpacker::unpackInt16()
 .text._ZN7arduino7msgpack8Unpacker13unpackFloat64Ev
                0x00000000000006d0       0x6c /home/arduino/ArduinoApps/medicion-distancia/.cache/sketch/sketch/sketch.ino.cpp.o
                0x00000000000006d0                arduino::msgpack::Unpacker::unpackFloat64()
 .text._ZN7arduino7msgpack8Unpacker10unpackInt5Ev
                0x000000000000073c       0x4c /home/arduino/ArduinoApps/medicion-distancia/.cache/sketch/sketch/sketch.ino.cpp.o
                0x000000000000073c                arduino::msgpack::Unpacker::unpackInt5()
 .text._ZN7arduino7msgpack8Unpacker11unpackUInt7Ev
                0x0000000000000788       0x48 /home/arduino/ArduinoApps/medicion-distancia/.cache/sketch/sketch/sketch.ino.cpp.o
                0x0000000000000788                arduino::msgpack::Unpacker::unpackUInt7()
 .text._ZN7arduino7msgpack8Unpacker11unpackUInt8Ev
                0x00000000000007d0       0x48 /home/arduino/ArduinoApps/medicion-distancia/.cache/sketch/sketch/sketch.ino.cpp.o
                0x00000000000007d0                arduino::msgpack::Unpacker::unpackUInt8()
 .text._ZNK7arduino7msgpack8Unpacker11getRawBytesItEET_jj
                0x0000000000000818       0x26 /home/arduino/ArduinoApps/medicion-distancia/.cache/sketch/sketch/sketch.ino.cpp.o
                0x0000000000000818                unsigned short arduino::msgpack::Unpacker::getRawBytes<unsigned short>(unsigned int, unsigned int) const
 *fill*         0x000000000000083e        0x2 
 .text._ZN7arduino7msgpack8Unpacker12unpackUInt16Ev
                0x0000000000000840       0x48 /home/arduino/ArduinoApps/medicion-distancia/.cache/sketch/sketch/sketch.ino.cpp.o
                0x0000000000000840                arduino::msgpack::Unpacker::unpackUInt16()
 .text._ZNK7arduino7msgpack8Unpacker11getRawBytesIjEET_jj
                0x0000000000000888       0x34 /home/arduino/ArduinoApps/medicion-distancia/.cache/sketch/sketch/sketch.ino.cpp.o
                0x0000000000000888                unsigned int arduino::msgpack::Unpacker::getRawBytes<unsigned int>(unsigned int, unsigned int) const
 .text._ZNK7arduino7msgpack8Unpacker14getElementSizeEj
                0x00000000000008bc      0x11c /home/arduino/ArduinoApps/medicion-distancia/.cache/sketch/sketch/sketch.ino.cpp.o
                0x00000000000008bc                arduino::msgpack::Unpacker::getElementSize(unsigned int) const
 .text._ZN7arduino7msgpack8Unpacker15unpackArraySizeEv
                0x00000000000009d8       0x78 /home/arduino/ArduinoApps/medicion-distancia/.cache/sketch/sketch/sketch.ino.cpp.o
                0x00000000000009d8                arduino::msgpack::Unpacker::unpackArraySize()
 .text._ZN7arduino7msgpack8Unpacker11deserializeINS0_4type9ArraySizeEJEEEbRT_DpOT0_.isra.0
                0x0000000000000a50       0x40 /home/arduino/ArduinoApps/medicion-distancia/.cache/sketch/sketch/sketch.ino.cpp.o
 .text._ZN7arduino7msgpack8Unpacker12unpackUInt32Ev
                0x0000000000000a90       0x48 /home/arduino/ArduinoApps/medicion-distancia/.cache/sketch/sketch/sketch.ino.cpp.o
                0x0000000000000a90                arduino::msgpack::Unpacker::unpackUInt32()
 .text._ZN7arduino7msgpack8Unpacker13unpackMapSizeEv
                0x0000000000000ad8       0x78 /home/arduino/ArduinoApps/medicion-distancia/.cache/sketch/sketch/sketch.ino.cpp.o
                0x0000000000000ad8                arduino::msgpack::Unpacker::unpackMapSize()
 .text._ZNK7arduino7msgpack8Unpacker11getRawBytesIyEET_jj
                0x0000000000000b50       0x3a /home/arduino/ArduinoApps/medicion-distancia/.cache/sketch/sketch/sketch.ino.cpp.o
                0x0000000000000b50                unsigned long long arduino::msgpack::Unpacker::getRawBytes<unsigned long long>(unsigned int, unsigned int) const
 *fill*         0x0000000000000b8a        0x2 
 .text._ZN7arduino7msgpack8Unpacker12unpackUInt64Ev
                0x0000000000000b8c       0x4c /home/arduino/ArduinoApps/medicion-distancia/.cache/sketch/sketch/sketch.ino.cpp.o
                0x0000000000000b8c                arduino::msgpack::Unpacker::unpackUInt64()
 .text._ZNK7arduino7msgpack8Unpacker11getRawBytesIaEET_jj
                0x0000000000000bd8       0x1e /home/arduino/ArduinoApps/medicion-distancia/.cache/sketch/sketch/sketch.ino.cpp.o
                0x0000000000000bd8                signed char arduino::msgpack::Unpacker::getRawBytes<signed char>(unsigned int, unsigned int) const
 *fill*         0x0000000000000bf6        0x2 
 .text._ZN7arduino7msgpack8Unpacker10unpackInt8Ev
                0x0000000000000bf8       0x48 /home/arduino/ArduinoApps/medicion-distancia/.cache/sketch/sketch/sketch.ino.cpp.o
                0x0000000000000bf8                arduino::msgpack::Unpacker::unpackInt8()
 .text._ZNK7arduino7msgpack8Unpacker13isTimestamp32Ev
                0x0000000000000c40       0x2c /home/arduino/ArduinoApps/medicion-distancia/.cache/sketch/sketch/sketch.ino.cpp.o
                0x0000000000000c40                arduino::msgpack::Unpacker::isTimestamp32() const
 .text._ZNK7arduino7msgpack8Unpacker13isTimestamp64Ev
                0x0000000000000c6c       0x2c /home/arduino/ArduinoApps/medicion-distancia/.cache/sketch/sketch/sketch.ino.cpp.o
                0x0000000000000c6c                arduino::msgpack::Unpacker::isTimestamp64() const
 .text._ZNK7arduino7msgpack8Unpacker13isTimestamp96Ev
                0x0000000000000c98       0x40 /home/arduino/ArduinoApps/medicion-distancia/.cache/sketch/sketch/sketch.ino.cpp.o
                0x0000000000000c98                arduino::msgpack::Unpacker::isTimestamp96() const
 .text._ZNK7arduino7msgpack8Unpacker11getRawBytesIcEET_jj
                0x0000000000000cd8       0x1e /home/arduino/ArduinoApps/medicion-distancia/.cache/sketch/sketch/sketch.ino.cpp.o
                0x0000000000000cd8                char arduino::msgpack::Unpacker::getRawBytes<char>(unsigned int, unsigned int) const
 *fill*         0x0000000000000cf6        0x2 
 .text._ZN7arduino7msgpack8Unpacker11deserializeINS0_6object5nil_tEJEEEbRT_DpOT0_
                0x0000000000000cf8       0x40 /home/arduino/ArduinoApps/medicion-distancia/.cache/sketch/sketch/sketch.ino.cpp.o
                0x0000000000000cf8                bool arduino::msgpack::Unpacker::deserialize<arduino::msgpack::object::nil_t>(arduino::msgpack::object::nil_t&)
 .text._ZN7arduino7msgpack8Unpacker11deserializeIbJEEEbRT_DpOT0_
                0x0000000000000d38       0x68 /home/arduino/ArduinoApps/medicion-distancia/.cache/sketch/sketch/sketch.ino.cpp.o
                0x0000000000000d38                bool arduino::msgpack::Unpacker::deserialize<bool>(bool&)
 .text._ZN7arduino7msgpack8Unpacker11deserializeINS_6StringEJEEEbRT_DpOT0_
                0x0000000000000da0      0x174 /home/arduino/ArduinoApps/medicion-distancia/.cache/sketch/sketch/sketch.ino.cpp.o
                0x0000000000000da0                bool arduino::msgpack::Unpacker::deserialize<arduino::String>(arduino::String&)
 .text._ZN7arduino7msgpack8Unpacker11deserializeINS0_6object8timespecEJEEEbRT_DpOT0_
                0x0000000000000f14       0xc4 /home/arduino/ArduinoApps/medicion-distancia/.cache/sketch/sketch/sketch.ino.cpp.o
                0x0000000000000f14                bool arduino::msgpack::Unpacker::deserialize<arduino::msgpack::object::timespec>(arduino::msgpack::object::timespec&)
 .text._ZN17RpcDecoderManagerILj3EE10getDecoderER10ITransport
                0x0000000000000fd8       0x74 /home/arduino/ArduinoApps/medicion-distancia/.cache/sketch/sketch/sketch.ino.cpp.o
                0x0000000000000fd8                RpcDecoderManager<3u>::getDecoder(ITransport&)
 .text._ZNSt12_Vector_baseIjSaIjEED2Ev
                0x000000000000104c       0x18 /home/arduino/ArduinoApps/medicion-distancia/.cache/sketch/sketch/sketch.ino.cpp.o
                0x000000000000104c                std::_Vector_base<unsigned int, std::allocator<unsigned int> >::~_Vector_base()
                0x000000000000104c                std::_Vector_base<unsigned int, std::allocator<unsigned int> >::~_Vector_base()
 .text._ZN10RPCRequestILj256EED2Ev
                0x0000000000001064       0x2c /home/arduino/ArduinoApps/medicion-distancia/.cache/sketch/sketch/sketch.ino.cpp.o
                0x0000000000001064                RPCRequest<256u>::~RPCRequest()
                0x0000000000001064                RPCRequest<256u>::~RPCRequest()
 .text._ZNSt6vectorIjSaIjEE17_M_realloc_insertIJRjEEEvN9__gnu_cxx17__normal_iteratorIPjS1_EEDpOT_
                0x0000000000001090       0xdc /home/arduino/ArduinoApps/medicion-distancia/.cache/sketch/sketch/sketch.ino.cpp.o
                0x0000000000001090                void std::vector<unsigned int, std::allocator<unsigned int> >::_M_realloc_insert<unsigned int&>(__gnu_cxx::__normal_iterator<unsigned int*, std::vector<unsigned int, std::allocator<unsigned int> > >, unsigned int&)
 .text._ZN7arduino7msgpack8Unpacker4feedEPKhj
                0x000000000000116c       0x78 /home/arduino/ArduinoApps/medicion-distancia/.cache/sketch/sketch/sketch.ino.cpp.o
                0x000000000000116c                arduino::msgpack::Unpacker::feed(unsigned char const*, unsigned int)
 .text._ZNKSt6vectorIhSaIhEE12_M_check_lenEjPKc
                0x00000000000011e4       0x38 /home/arduino/ArduinoApps/medicion-distancia/.cache/sketch/sketch/sketch.ino.cpp.o
                0x00000000000011e4                std::vector<unsigned char, std::allocator<unsigned char> >::_M_check_len(unsigned int, char const*) const
 .text._ZNSt6vectorIhSaIhEE12emplace_backIJRKhEEERhDpOT_.isra.0
                0x000000000000121c       0x90 /home/arduino/ArduinoApps/medicion-distancia/.cache/sketch/sketch/sketch.ino.cpp.o
 .text._ZNSt6vectorIhSaIhEE12emplace_backIJhEEERhDpOT_.isra.0
                0x00000000000012ac       0x90 /home/arduino/ArduinoApps/medicion-distancia/.cache/sketch/sketch/sketch.ino.cpp.o
 .text._ZN7arduino7msgpack8Unpacker11deserializeISt6vectorIhSaIhEEJEEEbRT_DpOT0_
                0x000000000000133c      0x13c /home/arduino/ArduinoApps/medicion-distancia/.cache/sketch/sketch/sketch.ino.cpp.o
                0x000000000000133c                bool arduino::msgpack::Unpacker::deserialize<std::vector<unsigned char, std::allocator<unsigned char> >>(std::vector<unsigned char, std::allocator<unsigned char> >&)
 .text._ZN7arduino7msgpack6Packer11packRawByteERKNS0_4TypeE.isra.0
                0x0000000000001478       0x18 /home/arduino/ArduinoApps/medicion-distancia/.cache/sketch/sketch/sketch.ino.cpp.o
 .text._ZN7arduino7msgpack6Packer9packUInt8Eh
                0x0000000000001490       0x2c /home/arduino/ArduinoApps/medicion-distancia/.cache/sketch/sketch/sketch.ino.cpp.o
                0x0000000000001490                arduino::msgpack::Packer::packUInt8(unsigned char)
 .text._ZNSt6vectorIhSaIhEE12emplace_backIJRhEEES3_DpOT_.isra.0
                0x00000000000014bc       0x90 /home/arduino/ArduinoApps/medicion-distancia/.cache/sketch/sketch/sketch.ino.cpp.o
 .text._ZN7arduino7msgpack6Packer9packFloatIfEENSt9enable_ifIXaasrSt13is_arithmeticIT_E5valuesrSt17is_floating_pointIS5_E5valueEvE4typeERKS5_.isra.0
                0x000000000000154c       0x30 /home/arduino/ArduinoApps/medicion-distancia/.cache/sketch/sketch/sketch.ino.cpp.o
 .text._ZN7arduino7msgpack6Packer15packRawReversedIjEEvRKT_
                0x000000000000157c       0x1c /home/arduino/ArduinoApps/medicion-distancia/.cache/sketch/sketch/sketch.ino.cpp.o
                0x000000000000157c                void arduino::msgpack::Packer::packRawReversed<unsigned int>(unsigned int const&)
 .text._ZN7arduino7msgpack6Packer10packUInt32Ej
                0x0000000000001598       0x28 /home/arduino/ArduinoApps/medicion-distancia/.cache/sketch/sketch/sketch.ino.cpp.o
                0x0000000000001598                arduino::msgpack::Packer::packUInt32(unsigned int)
 .text._ZN7arduino7msgpack6Packer15packRawReversedItEEvRKT_
                0x00000000000015c0       0x1c /home/arduino/ArduinoApps/medicion-distancia/.cache/sketch/sketch/sketch.ino.cpp.o
                0x00000000000015c0                void arduino::msgpack::Packer::packRawReversed<unsigned short>(unsigned short const&)
 .text._ZN7arduino7msgpack6Packer13packArraySizeEj
                0x00000000000015dc       0x58 /home/arduino/ArduinoApps/medicion-distancia/.cache/sketch/sketch/sketch.ino.cpp.o
                0x00000000000015dc                arduino::msgpack::Packer::packArraySize(unsigned int)
 .text._ZN7arduino7msgpack6Packer10packUInt16Et
                0x0000000000001634       0x2c /home/arduino/ArduinoApps/medicion-distancia/.cache/sketch/sketch/sketch.ino.cpp.o
                0x0000000000001634                arduino::msgpack::Packer::packUInt16(unsigned short)
 .text._ZN7arduino7msgpack6Packer11packIntegerIjEENSt9enable_ifIXaaaaaasrSt13is_arithmeticIT_E5valuesrSt11is_integralIS5_E5valuentsrSt7is_sameIS5_bE5valuentsrS9_INSt9remove_cvIS5_E4typeEPcE5valueEvE4typeERKS5_.isra.0
                0x0000000000001660       0x50 /home/arduino/ArduinoApps/medicion-distancia/.cache/sketch/sketch/sketch.ino.cpp.o
 .text._ZN7arduino7msgpack6Packer11packIntegerIiEENSt9enable_ifIXaaaaaasrSt13is_arithmeticIT_E5valuesrSt11is_integralIS5_E5valuentsrSt7is_sameIS5_bE5valuentsrS9_INSt9remove_cvIS5_E4typeEPcE5valueEvE4typeERKS5_.isra.0
                0x00000000000016b0       0xb8 /home/arduino/ArduinoApps/medicion-distancia/.cache/sketch/sketch/sketch.ino.cpp.o
 .text._ZN7arduino7msgpack6Packer12packRawBytesEPKcj
                0x0000000000001768       0x9c /home/arduino/ArduinoApps/medicion-distancia/.cache/sketch/sketch/sketch.ino.cpp.o
                0x0000000000001768                arduino::msgpack::Packer::packRawBytes(char const*, unsigned int)
 .text._ZN7arduino7msgpack6Packer4packERKNS_6StringE
                0x0000000000001804       0x7c /home/arduino/ArduinoApps/medicion-distancia/.cache/sketch/sketch/sketch.ino.cpp.o
                0x0000000000001804                arduino::msgpack::Packer::pack(arduino::String const&)
 .text._ZN7arduino7msgpack6Packer9serializeIJRKiRjRKNS_6StringEEEEvRKNS0_4type9ArraySizeEDpOT_.isra.0
                0x0000000000001880       0x38 /home/arduino/ArduinoApps/medicion-distancia/.cache/sketch/sketch/sketch.ino.cpp.o
 .text._ZN7arduino7msgpack8Unpacker9unpackIntIiEENSt9enable_ifIXaaaaaaaasrSt13is_arithmeticIT_E5valuesrSt11is_integralIS5_E5valuentsrSt7is_sameIS5_bE5valuentsrS9_INSt9remove_cvIS5_E4typeEPcE5valuesrSt9is_signedIS5_E5valueES5_E4typeEv
                0x00000000000018b8       0xd0 /home/arduino/ArduinoApps/medicion-distancia/.cache/sketch/sketch/sketch.ino.cpp.o
                0x00000000000018b8                std::enable_if<(((std::is_arithmetic<int>::value&&std::is_integral<int>::value)&&(!std::is_same<int, bool>::value))&&(!std::is_same<std::remove_cv<int>::type, char*>::value))&&std::is_signed<int>::value, int>::type arduino::msgpack::Unpacker::unpackInt<int>()
 .text._ZN7arduino7msgpack8Unpacker11deserializeIiJEEEbRT_DpOT0_
                0x0000000000001988       0x40 /home/arduino/ArduinoApps/medicion-distancia/.cache/sketch/sketch/sketch.ino.cpp.o
                0x0000000000001988                bool arduino::msgpack::Unpacker::deserialize<int>(int&)
 .text._ZN7arduino7msgpack8Unpacker11unpackFloatIfEENSt9enable_ifIXaasrSt13is_arithmeticIT_E5valuesrSt17is_floating_pointIS5_E5valueES5_E4typeEv
                0x00000000000019c8      0x118 /home/arduino/ArduinoApps/medicion-distancia/.cache/sketch/sketch/sketch.ino.cpp.o
                0x00000000000019c8                std::enable_if<std::is_arithmetic<float>::value&&std::is_floating_point<float>::value, float>::type arduino::msgpack::Unpacker::unpackFloat<float>()
 .text._ZN7arduino7msgpack8Unpacker11unpackFloatIdEENSt9enable_ifIXaasrSt13is_arithmeticIT_E5valuesrSt17is_floating_pointIS5_E5valueES5_E4typeEv
                0x0000000000001ae0      0x118 /home/arduino/ArduinoApps/medicion-distancia/.cache/sketch/sketch/sketch.ino.cpp.o
                0x0000000000001ae0                std::enable_if<std::is_arithmetic<double>::value&&std::is_floating_point<double>::value, double>::type arduino::msgpack::Unpacker::unpackFloat<double>()
 .text._ZN7arduino7msgpack8Unpacker11deserializeINS0_4type9ArraySizeEJRiEEEbRT_DpOT0_
                0x0000000000001bf8       0x44 /home/arduino/ArduinoApps/medicion-distancia/.cache/sketch/sketch/sketch.ino.cpp.o
                0x0000000000001bf8                bool arduino::msgpack::Unpacker::deserialize<arduino::msgpack::type::ArraySize, int&>(arduino::msgpack::type::ArraySize&, int&)
 .text._ZNK10RpcDecoderILj1024EE4sendEPKhj
                0x0000000000001c3c       0x22 /home/arduino/ArduinoApps/medicion-distancia/.cache/sketch/sketch/sketch.ino.cpp.o
                0x0000000000001c3c                RpcDecoder<1024u>::send(unsigned char const*, unsigned int) const
 *fill*         0x0000000000001c5e        0x2 
 .text._ZN9RPCClient8send_rpcIJEEEbRKN7arduino6StringERjDpOT_.isra.0
                0x0000000000001c60       0x74 /home/arduino/ArduinoApps/medicion-distancia/.cache/sketch/sketch/sketch.ino.cpp.o
 .text._ZN9RPCClient8send_rpcIJRKN7arduino6StringEEEEbS4_RjDpOT_.isra.0
                0x0000000000001cd4       0x84 /home/arduino/ArduinoApps/medicion-distancia/.cache/sketch/sketch/sketch.ino.cpp.o
 .text._ZN9RPCClient8send_rpcIJRKjEEEbRKN7arduino6StringERjDpOT_.isra.0
                0x0000000000001d58       0x84 /home/arduino/ArduinoApps/medicion-distancia/.cache/sketch/sketch/sketch.ino.cpp.o
 .text.loop     0x0000000000001ddc      0x130 /home/arduino/ArduinoApps/medicion-distancia/.cache/sketch/sketch/sketch.ino.cpp.o
                0x0000000000001ddc                loop
 .text._ZNK9RPCServer13send_responseILj256EEEbRK10RPCRequestIXT_EE.isra.0
                0x0000000000001f0c       0x24 /home/arduino/ArduinoApps/medicion-distancia/.cache/sketch/sketch/sketch.ino.cpp.o
 .text._ZN10RpcDecoderILj1024EE7consumeEjj
                0x0000000000001f30       0x36 /home/arduino/ArduinoApps/medicion-distancia/.cache/sketch/sketch/sketch.ino.cpp.o
                0x0000000000001f30                RpcDecoder<1024u>::consume(unsigned int, unsigned int)
 *fill*         0x0000000000001f66        0x2 
 .text._ZN10RpcDecoderILj1024EE7discardEv
                0x0000000000001f68       0x2c /home/arduino/ArduinoApps/medicion-distancia/.cache/sketch/sketch/sketch.ino.cpp.o
                0x0000000000001f68                RpcDecoder<1024u>::discard()
 .text._ZN7arduino7msgpack8Unpacker11deserializeI8RpcErrorJRNS0_6object5nil_tEEEEbRT_DpOT0_
                0x0000000000001f94       0x90 /home/arduino/ArduinoApps/medicion-distancia/.cache/sketch/sketch/sketch.ino.cpp.o
                0x0000000000001f94                bool arduino::msgpack::Unpacker::deserialize<RpcError, arduino::msgpack::object::nil_t&>(RpcError&, arduino::msgpack::object::nil_t&)
 .text._ZN7arduino7msgpack8Unpacker10unpackUIntIjEENSt9enable_ifIXaaaaaaaasrSt13is_arithmeticIT_E5valuesrSt11is_integralIS5_E5valuentsrSt7is_sameIS5_bE5valuentsrS9_INSt9remove_cvIS5_E4typeEPcE5valuentsrSt9is_signedIS5_E5valueES5_E4typeEv
                0x0000000000002024       0x80 /home/arduino/ArduinoApps/medicion-distancia/.cache/sketch/sketch/sketch.ino.cpp.o
                0x0000000000002024                std::enable_if<(((std::is_arithmetic<unsigned int>::value&&std::is_integral<unsigned int>::value)&&(!std::is_same<unsigned int, bool>::value))&&(!std::is_same<std::remove_cv<unsigned int>::type, char*>::value))&&(!std::is_signed<unsigned int>::value), unsigned int>::type arduino::msgpack::Unpacker::unpackUInt<unsigned int>()
 .text._ZN7arduino7msgpack8Unpacker11deserializeIjJRNS_6StringEEEEbRT_DpOT0_
                0x00000000000020a4       0x44 /home/arduino/ArduinoApps/medicion-distancia/.cache/sketch/sketch/sketch.ino.cpp.o
                0x00000000000020a4                bool arduino::msgpack::Unpacker::deserialize<unsigned int, arduino::String&>(unsigned int&, arduino::String&)
 .text._ZN10RpcDecoderILj1024EE16fetch_rpc_methodEv
                0x00000000000020e8       0xe8 /home/arduino/ArduinoApps/medicion-distancia/.cache/sketch/sketch/sketch.ino.cpp.o
                0x00000000000020e8                RpcDecoder<1024u>::fetch_rpc_method()
 .text._ZN10RPCRequestILj256EE22unpack_request_headersEv
                0x00000000000021d0       0xb8 /home/arduino/ArduinoApps/medicion-distancia/.cache/sketch/sketch/sketch.ino.cpp.o
                0x00000000000021d0                RPCRequest<256u>::unpack_request_headers()
 .text._ZN9RPCServer15process_requestILj256EEEvR10RPCRequestIXT_EE
                0x0000000000002288      0x138 /home/arduino/ArduinoApps/medicion-distancia/.cache/sketch/sketch/sketch.ino.cpp.o
                0x0000000000002288                void RPCServer::process_request<256u>(RPCRequest<256u>&)
 .text._ZN7arduino7msgpack8Unpacker11deserializeIjJEEEbRT_DpOT0_
                0x00000000000023c0       0x40 /home/arduino/ArduinoApps/medicion-distancia/.cache/sketch/sketch/sketch.ino.cpp.o
                0x00000000000023c0                bool arduino::msgpack::Unpacker::deserialize<unsigned int>(unsigned int&)
 .text._ZN7arduino7msgpack8Unpacker11deserializeINS0_4type9ArraySizeEJRiRjEEEbRT_DpOT0_
                0x0000000000002400       0x78 /home/arduino/ArduinoApps/medicion-distancia/.cache/sketch/sketch/sketch.ino.cpp.o
                0x0000000000002400                bool arduino::msgpack::Unpacker::deserialize<arduino::msgpack::type::ArraySize, int&, unsigned int&>(arduino::msgpack::type::ArraySize&, int&, unsigned int&)
 .text._ZN10RpcDecoderILj1024EE12get_responseIN7arduino7msgpack6object5nil_tEEEbjRT_R8RpcError
                0x0000000000002478      0x168 /home/arduino/ArduinoApps/medicion-distancia/.cache/sketch/sketch/sketch.ino.cpp.o
                0x0000000000002478                bool RpcDecoder<1024u>::get_response<arduino::msgpack::object::nil_t>(unsigned int, arduino::msgpack::object::nil_t&, RpcError&)
 .text._ZN10RpcDecoderILj1024EE12get_responseIbEEbjRT_R8RpcError
                0x00000000000025e0      0x168 /home/arduino/ArduinoApps/medicion-distancia/.cache/sketch/sketch/sketch.ino.cpp.o
                0x00000000000025e0                bool RpcDecoder<1024u>::get_response<bool>(unsigned int, bool&, RpcError&)
 .text._ZNSt11__copy_moveILb0ELb1ESt26random_access_iterator_tagE8__copy_mIhEEPT_PKS3_S6_S4_
                0x0000000000002748       0x1c /home/arduino/ArduinoApps/medicion-distancia/.cache/sketch/sketch/sketch.ino.cpp.o
                0x0000000000002748                unsigned char* std::__copy_move<false, true, std::random_access_iterator_tag>::__copy_m<unsigned char>(unsigned char const*, unsigned char const*, unsigned char*)
 .text._ZNSt11__copy_moveILb1ELb1ESt26random_access_iterator_tagE8__copy_mIhEEPT_PKS3_S6_S4_
                0x0000000000002764       0x1c /home/arduino/ArduinoApps/medicion-distancia/.cache/sketch/sketch/sketch.ino.cpp.o
                0x0000000000002764                unsigned char* std::__copy_move<true, true, std::random_access_iterator_tag>::__copy_m<unsigned char>(unsigned char const*, unsigned char const*, unsigned char*)
 .text._ZN7arduino7msgpack6object3extC2EaPKhj
                0x0000000000002780      0x104 /home/arduino/ArduinoApps/medicion-distancia/.cache/sketch/sketch/sketch.ino.cpp.o
                0x0000000000002780                arduino::msgpack::object::ext::ext(signed char, unsigned char const*, unsigned int)
                0x0000000000002780                arduino::msgpack::object::ext::ext(signed char, unsigned char const*, unsigned int)
 .text._ZN7arduino7msgpack8Unpacker9unpackExtEv
                0x0000000000002884      0x178 /home/arduino/ArduinoApps/medicion-distancia/.cache/sketch/sketch/sketch.ino.cpp.o
                0x0000000000002884                arduino::msgpack::Unpacker::unpackExt()
 .text._ZN8RpcUtils6detail12unpackObjectERN7arduino7msgpack8UnpackerE
                0x00000000000029fc      0x294 /home/arduino/ArduinoApps/medicion-distancia/.cache/sketch/sketch/sketch.ino.cpp.o
                0x00000000000029fc                RpcUtils::detail::unpackObject(arduino::msgpack::Unpacker&)
 .text._ZN10RpcDecoderILj1024EE12parse_packetEv
                0x0000000000002c90       0xf8 /home/arduino/ArduinoApps/medicion-distancia/.cache/sketch/sketch/sketch.ino.cpp.o
                0x0000000000002c90                RpcDecoder<1024u>::parse_packet()
 .text._ZN10RpcDecoderILj1024EE6decodeEv
                0x0000000000002d88       0x40 /home/arduino/ArduinoApps/medicion-distancia/.cache/sketch/sketch/sketch.ino.cpp.o
                0x0000000000002d88                RpcDecoder<1024u>::decode()
 .text._ZN9RPCServer7get_rpcILj256EEEbR10RPCRequestIXT_EEN7arduino6StringE
                0x0000000000002dc8       0xc4 /home/arduino/ArduinoApps/medicion-distancia/.cache/sketch/sketch/sketch.ino.cpp.o
                0x0000000000002dc8                bool RPCServer::get_rpc<256u>(RPCRequest<256u>&, arduino::String)
 .text._ZN11BridgeClass11update_safeEv
                0x0000000000002e8c       0xb0 /home/arduino/ArduinoApps/medicion-distancia/.cache/sketch/sketch/sketch.ino.cpp.o
                0x0000000000002e8c                BridgeClass::update_safe()
 .text._Z10__loopHookv
                0x0000000000002f3c       0x20 /home/arduino/ArduinoApps/medicion-distancia/.cache/sketch/sketch/sketch.ino.cpp.o
                0x0000000000002f3c                __loopHook()
 .text._ZN11BridgeClass6updateEv
                0x0000000000002f5c       0xb0 /home/arduino/ArduinoApps/medicion-distancia/.cache/sketch/sketch/sketch.ino.cpp.o
                0x0000000000002f5c                BridgeClass::update()
 .text._Z16updateEntryPointPvS_S_
                0x000000000000300c       0x24 /home/arduino/ArduinoApps/medicion-distancia/.cache/sketch/sketch/sketch.ino.cpp.o
                0x000000000000300c                updateEntryPoint(void*, void*, void*)
 .text._ZN9RPCClient12get_responseIN7arduino7msgpack6object5nil_tEEEbjRT_R8RpcError
                0x0000000000003030       0x40 /home/arduino/ArduinoApps/medicion-distancia/.cache/sketch/sketch/sketch.ino.cpp.o
                0x0000000000003030                bool RPCClient::get_response<arduino::msgpack::object::nil_t>(unsigned int, arduino::msgpack::object::nil_t&, RpcError&)
 .text._ZN8RpcUtils6detail9unpackMapERN7arduino7msgpack8UnpackerERj
                0x0000000000003070       0x80 /home/arduino/ArduinoApps/medicion-distancia/.cache/sketch/sketch/sketch.ino.cpp.o
                0x0000000000003070                RpcUtils::detail::unpackMap(arduino::msgpack::Unpacker&, unsigned int&)
 .text._ZN10RpcDecoderILj1024EE12get_responseIjEEbjRT_R8RpcError
                0x00000000000030f0      0x168 /home/arduino/ArduinoApps/medicion-distancia/.cache/sketch/sketch/sketch.ino.cpp.o
                0x00000000000030f0                bool RpcDecoder<1024u>::get_response<unsigned int>(unsigned int, unsigned int&, RpcError&)
 .text._ZN9RpcResultIJRN7arduino6StringEEE6resultIjEEbRT_
                0x0000000000003258       0xbc /home/arduino/ArduinoApps/medicion-distancia/.cache/sketch/sketch/sketch.ino.cpp.o
                0x0000000000003258                bool RpcResult<arduino::String&>::result<unsigned int>(unsigned int&)
 .text._ZN13BridgeMonitorILj512EE5writeEPKhj
                0x0000000000003314      0x128 /home/arduino/ArduinoApps/medicion-distancia/.cache/sketch/sketch/sketch.ino.cpp.o
                0x0000000000003314                BridgeMonitor<512u>::write(unsigned char const*, unsigned int)
 .text._ZN10RpcDecoderILj1024EE12get_responseISt6vectorIhSaIhEEEEbjRT_R8RpcError
                0x000000000000343c      0x168 /home/arduino/ArduinoApps/medicion-distancia/.cache/sketch/sketch/sketch.ino.cpp.o
                0x000000000000343c                bool RpcDecoder<1024u>::get_response<std::vector<unsigned char, std::allocator<unsigned char> > >(unsigned int, std::vector<unsigned char, std::allocator<unsigned char> >&, RpcError&)
 .text._ZN9RpcResultIJRjEE6resultISt6vectorIhSaIhEEEEbRT_
                0x00000000000035a4       0xbc /home/arduino/ArduinoApps/medicion-distancia/.cache/sketch/sketch/sketch.ino.cpp.o
                0x00000000000035a4                bool RpcResult<unsigned int&>::result<std::vector<unsigned char, std::allocator<unsigned char> > >(std::vector<unsigned char, std::allocator<unsigned char> >&)
 .text._ZN13BridgeMonitorILj512EE5_readEj
                0x0000000000003660      0x15c /home/arduino/ArduinoApps/medicion-distancia/.cache/sketch/sketch/sketch.ino.cpp.o
                0x0000000000003660                BridgeMonitor<512u>::_read(unsigned int)
 .text._ZN13BridgeMonitorILj512EE9availableEv
                0x00000000000037bc       0x44 /home/arduino/ArduinoApps/medicion-distancia/.cache/sketch/sketch/sketch.ino.cpp.o
                0x00000000000037bc                BridgeMonitor<512u>::available()
 .text._GLOBAL__sub_I_Bridge
                0x0000000000003800       0xd4 /home/arduino/ArduinoApps/medicion-distancia/.cache/sketch/sketch/sketch.ino.cpp.o
 .text._GLOBAL__sub_D_Bridge
                0x00000000000038d4       0x20 /home/arduino/ArduinoApps/medicion-distancia/.cache/sketch/sketch/sketch.ino.cpp.o
 .text.setup    0x00000000000038f4      0x2e4 /home/arduino/ArduinoApps/medicion-distancia/.cache/sketch/sketch/sketch.ino.cpp.o
                0x00000000000038f4                setup
 .text._ZSt20__throw_length_errorPKc
                0x0000000000003bd8        0x2 /home/arduino/ArduinoApps/medicion-distancia/.cache/sketch/core/core.a(abi.cpp.o)
                0x0000000000003bd8                std::__throw_length_error(char const*)
 .text._ZSt17__throw_bad_allocv
                0x0000000000003bda        0x2 /home/arduino/ArduinoApps/medicion-distancia/.cache/sketch/core/core.a(abi.cpp.o)
                0x0000000000003bda                std::__throw_bad_alloc()
 .text.atexit   0x0000000000003bdc        0x4 /home/arduino/ArduinoApps/medicion-distancia/.cache/sketch/core/core.a(abi.cpp.o)
                0x0000000000003bdc                atexit
 .text.strcmp   0x0000000000003be0       0x16 /home/arduino/ArduinoApps/medicion-distancia/.cache/sketch/core/core.a(abi.cpp.o)
                0x0000000000003be0                strcmp
 *fill*         0x0000000000003bf6        0x2 
 .text._ZN7arduino6Stream9timedReadEv
                0x0000000000003bf8       0x2c /home/arduino/ArduinoApps/medicion-distancia/.cache/sketch/core/core.a(Stream.cpp.o)
                0x0000000000003bf8                arduino::Stream::timedRead()
 .text._ZN7arduino6Stream10setTimeoutEm
                0x0000000000003c24        0x4 /home/arduino/ArduinoApps/medicion-distancia/.cache/sketch/core/core.a(Stream.cpp.o)
                0x0000000000003c24                arduino::Stream::setTimeout(unsigned long)
 .text._ZN7arduino6Stream9readBytesEPcj
                0x0000000000003c28       0x2c /home/arduino/ArduinoApps/medicion-distancia/.cache/sketch/core/core.a(Stream.cpp.o)
                0x0000000000003c28                arduino::Stream::readBytes(char*, unsigned int)
 .text._ZN7arduino6StringC2EOS0_
                0x0000000000003c54       0x16 /home/arduino/ArduinoApps/medicion-distancia/.cache/sketch/core/core.a(String.cpp.o)
                0x0000000000003c54                arduino::String::String(arduino::String&&)
                0x0000000000003c54                arduino::String::String(arduino::String&&)
 *fill*         0x0000000000003c6a        0x2 
 .text._ZN7arduino6StringD2Ev
                0x0000000000003c6c       0x14 /home/arduino/ArduinoApps/medicion-distancia/.cache/sketch/core/core.a(String.cpp.o)
                0x0000000000003c6c                arduino::String::~String()
                0x0000000000003c6c                arduino::String::~String()
 .text._ZN7arduino6String10invalidateEv
                0x0000000000003c80       0x1c /home/arduino/ArduinoApps/medicion-distancia/.cache/sketch/core/core.a(String.cpp.o)
                0x0000000000003c80                arduino::String::invalidate()
 .text._ZN7arduino6String12changeBufferEj
                0x0000000000003c9c       0x1c /home/arduino/ArduinoApps/medicion-distancia/.cache/sketch/core/core.a(String.cpp.o)
                0x0000000000003c9c                arduino::String::changeBuffer(unsigned int)
 .text._ZN7arduino6String7reserveEj
                0x0000000000003cb8       0x28 /home/arduino/ArduinoApps/medicion-distancia/.cache/sketch/core/core.a(String.cpp.o)
                0x0000000000003cb8                arduino::String::reserve(unsigned int)
 .text._ZN7arduino6String4copyEPKcj
                0x0000000000003ce0       0x3c /home/arduino/ArduinoApps/medicion-distancia/.cache/sketch/core/core.a(String.cpp.o)
                0x0000000000003ce0                arduino::String::copy(char const*, unsigned int)
 .text._ZN7arduino6StringC2EPKc
                0x0000000000003d1c       0x2c /home/arduino/ArduinoApps/medicion-distancia/.cache/sketch/core/core.a(String.cpp.o)
                0x0000000000003d1c                arduino::String::String(char const*)
                0x0000000000003d1c                arduino::String::String(char const*)
 .text._ZN7arduino6String4moveERS0_
                0x0000000000003d48       0x2c /home/arduino/ArduinoApps/medicion-distancia/.cache/sketch/core/core.a(String.cpp.o)
                0x0000000000003d48                arduino::String::move(arduino::String&)
 .text._ZN7arduino6StringaSERKS0_
                0x0000000000003d74       0x28 /home/arduino/ArduinoApps/medicion-distancia/.cache/sketch/core/core.a(String.cpp.o)
                0x0000000000003d74                arduino::String::operator=(arduino::String const&)
 .text._ZN7arduino6StringC2ERKS0_
                0x0000000000003d9c       0x18 /home/arduino/ArduinoApps/medicion-distancia/.cache/sketch/core/core.a(String.cpp.o)
                0x0000000000003d9c                arduino::String::String(arduino::String const&)
                0x0000000000003d9c                arduino::String::String(arduino::String const&)
 .text._ZN7arduino6StringaSEOS0_
                0x0000000000003db4       0x10 /home/arduino/ArduinoApps/medicion-distancia/.cache/sketch/core/core.a(String.cpp.o)
                0x0000000000003db4                arduino::String::operator=(arduino::String&&)
 .text._ZN7arduino6StringaSEPKc
                0x0000000000003dc4       0x30 /home/arduino/ArduinoApps/medicion-distancia/.cache/sketch/core/core.a(String.cpp.o)
                0x0000000000003dc4                arduino::String::operator=(char const*)
 .text._ZN7arduino6String6concatEPKcj
                0x0000000000003df4       0x40 /home/arduino/ArduinoApps/medicion-distancia/.cache/sketch/core/core.a(String.cpp.o)
                0x0000000000003df4                arduino::String::concat(char const*, unsigned int)
 .text._ZN7arduino6String6concatEc
                0x0000000000003e34       0x1c /home/arduino/ArduinoApps/medicion-distancia/.cache/sketch/core/core.a(String.cpp.o)
                0x0000000000003e34                arduino::String::concat(char)
 .text._ZNK7arduino6String9compareToERKS0_
                0x0000000000003e50       0x30 /home/arduino/ArduinoApps/medicion-distancia/.cache/sketch/core/core.a(String.cpp.o)
                0x0000000000003e50                arduino::String::compareTo(arduino::String const&) const
 .text._ZNK7arduino6String6equalsERKS0_
                0x0000000000003e80       0x20 /home/arduino/ArduinoApps/medicion-distancia/.cache/sketch/core/core.a(String.cpp.o)
                0x0000000000003e80                arduino::String::equals(arduino::String const&) const
 .text._ZNK7arduino6String6equalsEPKc
                0x0000000000003ea0       0x28 /home/arduino/ArduinoApps/medicion-distancia/.cache/sketch/core/core.a(String.cpp.o)
                0x0000000000003ea0                arduino::String::equals(char const*) const
 .text.initVariant
                0x0000000000003ec8        0x2 /home/arduino/ArduinoApps/medicion-distancia/.cache/sketch/core/core.a(main.cpp.o)
                0x0000000000003ec8                initVariant
 *fill*         0x0000000000003eca        0x2 
 .text.main     0x0000000000003ecc       0x2c /home/arduino/ArduinoApps/medicion-distancia/.cache/sketch/core/core.a(main.cpp.o)
                0x0000000000003ecc                main
 .text._ZL10new_helperj
                0x0000000000003ef8       0x10 /home/arduino/ArduinoApps/medicion-distancia/.cache/sketch/core/core.a(new.cpp.o)
 .text._Znwj    0x0000000000003f08        0x8 /home/arduino/ArduinoApps/medicion-distancia/.cache/sketch/core/core.a(new.cpp.o)
                0x0000000000003f08                operator new(unsigned int)
 .text._ZnwjPv  0x0000000000003f10        0x4 /home/arduino/ArduinoApps/medicion-distancia/.cache/sketch/core/core.a(new.cpp.o)
                0x0000000000003f10                operator new(unsigned int, void*)
 .text._ZdlPvj  0x0000000000003f14        0x8 /home/arduino/ArduinoApps/medicion-distancia/.cache/sketch/core/core.a(new.cpp.o)
                0x0000000000003f14                operator delete(void*, unsigned int)
 .text._Z20start_static_threadsv
                0x0000000000003f1c       0x6c /home/arduino/ArduinoApps/medicion-distancia/.cache/sketch/core/core.a(threads.cpp.o)
                0x0000000000003f1c                start_static_threads()
 .text.gpio_pin_set_dt.isra.0
                0x0000000000003f88       0x28 /home/arduino/ArduinoApps/medicion-distancia/.cache/sketch/core/core.a(zephyrCommon.cpp.o)
 .text.gpio_pin_configure_dt.isra.0
                0x0000000000003fb0       0x2a /home/arduino/ArduinoApps/medicion-distancia/.cache/sketch/core/core.a(zephyrCommon.cpp.o)
 *fill*         0x0000000000003fda        0x2 
 .text.yield    0x0000000000003fdc        0x8 /home/arduino/ArduinoApps/medicion-distancia/.cache/sketch/core/core.a(zephyrCommon.cpp.o)
                0x0000000000003fdc                yield
 .text.pinMode  0x0000000000003fe4       0x3c /home/arduino/ArduinoApps/medicion-distancia/.cache/sketch/core/core.a(zephyrCommon.cpp.o)
                0x0000000000003fe4                pinMode
 .text.digitalWrite
                0x0000000000004020       0x14 /home/arduino/ArduinoApps/medicion-distancia/.cache/sketch/core/core.a(zephyrCommon.cpp.o)
                0x0000000000004020                digitalWrite
 .text.digitalRead
                0x0000000000004034       0x40 /home/arduino/ArduinoApps/medicion-distancia/.cache/sketch/core/core.a(zephyrCommon.cpp.o)
                0x0000000000004034                digitalRead
 .text.delay    0x0000000000004074       0x10 /home/arduino/ArduinoApps/medicion-distancia/.cache/sketch/core/core.a(zephyrCommon.cpp.o)
                0x0000000000004074                delay
 .text.delayMicroseconds
                0x0000000000004084       0x24 /home/arduino/ArduinoApps/medicion-distancia/.cache/sketch/core/core.a(zephyrCommon.cpp.o)
                0x0000000000004084                delayMicroseconds
 .text.micros   0x00000000000040a8       0x1c /home/arduino/ArduinoApps/medicion-distancia/.cache/sketch/core/core.a(zephyrCommon.cpp.o)
                0x00000000000040a8                micros
 .text.millis   0x00000000000040c4       0x18 /home/arduino/ArduinoApps/medicion-distancia/.cache/sketch/core/core.a(zephyrCommon.cpp.o)
                0x00000000000040c4                millis
 .text.z_impl_uart_irq_tx_enable
                0x00000000000040dc        0xa /home/arduino/ArduinoApps/medicion-distancia/.cache/sketch/core/core.a(zephyrSerial.cpp.o)
 .text._ZN7arduino12ZephyrSerial5beginEm
                0x00000000000040e6        0xa /home/arduino/ArduinoApps/medicion-distancia/.cache/sketch/core/core.a(zephyrSerial.cpp.o)
                0x00000000000040e6                arduino::ZephyrSerial::begin(unsigned long)
 .text._ZN7arduino12ZephyrSerial3endEv
                0x00000000000040f0        0x2 /home/arduino/ArduinoApps/medicion-distancia/.cache/sketch/core/core.a(zephyrSerial.cpp.o)
                0x00000000000040f0                arduino::ZephyrSerial::end()
 .text._ZN7arduino12ZephyrSerial5writeEh
                0x00000000000040f2       0x18 /home/arduino/ArduinoApps/medicion-distancia/.cache/sketch/core/core.a(zephyrSerial.cpp.o)
                0x00000000000040f2                arduino::ZephyrSerial::write(unsigned char)
 .text._ZN7arduino12ZephyrSerialcvbEv
                0x000000000000410a        0x4 /home/arduino/ArduinoApps/medicion-distancia/.cache/sketch/core/core.a(zephyrSerial.cpp.o)
                0x000000000000410a                arduino::ZephyrSerial::operator bool()
 *fill*         0x000000000000410e        0x2 
 .text.k_sem_give
                0x0000000000004110        0x8 /home/arduino/ArduinoApps/medicion-distancia/.cache/sketch/core/core.a(zephyrSerial.cpp.o)
 .text.k_sem_take.isra.0
                0x0000000000004118        0x8 /home/arduino/ArduinoApps/medicion-distancia/.cache/sketch/core/core.a(zephyrSerial.cpp.o)
 .text._ZN7arduino12ZephyrSerial4readEv
                0x0000000000004120       0x48 /home/arduino/ArduinoApps/medicion-distancia/.cache/sketch/core/core.a(zephyrSerial.cpp.o)
                0x0000000000004120                arduino::ZephyrSerial::read()
 .text._ZN7arduino12ZephyrSerial4peekEv
                0x0000000000004168       0x48 /home/arduino/ArduinoApps/medicion-distancia/.cache/sketch/core/core.a(zephyrSerial.cpp.o)
                0x0000000000004168                arduino::ZephyrSerial::peek()
 .text._ZN7arduino12ZephyrSerial17availableForWriteEv
                0x00000000000041b0       0x3c /home/arduino/ArduinoApps/medicion-distancia/.cache/sketch/core/core.a(zephyrSerial.cpp.o)
                0x00000000000041b0                arduino::ZephyrSerial::availableForWrite()
 .text._ZN7arduino12ZephyrSerial9availableEv
                0x00000000000041ec       0x34 /home/arduino/ArduinoApps/medicion-distancia/.cache/sketch/core/core.a(zephyrSerial.cpp.o)
                0x00000000000041ec                arduino::ZephyrSerial::available()
 .text._ZN7arduino12ZephyrSerial5beginEmt
                0x0000000000004220       0xb8 /home/arduino/ArduinoApps/medicion-distancia/.cache/sketch/core/core.a(zephyrSerial.cpp.o)
                0x0000000000004220                arduino::ZephyrSerial::begin(unsigned long, unsigned short)
 .text._ZN7arduino12ZephyrSerial5flushEv
                0x00000000000042d8       0x2c /home/arduino/ArduinoApps/medicion-distancia/.cache/sketch/core/core.a(zephyrSerial.cpp.o)
                0x00000000000042d8                arduino::ZephyrSerial::flush()
 .text._ZN7arduino12ZephyrSerial5writeEPKhj
                0x0000000000004304       0x70 /home/arduino/ArduinoApps/medicion-distancia/.cache/sketch/core/core.a(zephyrSerial.cpp.o)
                0x0000000000004304                arduino::ZephyrSerial::write(unsigned char const*, unsigned int)
 .text._ZN7arduino12ZephyrSerial10IrqHandlerEv
                0x0000000000004374       0xec /home/arduino/ArduinoApps/medicion-distancia/.cache/sketch/core/core.a(zephyrSerial.cpp.o)
                0x0000000000004374                arduino::ZephyrSerial::IrqHandler()
 .text._ZN7arduino12ZephyrSerial11IrqDispatchEPK6devicePv
                0x0000000000004460        0xc /home/arduino/ArduinoApps/medicion-distancia/.cache/sketch/core/core.a(zephyrSerial.cpp.o)
                0x0000000000004460                arduino::ZephyrSerial::IrqDispatch(device const*, void*)
 .text._ZN7arduino12ZephyrSerial18ZephyrSerialBufferILi64EEC2Ev
                0x000000000000446c       0x28 /home/arduino/ArduinoApps/medicion-distancia/.cache/sketch/core/core.a(zephyrSerial.cpp.o)
                0x000000000000446c                arduino::ZephyrSerial::ZephyrSerialBuffer<64>::ZephyrSerialBuffer()
                0x000000000000446c                arduino::ZephyrSerial::ZephyrSerialBuffer<64>::ZephyrSerialBuffer()
 .text._GLOBAL__sub_I__ZN7arduino12ZephyrSerial5beginEmt
                0x0000000000004494       0x5c /home/arduino/ArduinoApps/medicion-distancia/.cache/sketch/core/core.a(zephyrSerial.cpp.o)
 *(.text.*)
 *(.text._*)
 *(.init)
 *(.ctors)
 *(.dtors)
 *(.fini)

.static_thread_data_area
                0x00000000000044f0        0x0
                0x00000000000044f0                __static_thread_data_list_start = .
 *(.static_thread_data_area SORT_BY_NAME(.__static_thread_data.*))
                0x00000000000044f0                __static_thread_data_list_end = .

.rodata         0x00000000000044f0      0x3f8
 *(.rodata)
 *(.rodata1)
 *(.rodata.*)
 .rodata._ZN8RpcErrorC2Ev.str1.1
                0x00000000000044f0        0x1 /home/arduino/ArduinoApps/medicion-distancia/.cache/sketch/sketch/sketch.ino.cpp.o
 .rodata._ZNSt6vectorIjSaIjEE17_M_realloc_insertIJRjEEEvN9__gnu_cxx17__normal_iteratorIPjS1_EEDpOT_.str1.1
                0x00000000000044f1       0x1a /home/arduino/ArduinoApps/medicion-distancia/.cache/sketch/sketch/sketch.ino.cpp.o
 .rodata.loop.str1.1
                0x000000000000450b        0xb /home/arduino/ArduinoApps/medicion-distancia/.cache/sketch/sketch/sketch.ino.cpp.o
 .rodata._ZN10RpcDecoderILj1024EE12get_responseIN7arduino7msgpack6object5nil_tEEEbjRT_R8RpcError.str1.1
                0x0000000000004516       0x7b /home/arduino/ArduinoApps/medicion-distancia/.cache/sketch/sketch/sketch.ino.cpp.o
 .rodata._ZN7arduino7msgpack6object3extC2EaPKhj.str1.1
                0x0000000000004591       0x28 /home/arduino/ArduinoApps/medicion-distancia/.cache/sketch/sketch/sketch.ino.cpp.o
 .rodata._ZN11BridgeClass11update_safeEv.str1.1
                0x00000000000045b9        0x9 /home/arduino/ArduinoApps/medicion-distancia/.cache/sketch/sketch/sketch.ino.cpp.o
 .rodata._ZN13BridgeMonitorILj512EE5writeEPKhj.str1.1
                0x00000000000045c2        0xa /home/arduino/ArduinoApps/medicion-distancia/.cache/sketch/sketch/sketch.ino.cpp.o
 .rodata._ZN13BridgeMonitorILj512EE5_readEj.str1.1
                0x00000000000045cc        0x9 /home/arduino/ArduinoApps/medicion-distancia/.cache/sketch/sketch/sketch.ino.cpp.o
 .rodata.setup.str1.1
                0x00000000000045d5        0x8 /home/arduino/ArduinoApps/medicion-distancia/.cache/sketch/sketch/sketch.ino.cpp.o
 *fill*         0x00000000000045dd        0x3 
 .rodata._ZTV15SerialTransport
                0x00000000000045e0       0x20 /home/arduino/ArduinoApps/medicion-distancia/.cache/sketch/sketch/sketch.ino.cpp.o
                0x00000000000045e0                vtable for SerialTransport
 .rodata._ZTV13BridgeMonitorILj512EE
                0x0000000000004600       0x24 /home/arduino/ArduinoApps/medicion-distancia/.cache/sketch/sketch/sketch.ino.cpp.o
                0x0000000000004600                vtable for BridgeMonitor<512u>
 .rodata._ZL5heart
                0x0000000000004624        0xc /home/arduino/ArduinoApps/medicion-distancia/.cache/sketch/sketch/sketch.ino.cpp.o
 .rodata.str1.1
                0x0000000000004630       0x51 /home/arduino/ArduinoApps/medicion-distancia/.cache/sketch/core/core.a(main.cpp.o)
 *fill*         0x0000000000004681        0x3 
 .rodata._ZL12arduino_pins
                0x0000000000004684      0x230 /home/arduino/ArduinoApps/medicion-distancia/.cache/sketch/core/core.a(zephyrCommon.cpp.o)
 .rodata._ZTVN7arduino12ZephyrSerialE
                0x00000000000048b4       0x34 /home/arduino/ArduinoApps/medicion-distancia/.cache/sketch/core/core.a(zephyrSerial.cpp.o)
                0x00000000000048b4                vtable for arduino::ZephyrSerial

.data
 *(.data .data.*)

.bss            0x00000000000048e8     0x126c
 *(.bss .bss.* COMMON)
 .bss._ZN17RpcDecoderManagerILj3EE14decoders_countE
                0x00000000000048e8        0x4 /home/arduino/ArduinoApps/medicion-distancia/.cache/sketch/sketch/sketch.ino.cpp.o
                0x00000000000048e8                RpcDecoderManager<3u>::decoders_count
 .bss._ZGVN17RpcDecoderManagerILj3EE9decoders_E
                0x00000000000048ec        0x4 /home/arduino/ArduinoApps/medicion-distancia/.cache/sketch/sketch/sketch.ino.cpp.o
                0x00000000000048ec                guard variable for RpcDecoderManager<3u>::decoders_
 .bss._ZN17RpcDecoderManagerILj3EE9decoders_E
                0x00000000000048f0      0xc60 /home/arduino/ArduinoApps/medicion-distancia/.cache/sketch/sketch/sketch.ino.cpp.o
                0x00000000000048f0                RpcDecoderManager<3u>::decoders_
 .bss._ZGVZN7arduino7msgpack8Unpacker10from_arrayIJRiRNS_6StringEEEEbDpOT_E2sz
                0x0000000000005550        0x4 /home/arduino/ArduinoApps/medicion-distancia/.cache/sketch/sketch/sketch.ino.cpp.o
                0x0000000000005550                guard variable for arduino::msgpack::Unpacker::from_array<int&, arduino::String&>(int&, arduino::String&)::sz
 .bss._ZZN7arduino7msgpack8Unpacker10from_arrayIJRiRNS_6StringEEEEbDpOT_E2sz
                0x0000000000005554        0x4 /home/arduino/ArduinoApps/medicion-distancia/.cache/sketch/sketch/sketch.ino.cpp.o
                0x0000000000005554                arduino::msgpack::Unpacker::from_array<int&, arduino::String&>(int&, arduino::String&)::sz
 .bss.matrix    0x0000000000005558       0x28 /home/arduino/ArduinoApps/medicion-distancia/.cache/sketch/sketch/sketch.ino.cpp.o
                0x0000000000005558                matrix
 .bss._ZN12RouterBridge3HCIE
                0x0000000000005580       0x28 /home/arduino/ArduinoApps/medicion-distancia/.cache/sketch/sketch/sketch.ino.cpp.o
                0x0000000000005580                RouterBridge::HCI
 .bss.Monitor   0x00000000000055a8      0x238 /home/arduino/ArduinoApps/medicion-distancia/.cache/sketch/sketch/sketch.ino.cpp.o
                0x00000000000055a8                Monitor
 .bss.Bridge    0x00000000000057e0      0x140 /home/arduino/ArduinoApps/medicion-distancia/.cache/sketch/sketch/sketch.ino.cpp.o
                0x00000000000057e0                Bridge
 .bss._ZZN8RpcUtils6detail12unpackObjectERN7arduino7msgpack8UnpackerEE1t
                0x0000000000005920       0x10 /home/arduino/ArduinoApps/medicion-distancia/.cache/sketch/sketch/sketch.ino.cpp.o
                0x0000000000005920                RpcUtils::detail::unpackObject(arduino::msgpack::Unpacker&)::t
 .bss._ZGVZN8RpcUtils6detail12unpackObjectERN7arduino7msgpack8UnpackerEE1e
                0x0000000000005930        0x4 /home/arduino/ArduinoApps/medicion-distancia/.cache/sketch/sketch/sketch.ino.cpp.o
                0x0000000000005930                guard variable for RpcUtils::detail::unpackObject(arduino::msgpack::Unpacker&)::e
 .bss._ZZN8RpcUtils6detail12unpackObjectERN7arduino7msgpack8UnpackerEE1e
                0x0000000000005934        0xc /home/arduino/ArduinoApps/medicion-distancia/.cache/sketch/sketch/sketch.ino.cpp.o
                0x0000000000005934                RpcUtils::detail::unpackObject(arduino::msgpack::Unpacker&)::e
 .bss._ZZN8RpcUtils6detail12unpackObjectERN7arduino7msgpack8UnpackerEE6map_sz
                0x0000000000005940        0x4 /home/arduino/ArduinoApps/medicion-distancia/.cache/sketch/sketch/sketch.ino.cpp.o
                0x0000000000005940                RpcUtils::detail::unpackObject(arduino::msgpack::Unpacker&)::map_sz
 .bss._ZZN8RpcUtils6detail12unpackObjectERN7arduino7msgpack8UnpackerEE6arr_sz
                0x0000000000005944        0x4 /home/arduino/ArduinoApps/medicion-distancia/.cache/sketch/sketch/sketch.ino.cpp.o
                0x0000000000005944                RpcUtils::detail::unpackObject(arduino::msgpack::Unpacker&)::arr_sz
 .bss._ZGVZN8RpcUtils6detail12unpackObjectERN7arduino7msgpack8UnpackerEE5bytes
                0x0000000000005948        0x4 /home/arduino/ArduinoApps/medicion-distancia/.cache/sketch/sketch/sketch.ino.cpp.o
                0x0000000000005948                guard variable for RpcUtils::detail::unpackObject(arduino::msgpack::Unpacker&)::bytes
 .bss._ZZN8RpcUtils6detail12unpackObjectERN7arduino7msgpack8UnpackerEE5bytes
                0x000000000000594c        0xc /home/arduino/ArduinoApps/medicion-distancia/.cache/sketch/sketch/sketch.ino.cpp.o
                0x000000000000594c                RpcUtils::detail::unpackObject(arduino::msgpack::Unpacker&)::bytes
 .bss._ZGVZN8RpcUtils6detail12unpackObjectERN7arduino7msgpack8UnpackerEE6string
                0x0000000000005958        0x4 /home/arduino/ArduinoApps/medicion-distancia/.cache/sketch/sketch/sketch.ino.cpp.o
                0x0000000000005958                guard variable for RpcUtils::detail::unpackObject(arduino::msgpack::Unpacker&)::string
 .bss._ZZN8RpcUtils6detail12unpackObjectERN7arduino7msgpack8UnpackerEE6string
                0x000000000000595c        0xc /home/arduino/ArduinoApps/medicion-distancia/.cache/sketch/sketch/sketch.ino.cpp.o
                0x000000000000595c                RpcUtils::detail::unpackObject(arduino::msgpack::Unpacker&)::string
 .bss._ZZN8RpcUtils6detail12unpackObjectERN7arduino7msgpack8UnpackerEE5num64
                0x0000000000005968        0x8 /home/arduino/ArduinoApps/medicion-distancia/.cache/sketch/sketch/sketch.ino.cpp.o
                0x0000000000005968                RpcUtils::detail::unpackObject(arduino::msgpack::Unpacker&)::num64
 .bss._ZZN8RpcUtils6detail12unpackObjectERN7arduino7msgpack8UnpackerEE5num32
                0x0000000000005970        0x4 /home/arduino/ArduinoApps/medicion-distancia/.cache/sketch/sketch/sketch.ino.cpp.o
                0x0000000000005970                RpcUtils::detail::unpackObject(arduino::msgpack::Unpacker&)::num32
 .bss._ZZN8RpcUtils6detail12unpackObjectERN7arduino7msgpack8UnpackerEE7integer
                0x0000000000005974        0x4 /home/arduino/ArduinoApps/medicion-distancia/.cache/sketch/sketch/sketch.ino.cpp.o
                0x0000000000005974                RpcUtils::detail::unpackObject(arduino::msgpack::Unpacker&)::integer
 .bss._ZZN8RpcUtils6detail12unpackObjectERN7arduino7msgpack8UnpackerEE1b
                0x0000000000005978        0x1 /home/arduino/ArduinoApps/medicion-distancia/.cache/sketch/sketch/sketch.ino.cpp.o
                0x0000000000005978                RpcUtils::detail::unpackObject(arduino::msgpack::Unpacker&)::b
 .bss._ZZN8RpcUtils6detail12unpackObjectERN7arduino7msgpack8UnpackerEE3nil
                0x0000000000005979        0x1 /home/arduino/ArduinoApps/medicion-distancia/.cache/sketch/sketch/sketch.ino.cpp.o
                0x0000000000005979                RpcUtils::detail::unpackObject(arduino::msgpack::Unpacker&)::nil
 *fill*         0x000000000000597a        0x2 
 .bss.Serial1   0x000000000000597c       0xec /home/arduino/ArduinoApps/medicion-distancia/.cache/sketch/core/core.a(zephyrSerial.cpp.o)
                0x000000000000597c                Serial1
 .bss.Serial    0x0000000000005a68       0xec /home/arduino/ArduinoApps/medicion-distancia/.cache/sketch/core/core.a(zephyrSerial.cpp.o)
                0x0000000000005a68                Serial
 *(.noinit .noinit.*)

.exported_sym   0x0000000000005b54        0x8
 *(.exported_sym)
 .exported_sym  0x0000000000005b54        0x8 /home/arduino/ArduinoApps/medicion-distancia/.cache/sketch/core/core.a(main.cpp.o)
 *(.exported_sym.*)

.init_array     0x0000000000005b5c        0x8
 *(.init_array)
 .init_array    0x0000000000005b5c        0x4 /home/arduino/ArduinoApps/medicion-distancia/.cache/sketch/sketch/sketch.ino.cpp.o
 .init_array    0x0000000000005b60        0x4 /home/arduino/ArduinoApps/medicion-distancia/.cache/sketch/core/core.a(zephyrSerial.cpp.o)

.fini_array     0x0000000000005b64        0x4
 *(.fini_array)
 .fini_array    0x0000000000005b64        0x4 /home/arduino/ArduinoApps/medicion-distancia/.cache/sketch/sketch/sketch.ino.cpp.o

.symtab
 *(.symtab)

.strtab
 *(.strtab)

.shstrtab
 *(.shstrtab)

.rel
 *(.rel .rel.*)

.got
 *(.got .got.* .got.plt .got.plt*)
OUTPUT(/home/arduino/ArduinoApps/medicion-distancia/.cache/sketch/sketch.ino_debug.elf elf32-littlearm)
LOAD linker stubs

.debug_info     0x0000000000000000    0x3fd05
 .debug_info    0x0000000000000000    0x2d2d9 /home/arduino/ArduinoApps/medicion-distancia/.cache/sketch/sketch/sketch.ino.cpp.o
 .debug_info    0x000000000002d2d9      0x1de /home/arduino/ArduinoApps/medicion-distancia/.cache/sketch/core/core.a(abi.cpp.o)
 .debug_info    0x000000000002d4b7     0x1f74 /home/arduino/ArduinoApps/medicion-distancia/.cache/sketch/core/core.a(Stream.cpp.o)
 .debug_info    0x000000000002f42b     0x3e0c /home/arduino/ArduinoApps/medicion-distancia/.cache/sketch/core/core.a(String.cpp.o)
 .debug_info    0x0000000000033237     0x1e2b /home/arduino/ArduinoApps/medicion-distancia/.cache/sketch/core/core.a(main.cpp.o)
 .debug_info    0x0000000000035062      0x7af /home/arduino/ArduinoApps/medicion-distancia/.cache/sketch/core/core.a(new.cpp.o)
 .debug_info    0x0000000000035811     0x1f28 /home/arduino/ArduinoApps/medicion-distancia/.cache/sketch/core/core.a(threads.cpp.o)
 .debug_info    0x0000000000037739     0x4c53 /home/arduino/ArduinoApps/medicion-distancia/.cache/sketch/core/core.a(zephyrCommon.cpp.o)
 .debug_info    0x000000000003c38c     0x3979 /home/arduino/ArduinoApps/medicion-distancia/.cache/sketch/core/core.a(zephyrSerial.cpp.o)

.debug_abbrev   0x0000000000000000     0x40a5
 .debug_abbrev  0x0000000000000000     0x14c7 /home/arduino/ArduinoApps/medicion-distancia/.cache/sketch/sketch/sketch.ino.cpp.o
 .debug_abbrev  0x00000000000014c7      0x154 /home/arduino/ArduinoApps/medicion-distancia/.cache/sketch/core/core.a(abi.cpp.o)
 .debug_abbrev  0x000000000000161b      0x500 /home/arduino/ArduinoApps/medicion-distancia/.cache/sketch/core/core.a(Stream.cpp.o)
 .debug_abbrev  0x0000000000001b1b      0x5d4 /home/arduino/ArduinoApps/medicion-distancia/.cache/sketch/core/core.a(String.cpp.o)
 .debug_abbrev  0x00000000000020ef      0x538 /home/arduino/ArduinoApps/medicion-distancia/.cache/sketch/core/core.a(main.cpp.o)
 .debug_abbrev  0x0000000000002627      0x234 /home/arduino/ArduinoApps/medicion-distancia/.cache/sketch/core/core.a(new.cpp.o)
 .debug_abbrev  0x000000000000285b      0x4c4 /home/arduino/ArduinoApps/medicion-distancia/.cache/sketch/core/core.a(threads.cpp.o)
 .debug_abbrev  0x0000000000002d1f      0xa59 /home/arduino/ArduinoApps/medicion-distancia/.cache/sketch/core/core.a(zephyrCommon.cpp.o)
 .debug_abbrev  0x0000000000003778      0x92d /home/arduino/ArduinoApps/medicion-distancia/.cache/sketch/core/core.a(zephyrSerial.cpp.o)

.debug_loclists
                0x0000000000000000     0xd640
 .debug_loclists
                0x0000000000000000     0x99a8 /home/arduino/ArduinoApps/medicion-distancia/.cache/sketch/sketch/sketch.ino.cpp.o
 .debug_loclists
                0x00000000000099a8       0x88 /home/arduino/ArduinoApps/medicion-distancia/.cache/sketch/core/core.a(abi.cpp.o)
 .debug_loclists
                0x0000000000009a30      0x883 /home/arduino/ArduinoApps/medicion-distancia/.cache/sketch/core/core.a(Stream.cpp.o)
 .debug_loclists
                0x000000000000a2b3     0x1943 /home/arduino/ArduinoApps/medicion-distancia/.cache/sketch/core/core.a(String.cpp.o)
 .debug_loclists
                0x000000000000bbf6       0x72 /home/arduino/ArduinoApps/medicion-distancia/.cache/sketch/core/core.a(main.cpp.o)
 .debug_loclists
                0x000000000000bc68      0x2bc /home/arduino/ArduinoApps/medicion-distancia/.cache/sketch/core/core.a(new.cpp.o)
 .debug_loclists
                0x000000000000bf24       0xb3 /home/arduino/ArduinoApps/medicion-distancia/.cache/sketch/core/core.a(threads.cpp.o)
 .debug_loclists
                0x000000000000bfd7      0xedd /home/arduino/ArduinoApps/medicion-distancia/.cache/sketch/core/core.a(zephyrCommon.cpp.o)
 .debug_loclists
                0x000000000000ceb4      0x78c /home/arduino/ArduinoApps/medicion-distancia/.cache/sketch/core/core.a(zephyrSerial.cpp.o)

.debug_aranges  0x0000000000000000      0xae8
 .debug_aranges
                0x0000000000000000      0x470 /home/arduino/ArduinoApps/medicion-distancia/.cache/sketch/sketch/sketch.ino.cpp.o
 .debug_aranges
                0x0000000000000470       0x58 /home/arduino/ArduinoApps/medicion-distancia/.cache/sketch/core/core.a(abi.cpp.o)
 .debug_aranges
                0x00000000000004c8       0x90 /home/arduino/ArduinoApps/medicion-distancia/.cache/sketch/core/core.a(Stream.cpp.o)
 .debug_aranges
                0x0000000000000558      0x298 /home/arduino/ArduinoApps/medicion-distancia/.cache/sketch/core/core.a(String.cpp.o)
 .debug_aranges
                0x00000000000007f0       0x38 /home/arduino/ArduinoApps/medicion-distancia/.cache/sketch/core/core.a(main.cpp.o)
 .debug_aranges
                0x0000000000000828       0xb0 /home/arduino/ArduinoApps/medicion-distancia/.cache/sketch/core/core.a(new.cpp.o)
 .debug_aranges
                0x00000000000008d8       0x20 /home/arduino/ArduinoApps/medicion-distancia/.cache/sketch/core/core.a(threads.cpp.o)
 .debug_aranges
                0x00000000000008f8      0x130 /home/arduino/ArduinoApps/medicion-distancia/.cache/sketch/core/core.a(zephyrCommon.cpp.o)
 .debug_aranges
                0x0000000000000a28       0xc0 /home/arduino/ArduinoApps/medicion-distancia/.cache/sketch/core/core.a(zephyrSerial.cpp.o)

.debug_rnglists
                0x0000000000000000     0x1f6b
 .debug_rnglists
                0x0000000000000000     0x153c /home/arduino/ArduinoApps/medicion-distancia/.cache/sketch/sketch/sketch.ino.cpp.o
 .debug_rnglists
                0x000000000000153c       0x3d /home/arduino/ArduinoApps/medicion-distancia/.cache/sketch/core/core.a(abi.cpp.o)
 .debug_rnglists
                0x0000000000001579      0x103 /home/arduino/ArduinoApps/medicion-distancia/.cache/sketch/core/core.a(Stream.cpp.o)
 .debug_rnglists
                0x000000000000167c      0x375 /home/arduino/ArduinoApps/medicion-distancia/.cache/sketch/core/core.a(String.cpp.o)
 .debug_rnglists
                0x00000000000019f1       0x33 /home/arduino/ArduinoApps/medicion-distancia/.cache/sketch/core/core.a(main.cpp.o)
 .debug_rnglists
                0x0000000000001a24       0x7f /home/arduino/ArduinoApps/medicion-distancia/.cache/sketch/core/core.a(new.cpp.o)
 .debug_rnglists
                0x0000000000001aa3       0x3a /home/arduino/ArduinoApps/medicion-distancia/.cache/sketch/core/core.a(threads.cpp.o)
 .debug_rnglists
                0x0000000000001add      0x2cc /home/arduino/ArduinoApps/medicion-distancia/.cache/sketch/core/core.a(zephyrCommon.cpp.o)
 .debug_rnglists
                0x0000000000001da9      0x1c2 /home/arduino/ArduinoApps/medicion-distancia/.cache/sketch/core/core.a(zephyrSerial.cpp.o)

.debug_line     0x0000000000000000     0xdecf
 .debug_line    0x0000000000000000     0x7f74 /home/arduino/ArduinoApps/medicion-distancia/.cache/sketch/sketch/sketch.ino.cpp.o
 .debug_line    0x0000000000007f74      0x138 /home/arduino/ArduinoApps/medicion-distancia/.cache/sketch/core/core.a(abi.cpp.o)
 .debug_line    0x00000000000080ac      0x8d4 /home/arduino/ArduinoApps/medicion-distancia/.cache/sketch/core/core.a(Stream.cpp.o)
 .debug_line    0x0000000000008980     0x1a12 /home/arduino/ArduinoApps/medicion-distancia/.cache/sketch/core/core.a(String.cpp.o)
 .debug_line    0x000000000000a392      0x83b /home/arduino/ArduinoApps/medicion-distancia/.cache/sketch/core/core.a(main.cpp.o)
 .debug_line    0x000000000000abcd      0x36b /home/arduino/ArduinoApps/medicion-distancia/.cache/sketch/core/core.a(new.cpp.o)
 .debug_line    0x000000000000af38      0x860 /home/arduino/ArduinoApps/medicion-distancia/.cache/sketch/core/core.a(threads.cpp.o)
 .debug_line    0x000000000000b798     0x17b8 /home/arduino/ArduinoApps/medicion-distancia/.cache/sketch/core/core.a(zephyrCommon.cpp.o)
 .debug_line    0x000000000000cf50      0xf7f /home/arduino/ArduinoApps/medicion-distancia/.cache/sketch/core/core.a(zephyrSerial.cpp.o)

.debug_str      0x0000000000000000    0x2bee3
 .debug_str     0x0000000000000000    0x1f15d /home/arduino/ArduinoApps/medicion-distancia/.cache/sketch/sketch/sketch.ino.cpp.o
 .debug_str     0x000000000001f15d      0x40d /home/arduino/ArduinoApps/medicion-distancia/.cache/sketch/core/core.a(abi.cpp.o)
 .debug_str     0x000000000001f56a     0x167e /home/arduino/ArduinoApps/medicion-distancia/.cache/sketch/core/core.a(Stream.cpp.o)
 .debug_str     0x0000000000020be8     0x1828 /home/arduino/ArduinoApps/medicion-distancia/.cache/sketch/core/core.a(String.cpp.o)
 .debug_str     0x0000000000022410     0x1fdf /home/arduino/ArduinoApps/medicion-distancia/.cache/sketch/core/core.a(main.cpp.o)
 .debug_str     0x00000000000243ef      0x4d7 /home/arduino/ArduinoApps/medicion-distancia/.cache/sketch/core/core.a(new.cpp.o)
 .debug_str     0x00000000000248c6     0x1bdf /home/arduino/ArduinoApps/medicion-distancia/.cache/sketch/core/core.a(threads.cpp.o)
 .debug_str     0x00000000000264a5     0x2fa4 /home/arduino/ArduinoApps/medicion-distancia/.cache/sketch/core/core.a(zephyrCommon.cpp.o)
 .debug_str     0x0000000000029449     0x2a9a /home/arduino/ArduinoApps/medicion-distancia/.cache/sketch/core/core.a(zephyrSerial.cpp.o)

.debug_frame    0x0000000000000000     0x22e0
 .debug_frame   0x0000000000000000     0x10d8 /home/arduino/ArduinoApps/medicion-distancia/.cache/sketch/sketch/sketch.ino.cpp.o
 .debug_frame   0x00000000000010d8       0x90 /home/arduino/ArduinoApps/medicion-distancia/.cache/sketch/core/core.a(abi.cpp.o)
 .debug_frame   0x0000000000001168      0x1fc /home/arduino/ArduinoApps/medicion-distancia/.cache/sketch/core/core.a(Stream.cpp.o)
 .debug_frame   0x0000000000001364      0x7e8 /home/arduino/ArduinoApps/medicion-distancia/.cache/sketch/core/core.a(String.cpp.o)
 .debug_frame   0x0000000000001b4c       0x68 /home/arduino/ArduinoApps/medicion-distancia/.cache/sketch/core/core.a(main.cpp.o)
 .debug_frame   0x0000000000001bb4      0x140 /home/arduino/ArduinoApps/medicion-distancia/.cache/sketch/core/core.a(new.cpp.o)
 .debug_frame   0x0000000000001cf4       0x40 /home/arduino/ArduinoApps/medicion-distancia/.cache/sketch/core/core.a(threads.cpp.o)
 .debug_frame   0x0000000000001d34      0x39c /home/arduino/ArduinoApps/medicion-distancia/.cache/sketch/core/core.a(zephyrCommon.cpp.o)
 .debug_frame   0x00000000000020d0      0x210 /home/arduino/ArduinoApps/medicion-distancia/.cache/sketch/core/core.a(zephyrSerial.cpp.o)
